Archive member included to satisfy reference by file (symbol)

/Users/wualex/Documents/gcc-arm-none-eabi-9-2019-q4-major/bin/../lib/gcc/arm-none-eabi/9.2.1/thumb/v7e-m/nofp/libgcc.a(_arm_addsubdf3.o)
                              CMakeFiles/TryPortLiteOS.elf.dir/Middlewares/LiteOS/kernel/base/core/los_sys.c.obj (__aeabi_ui2d)
/Users/wualex/Documents/gcc-arm-none-eabi-9-2019-q4-major/bin/../lib/gcc/arm-none-eabi/9.2.1/thumb/v7e-m/nofp/libgcc.a(_arm_muldivdf3.o)
                              CMakeFiles/TryPortLiteOS.elf.dir/Middlewares/LiteOS/kernel/base/core/los_sys.c.obj (__aeabi_ddiv)
/Users/wualex/Documents/gcc-arm-none-eabi-9-2019-q4-major/bin/../lib/gcc/arm-none-eabi/9.2.1/thumb/v7e-m/nofp/libgcc.a(_aeabi_uldivmod.o)
                              CMakeFiles/TryPortLiteOS.elf.dir/Drivers/STM32L4xx_HAL_Driver/Src/stm32l4xx_hal_uart.c.obj (__aeabi_uldivmod)
/Users/wualex/Documents/gcc-arm-none-eabi-9-2019-q4-major/bin/../lib/gcc/arm-none-eabi/9.2.1/thumb/v7e-m/nofp/libgcc.a(_fixunsdfdi.o)
                              CMakeFiles/TryPortLiteOS.elf.dir/Middlewares/LiteOS/kernel/base/core/los_sys.c.obj (__aeabi_d2ulz)
/Users/wualex/Documents/gcc-arm-none-eabi-9-2019-q4-major/bin/../lib/gcc/arm-none-eabi/9.2.1/thumb/v7e-m/nofp/libgcc.a(_udivmoddi4.o)
                              /Users/wualex/Documents/gcc-arm-none-eabi-9-2019-q4-major/bin/../lib/gcc/arm-none-eabi/9.2.1/thumb/v7e-m/nofp/libgcc.a(_aeabi_uldivmod.o) (__udivmoddi4)
/Users/wualex/Documents/gcc-arm-none-eabi-9-2019-q4-major/bin/../lib/gcc/arm-none-eabi/9.2.1/thumb/v7e-m/nofp/libgcc.a(_dvmd_tls.o)
                              /Users/wualex/Documents/gcc-arm-none-eabi-9-2019-q4-major/bin/../lib/gcc/arm-none-eabi/9.2.1/thumb/v7e-m/nofp/libgcc.a(_aeabi_uldivmod.o) (__aeabi_ldiv0)
/Users/wualex/Documents/gcc-arm-none-eabi-9-2019-q4-major/bin/../lib/gcc/arm-none-eabi/9.2.1/thumb/v7e-m/nofp/libgcc.a(_arm_fixunsdfsi.o)
                              /Users/wualex/Documents/gcc-arm-none-eabi-9-2019-q4-major/bin/../lib/gcc/arm-none-eabi/9.2.1/thumb/v7e-m/nofp/libgcc.a(_fixunsdfdi.o) (__aeabi_d2uiz)
/Users/wualex/Documents/gcc-arm-none-eabi-9-2019-q4-major/bin/../lib/gcc/arm-none-eabi/9.2.1/../../../../arm-none-eabi/lib/thumb/v7e-m/nofp/libg_nano.a(lib_a-errno.o)
                              CMakeFiles/TryPortLiteOS.elf.dir/Src/syscalls.c.obj (__errno)
/Users/wualex/Documents/gcc-arm-none-eabi-9-2019-q4-major/bin/../lib/gcc/arm-none-eabi/9.2.1/../../../../arm-none-eabi/lib/thumb/v7e-m/nofp/libg_nano.a(lib_a-exit.o)
                              /Users/wualex/Documents/gcc-arm-none-eabi-9-2019-q4-major/bin/../lib/gcc/arm-none-eabi/9.2.1/../../../../arm-none-eabi/lib/thumb/v7e-m/nofp/crt0.o (exit)
/Users/wualex/Documents/gcc-arm-none-eabi-9-2019-q4-major/bin/../lib/gcc/arm-none-eabi/9.2.1/../../../../arm-none-eabi/lib/thumb/v7e-m/nofp/libg_nano.a(lib_a-impure.o)
                              /Users/wualex/Documents/gcc-arm-none-eabi-9-2019-q4-major/bin/../lib/gcc/arm-none-eabi/9.2.1/../../../../arm-none-eabi/lib/thumb/v7e-m/nofp/libg_nano.a(lib_a-exit.o) (_global_impure_ptr)
/Users/wualex/Documents/gcc-arm-none-eabi-9-2019-q4-major/bin/../lib/gcc/arm-none-eabi/9.2.1/../../../../arm-none-eabi/lib/thumb/v7e-m/nofp/libg_nano.a(lib_a-init.o)
                              /Users/wualex/Documents/gcc-arm-none-eabi-9-2019-q4-major/bin/../lib/gcc/arm-none-eabi/9.2.1/../../../../arm-none-eabi/lib/thumb/v7e-m/nofp/crt0.o (__libc_init_array)
/Users/wualex/Documents/gcc-arm-none-eabi-9-2019-q4-major/bin/../lib/gcc/arm-none-eabi/9.2.1/../../../../arm-none-eabi/lib/thumb/v7e-m/nofp/libg_nano.a(lib_a-memcpy-stub.o)
                              CMakeFiles/TryPortLiteOS.elf.dir/Middlewares/LiteOS/kernel/base/core/los_task.c.obj (memcpy)
/Users/wualex/Documents/gcc-arm-none-eabi-9-2019-q4-major/bin/../lib/gcc/arm-none-eabi/9.2.1/../../../../arm-none-eabi/lib/thumb/v7e-m/nofp/libg_nano.a(lib_a-memset.o)
                              /Users/wualex/Documents/gcc-arm-none-eabi-9-2019-q4-major/bin/../lib/gcc/arm-none-eabi/9.2.1/../../../../arm-none-eabi/lib/thumb/v7e-m/nofp/crt0.o (memset)
/Users/wualex/Documents/gcc-arm-none-eabi-9-2019-q4-major/bin/../lib/gcc/arm-none-eabi/9.2.1/../../../../arm-none-eabi/lib/thumb/v7e-m/nofp/libg_nano.a(lib_a-printf.o)
                              CMakeFiles/TryPortLiteOS.elf.dir/Middlewares/LiteOS/example/api/los_api_dynamic_mem.c.obj (printf)
/Users/wualex/Documents/gcc-arm-none-eabi-9-2019-q4-major/bin/../lib/gcc/arm-none-eabi/9.2.1/../../../../arm-none-eabi/lib/thumb/v7e-m/nofp/libg_nano.a(lib_a-putchar.o)
                              CMakeFiles/TryPortLiteOS.elf.dir/Middlewares/LiteOS/kernel/base/core/los_task.c.obj (putchar)
/Users/wualex/Documents/gcc-arm-none-eabi-9-2019-q4-major/bin/../lib/gcc/arm-none-eabi/9.2.1/../../../../arm-none-eabi/lib/thumb/v7e-m/nofp/libg_nano.a(lib_a-puts.o)
                              CMakeFiles/TryPortLiteOS.elf.dir/Src/main.c.obj (puts)
[...]
Memory Configuration

Name             Origin             Length             Attributes
RAM              0x0000000020000000 0x0000000000010000 xrw
FLASH            0x0000000008000000 0x0000000000040000 xr
*default*        0x0000000000000000 0xffffffffffffffff

Linker script and memory map

LOAD /Users/wualex/Documents/gcc-arm-none-eabi-9-2019-q4-major/bin/../lib/gcc/arm-none-eabi/9.2.1/thumb/v7e-m/nofp/crti.o
LOAD /Users/wualex/Documents/gcc-arm-none-eabi-9-2019-q4-major/bin/../lib/gcc/arm-none-eabi/9.2.1/thumb/v7e-m/nofp/crtbegin.o
LOAD /Users/wualex/Documents/gcc-arm-none-eabi-9-2019-q4-major/bin/../lib/gcc/arm-none-eabi/9.2.1/../../../../arm-none-eabi/lib/thumb/v7e-m/nofp/crt0.o
LOAD CMakeFiles/TryPortLiteOS.elf.dir/Drivers/STM32L4xx_HAL_Driver/Src/stm32l4xx_hal.c.obj
LOAD CMakeFiles/TryPortLiteOS.elf.dir/Drivers/STM32L4xx_HAL_Driver/Src/stm32l4xx_hal_cortex.c.obj
LOAD CMakeFiles/TryPortLiteOS.elf.dir/Drivers/STM32L4xx_HAL_Driver/Src/stm32l4xx_hal_dma.c.obj
LOAD CMakeFiles/TryPortLiteOS.elf.dir/Drivers/STM32L4xx_HAL_Driver/Src/stm32l4xx_hal_dma_ex.c.obj
LOAD CMakeFiles/TryPortLiteOS.elf.dir/Drivers/STM32L4xx_HAL_Driver/Src/stm32l4xx_hal_exti.c.obj
LOAD CMakeFiles/TryPortLiteOS.elf.dir/Drivers/STM32L4xx_HAL_Driver/Src/stm32l4xx_hal_flash.c.obj
LOAD CMakeFiles/TryPortLiteOS.elf.dir/Drivers/STM32L4xx_HAL_Driver/Src/stm32l4xx_hal_flash_ex.c.obj
LOAD CMakeFiles/TryPortLiteOS.elf.dir/Drivers/STM32L4xx_HAL_Driver/Src/stm32l4xx_hal_flash_ramfunc.c.obj
LOAD CMakeFiles/TryPortLiteOS.elf.dir/Drivers/STM32L4xx_HAL_Driver/Src/stm32l4xx_hal_gpio.c.obj
LOAD CMakeFiles/TryPortLiteOS.elf.dir/Drivers/STM32L4xx_HAL_Driver/Src/stm32l4xx_hal_i2c.c.obj
LOAD CMakeFiles/TryPortLiteOS.elf.dir/Drivers/STM32L4xx_HAL_Driver/Src/stm32l4xx_hal_i2c_ex.c.obj
LOAD CMakeFiles/TryPortLiteOS.elf.dir/Drivers/STM32L4xx_HAL_Driver/Src/stm32l4xx_hal_pwr.c.obj
LOAD CMakeFiles/TryPortLiteOS.elf.dir/Drivers/STM32L4xx_HAL_Driver/Src/stm32l4xx_hal_pwr_ex.c.obj
LOAD CMakeFiles/TryPortLiteOS.elf.dir/Drivers/STM32L4xx_HAL_Driver/Src/stm32l4xx_hal_rcc.c.obj
LOAD CMakeFiles/TryPortLiteOS.elf.dir/Drivers/STM32L4xx_HAL_Driver/Src/stm32l4xx_hal_rcc_ex.c.obj
LOAD CMakeFiles/TryPortLiteOS.elf.dir/Drivers/STM32L4xx_HAL_Driver/Src/stm32l4xx_hal_tim.c.obj
LOAD CMakeFiles/TryPortLiteOS.elf.dir/Drivers/STM32L4xx_HAL_Driver/Src/stm32l4xx_hal_tim_ex.c.obj
LOAD CMakeFiles/TryPortLiteOS.elf.dir/Drivers/STM32L4xx_HAL_Driver/Src/stm32l4xx_hal_uart.c.obj
LOAD CMakeFiles/TryPortLiteOS.elf.dir/Drivers/STM32L4xx_HAL_Driver/Src/stm32l4xx_hal_uart_ex.c.obj
LOAD CMakeFiles/TryPortLiteOS.elf.dir/Src/gpio.c.obj
LOAD CMakeFiles/TryPortLiteOS.elf.dir/Src/main.c.obj
LOAD CMakeFiles/TryPortLiteOS.elf.dir/Src/stm32l4xx_hal_msp.c.obj
LOAD CMakeFiles/TryPortLiteOS.elf.dir/Src/stm32l4xx_it.c.obj
LOAD CMakeFiles/TryPortLiteOS.elf.dir/Src/sys.c.obj
LOAD CMakeFiles/TryPortLiteOS.elf.dir/Src/syscalls.c.obj
LOAD CMakeFiles/TryPortLiteOS.elf.dir/Src/system_stm32l4xx.c.obj
LOAD CMakeFiles/TryPortLiteOS.elf.dir/Src/usart.c.obj
LOAD CMakeFiles/TryPortLiteOS.elf.dir/startup/startup_stm32l431xx.s.obj
LOAD CMakeFiles/TryPortLiteOS.elf.dir/Middlewares/LiteOS/arch/arm/arm-m/cortex-m4/gcc/los_dispatch_gcc.S.obj
LOAD CMakeFiles/TryPortLiteOS.elf.dir/Middlewares/LiteOS/arch/arm/arm-m/src/los_hw.c.obj
LOAD CMakeFiles/TryPortLiteOS.elf.dir/Middlewares/LiteOS/arch/arm/arm-m/src/los_hw_tick.c.obj
LOAD CMakeFiles/TryPortLiteOS.elf.dir/Middlewares/LiteOS/arch/arm/arm-m/src/los_hwi.c.obj
LOAD CMakeFiles/TryPortLiteOS.elf.dir/Middlewares/LiteOS/example/api/los_api_dynamic_mem.c.obj
LOAD CMakeFiles/TryPortLiteOS.elf.dir/Middlewares/LiteOS/example/api/los_api_event.c.obj
LOAD CMakeFiles/TryPortLiteOS.elf.dir/Middlewares/LiteOS/example/api/los_api_interrupt.c.obj
LOAD CMakeFiles/TryPortLiteOS.elf.dir/Middlewares/LiteOS/example/api/los_api_list.c.obj
LOAD CMakeFiles/TryPortLiteOS.elf.dir/Middlewares/LiteOS/example/api/los_api_msgqueue.c.obj
LOAD CMakeFiles/TryPortLiteOS.elf.dir/Middlewares/LiteOS/example/api/los_api_mutex.c.obj
LOAD CMakeFiles/TryPortLiteOS.elf.dir/Middlewares/LiteOS/example/api/los_api_sem.c.obj
LOAD CMakeFiles/TryPortLiteOS.elf.dir/Middlewares/LiteOS/example/api/los_api_static_mem.c.obj
LOAD CMakeFiles/TryPortLiteOS.elf.dir/Middlewares/LiteOS/example/api/los_api_systick.c.obj
LOAD CMakeFiles/TryPortLiteOS.elf.dir/Middlewares/LiteOS/example/api/los_api_task.c.obj
LOAD CMakeFiles/TryPortLiteOS.elf.dir/Middlewares/LiteOS/example/api/los_api_timer.c.obj
LOAD CMakeFiles/TryPortLiteOS.elf.dir/Middlewares/LiteOS/example/api/los_demo_entry.c.obj
LOAD CMakeFiles/TryPortLiteOS.elf.dir/Middlewares/LiteOS/example/api/los_inspect_entry.c.obj
LOAD CMakeFiles/TryPortLiteOS.elf.dir/Middlewares/LiteOS/kernel/base/core/los_priqueue.c.obj
LOAD CMakeFiles/TryPortLiteOS.elf.dir/Middlewares/LiteOS/kernel/base/core/los_swtmr.c.obj
LOAD CMakeFiles/TryPortLiteOS.elf.dir/Middlewares/LiteOS/kernel/base/core/los_sys.c.obj
LOAD CMakeFiles/TryPortLiteOS.elf.dir/Middlewares/LiteOS/kernel/base/core/los_task.c.obj
LOAD CMakeFiles/TryPortLiteOS.elf.dir/Middlewares/LiteOS/kernel/base/core/los_tick.c.obj
LOAD CMakeFiles/TryPortLiteOS.elf.dir/Middlewares/LiteOS/kernel/base/core/los_timeslice.c.obj
LOAD CMakeFiles/TryPortLiteOS.elf.dir/Middlewares/LiteOS/kernel/base/ipc/los_event.c.obj
LOAD CMakeFiles/TryPortLiteOS.elf.dir/Middlewares/LiteOS/kernel/base/ipc/los_mux.c.obj
LOAD CMakeFiles/TryPortLiteOS.elf.dir/Middlewares/LiteOS/kernel/base/ipc/los_queue.c.obj
LOAD CMakeFiles/TryPortLiteOS.elf.dir/Middlewares/LiteOS/kernel/base/ipc/los_sem.c.obj
LOAD CMakeFiles/TryPortLiteOS.elf.dir/Middlewares/LiteOS/kernel/base/mem/bestfit_little/los_heap.c.obj
LOAD CMakeFiles/TryPortLiteOS.elf.dir/Middlewares/LiteOS/kernel/base/mem/bestfit_little/los_memory.c.obj
LOAD CMakeFiles/TryPortLiteOS.elf.dir/Middlewares/LiteOS/kernel/base/mem/common/los_memcheck.c.obj
LOAD CMakeFiles/TryPortLiteOS.elf.dir/Middlewares/LiteOS/kernel/base/mem/common/los_memstat.c.obj
LOAD CMakeFiles/TryPortLiteOS.elf.dir/Middlewares/LiteOS/kernel/base/mem/common/los_slab.c.obj
LOAD CMakeFiles/TryPortLiteOS.elf.dir/Middlewares/LiteOS/kernel/base/mem/common/los_slabmem.c.obj
LOAD CMakeFiles/TryPortLiteOS.elf.dir/Middlewares/LiteOS/kernel/base/mem/membox/los_membox.c.obj
LOAD CMakeFiles/TryPortLiteOS.elf.dir/Middlewares/LiteOS/kernel/base/misc/los_misc.c.obj
LOAD CMakeFiles/TryPortLiteOS.elf.dir/Middlewares/LiteOS/kernel/base/om/los_err.c.obj
LOAD CMakeFiles/TryPortLiteOS.elf.dir/Middlewares/LiteOS/kernel/extended/tickless/los_tickless.c.obj
LOAD CMakeFiles/TryPortLiteOS.elf.dir/Middlewares/LiteOS/kernel/los_init.c.obj
START GROUP
LOAD /Users/wualex/Documents/gcc-arm-none-eabi-9-2019-q4-major/bin/../lib/gcc/arm-none-eabi/9.2.1/thumb/v7e-m/nofp/libgcc.a
LOAD /Users/wualex/Documents/gcc-arm-none-eabi-9-2019-q4-major/bin/../lib/gcc/arm-none-eabi/9.2.1/../../../../arm-none-eabi/lib/thumb/v7e-m/nofp/libg_nano.a
LOAD /Users/wualex/Documents/gcc-arm-none-eabi-9-2019-q4-major/bin/../lib/gcc/arm-none-eabi/9.2.1/../../../../arm-none-eabi/lib/thumb/v7e-m/nofp/libc_nano.a
END GROUP
START GROUP
LOAD /Users/wualex/Documents/gcc-arm-none-eabi-9-2019-q4-major/bin/../lib/gcc/arm-none-eabi/9.2.1/thumb/v7e-m/nofp/libgcc.a
LOAD /Users/wualex/Documents/gcc-arm-none-eabi-9-2019-q4-major/bin/../lib/gcc/arm-none-eabi/9.2.1/../../../../arm-none-eabi/lib/thumb/v7e-m/nofp/libc_nano.a
LOAD /Users/wualex/Documents/gcc-arm-none-eabi-9-2019-q4-major/bin/../lib/gcc/arm-none-eabi/9.2.1/../../../../arm-none-eabi/lib/thumb/v7e-m/nofp/libnosys.a
END GROUP
START GROUP
LOAD /Users/wualex/Documents/gcc-arm-none-eabi-9-2019-q4-major/bin/../lib/gcc/arm-none-eabi/9.2.1/thumb/v7e-m/nofp/libgcc.a
LOAD /Users/wualex/Documents/gcc-arm-none-eabi-9-2019-q4-major/bin/../lib/gcc/arm-none-eabi/9.2.1/../../../../arm-none-eabi/lib/thumb/v7e-m/nofp/libc_nano.a
LOAD /Users/wualex/Documents/gcc-arm-none-eabi-9-2019-q4-major/bin/../lib/gcc/arm-none-eabi/9.2.1/../../../../arm-none-eabi/lib/thumb/v7e-m/nofp/libnosys.a
END GROUP
LOAD /Users/wualex/Documents/gcc-arm-none-eabi-9-2019-q4-major/bin/../lib/gcc/arm-none-eabi/9.2.1/thumb/v7e-m/nofp/crtend.o
LOAD /Users/wualex/Documents/gcc-arm-none-eabi-9-2019-q4-major/bin/../lib/gcc/arm-none-eabi/9.2.1/thumb/v7e-m/nofp/crtn.o
                0x0000000020010000                _estack = 0x20010000
                0x0000000000000200                _Min_Heap_Size = 0x200
                0x0000000000000400                _Min_Stack_Size = 0x400

.isr_vector     0x0000000008000000      0x190
                0x0000000008000000                . = ALIGN (0x8)
 *(.isr_vector)
 .isr_vector    0x0000000008000000      0x18c CMakeFiles/TryPortLiteOS.elf.dir/startup/startup_stm32l431xx.s.obj
                0x0000000008000000                g_pfnVectors
                0x0000000008000190                . = ALIGN (0x8)
 *fill*         0x000000000800018c        0x4 

.text           0x0000000008000190     0x95f0
                0x0000000008000190                . = ALIGN (0x8)
 *(.text)
 .text          0x0000000008000190       0x40 /Users/wualex/Documents/gcc-arm-none-eabi-9-2019-q4-major/bin/../lib/gcc/arm-none-eabi/9.2.1/thumb/v7e-m/nofp/crtbegin.o
 .text          0x00000000080001d0       0xcc CMakeFiles/TryPortLiteOS.elf.dir/Middlewares/LiteOS/arch/arm/arm-m/cortex-m4/gcc/los_dispatch_gcc.S.obj
                0x00000000080001d0                LOS_StartToRun
                0x0000000008000218                LOS_IntLock
                0x0000000008000220                LOS_IntUnLock
                0x0000000008000228                LOS_IntRestore
                0x000000000800022e                osTaskSchedule
                0x0000000008000238                PendSV_Handler
 .text          0x000000000800029c       0x30 /Users/wualex/Documents/gcc-arm-none-eabi-9-2019-q4-major/bin/../lib/gcc/arm-none-eabi/9.2.1/thumb/v7e-m/nofp/libgcc.a(_aeabi_uldivmod.o)
                0x000000000800029c                __aeabi_uldivmod
 .text          0x00000000080002cc      0x2c0 /Users/wualex/Documents/gcc-arm-none-eabi-9-2019-q4-major/bin/../lib/gcc/arm-none-eabi/9.2.1/thumb/v7e-m/nofp/libgcc.a(_udivmoddi4.o)
                0x00000000080002cc                __udivmoddi4
 .text          0x000000000800058c        0x4 /Users/wualex/Documents/gcc-arm-none-eabi-9-2019-q4-major/bin/../lib/gcc/arm-none-eabi/9.2.1/thumb/v7e-m/nofp/libgcc.a(_dvmd_tls.o)
                0x000000000800058c                __aeabi_ldiv0
                0x000000000800058c                __aeabi_idiv0
 .text          0x0000000008000590       0xa0 /Users/wualex/Documents/gcc-arm-none-eabi-9-2019-q4-major/bin/../lib/gcc/arm-none-eabi/9.2.1/../../../../arm-none-eabi/lib/thumb/v7e-m/nofp/libg_nano.a(lib_a-memchr.o)
                0x0000000008000590                memchr
 *(.text*)
 .text.HAL_Init
                0x0000000008000630       0x30 CMakeFiles/TryPortLiteOS.elf.dir/Drivers/STM32L4xx_HAL_Driver/Src/stm32l4xx_hal.c.obj
                0x0000000008000630                HAL_Init
 .text.HAL_InitTick
                0x0000000008000660       0x74 CMakeFiles/TryPortLiteOS.elf.dir/Drivers/STM32L4xx_HAL_Driver/Src/stm32l4xx_hal.c.obj
                0x0000000008000660                HAL_InitTick
 .text.HAL_GetTick
                0x00000000080006d4       0x14 CMakeFiles/TryPortLiteOS.elf.dir/Drivers/STM32L4xx_HAL_Driver/Src/stm32l4xx_hal.c.obj
                0x00000000080006d4                HAL_GetTick
 .text.__NVIC_SetPriorityGrouping
                0x00000000080006e8       0x48 CMakeFiles/TryPortLiteOS.elf.dir/Drivers/STM32L4xx_HAL_Driver/Src/stm32l4xx_hal_cortex.c.obj
 .text.__NVIC_GetPriorityGrouping
                0x0000000008000730       0x1c CMakeFiles/TryPortLiteOS.elf.dir/Drivers/STM32L4xx_HAL_Driver/Src/stm32l4xx_hal_cortex.c.obj
 .text.__NVIC_SetPriority
                0x000000000800074c       0x54 CMakeFiles/TryPortLiteOS.elf.dir/Drivers/STM32L4xx_HAL_Driver/Src/stm32l4xx_hal_cortex.c.obj
 .text.NVIC_EncodePriority
                0x00000000080007a0       0x64 CMakeFiles/TryPortLiteOS.elf.dir/Drivers/STM32L4xx_HAL_Driver/Src/stm32l4xx_hal_cortex.c.obj
 .text.SysTick_Config
                0x0000000008000804       0x44 CMakeFiles/TryPortLiteOS.elf.dir/Drivers/STM32L4xx_HAL_Driver/Src/stm32l4xx_hal_cortex.c.obj
 .text.HAL_NVIC_SetPriorityGrouping
                0x0000000008000848       0x16 CMakeFiles/TryPortLiteOS.elf.dir/Drivers/STM32L4xx_HAL_Driver/Src/stm32l4xx_hal_cortex.c.obj
                0x0000000008000848                HAL_NVIC_SetPriorityGrouping
 .text.HAL_NVIC_SetPriority
                0x000000000800085e       0x38 CMakeFiles/TryPortLiteOS.elf.dir/Drivers/STM32L4xx_HAL_Driver/Src/stm32l4xx_hal_cortex.c.obj
                0x000000000800085e                HAL_NVIC_SetPriority
 .text.HAL_SYSTICK_Config
                0x0000000008000896       0x18 CMakeFiles/TryPortLiteOS.elf.dir/Drivers/STM32L4xx_HAL_Driver/Src/stm32l4xx_hal_cortex.c.obj
                0x0000000008000896                HAL_SYSTICK_Config
 *fill*         0x00000000080008ae        0x2 
 .text.HAL_GPIO_Init
                0x00000000080008b0      0x2f4 CMakeFiles/TryPortLiteOS.elf.dir/Drivers/STM32L4xx_HAL_Driver/Src/stm32l4xx_hal_gpio.c.obj
                0x00000000080008b0                HAL_GPIO_Init
 .text.HAL_PWREx_GetVoltageRange
                0x0000000008000ba4       0x18 CMakeFiles/TryPortLiteOS.elf.dir/Drivers/STM32L4xx_HAL_Driver/Src/stm32l4xx_hal_pwr_ex.c.obj
                0x0000000008000ba4                HAL_PWREx_GetVoltageRange
 .text.HAL_PWREx_ControlVoltageScaling
                0x0000000008000bbc       0xa8 CMakeFiles/TryPortLiteOS.elf.dir/Drivers/STM32L4xx_HAL_Driver/Src/stm32l4xx_hal_pwr_ex.c.obj
                0x0000000008000bbc                HAL_PWREx_ControlVoltageScaling
 .text.HAL_RCC_OscConfig
                0x0000000008000c64      0x7dc CMakeFiles/TryPortLiteOS.elf.dir/Drivers/STM32L4xx_HAL_Driver/Src/stm32l4xx_hal_rcc.c.obj
                0x0000000008000c64                HAL_RCC_OscConfig
 .text.HAL_RCC_ClockConfig
                0x0000000008001440      0x1c4 CMakeFiles/TryPortLiteOS.elf.dir/Drivers/STM32L4xx_HAL_Driver/Src/stm32l4xx_hal_rcc.c.obj
                0x0000000008001440                HAL_RCC_ClockConfig
 .text.HAL_RCC_GetSysClockFreq
                0x0000000008001604      0x114 CMakeFiles/TryPortLiteOS.elf.dir/Drivers/STM32L4xx_HAL_Driver/Src/stm32l4xx_hal_rcc.c.obj
                0x0000000008001604                HAL_RCC_GetSysClockFreq
 .text.HAL_RCC_GetHCLKFreq
                0x0000000008001718       0x14 CMakeFiles/TryPortLiteOS.elf.dir/Drivers/STM32L4xx_HAL_Driver/Src/stm32l4xx_hal_rcc.c.obj
                0x0000000008001718                HAL_RCC_GetHCLKFreq
 .text.HAL_RCC_GetPCLK1Freq
                0x000000000800172c       0x2c CMakeFiles/TryPortLiteOS.elf.dir/Drivers/STM32L4xx_HAL_Driver/Src/stm32l4xx_hal_rcc.c.obj
                0x000000000800172c                HAL_RCC_GetPCLK1Freq
 .text.HAL_RCC_GetPCLK2Freq
                0x0000000008001758       0x2c CMakeFiles/TryPortLiteOS.elf.dir/Drivers/STM32L4xx_HAL_Driver/Src/stm32l4xx_hal_rcc.c.obj
                0x0000000008001758                HAL_RCC_GetPCLK2Freq
 .text.RCC_SetFlashLatencyFromMSIRange
                0x0000000008001784       0xc0 CMakeFiles/TryPortLiteOS.elf.dir/Drivers/STM32L4xx_HAL_Driver/Src/stm32l4xx_hal_rcc.c.obj
 .text.HAL_RCCEx_PeriphCLKConfig
                0x0000000008001844      0x430 CMakeFiles/TryPortLiteOS.elf.dir/Drivers/STM32L4xx_HAL_Driver/Src/stm32l4xx_hal_rcc_ex.c.obj
                0x0000000008001844                HAL_RCCEx_PeriphCLKConfig
 .text.RCCEx_PLLSAI1_Config
                0x0000000008001c74      0x1e4 CMakeFiles/TryPortLiteOS.elf.dir/Drivers/STM32L4xx_HAL_Driver/Src/stm32l4xx_hal_rcc_ex.c.obj
 .text.HAL_UART_Init
                0x0000000008001e58       0x9c CMakeFiles/TryPortLiteOS.elf.dir/Drivers/STM32L4xx_HAL_Driver/Src/stm32l4xx_hal_uart.c.obj
                0x0000000008001e58                HAL_UART_Init
 .text.HAL_UART_Transmit
                0x0000000008001ef4      0x126 CMakeFiles/TryPortLiteOS.elf.dir/Drivers/STM32L4xx_HAL_Driver/Src/stm32l4xx_hal_uart.c.obj
                0x0000000008001ef4                HAL_UART_Transmit
 *fill*         0x000000000800201a        0x2 
 .text.UART_SetConfig
                0x000000000800201c      0x61c CMakeFiles/TryPortLiteOS.elf.dir/Drivers/STM32L4xx_HAL_Driver/Src/stm32l4xx_hal_uart.c.obj
                0x000000000800201c                UART_SetConfig
 .text.UART_AdvFeatureConfig
                0x0000000008002638      0x142 CMakeFiles/TryPortLiteOS.elf.dir/Drivers/STM32L4xx_HAL_Driver/Src/stm32l4xx_hal_uart.c.obj
                0x0000000008002638                UART_AdvFeatureConfig
 .text.UART_CheckIdleState
                0x000000000800277a       0x8a CMakeFiles/TryPortLiteOS.elf.dir/Drivers/STM32L4xx_HAL_Driver/Src/stm32l4xx_hal_uart.c.obj
                0x000000000800277a                UART_CheckIdleState
 .text.UART_WaitOnFlagUntilTimeout
                0x0000000008002804       0x90 CMakeFiles/TryPortLiteOS.elf.dir/Drivers/STM32L4xx_HAL_Driver/Src/stm32l4xx_hal_uart.c.obj
                0x0000000008002804                UART_WaitOnFlagUntilTimeout
 .text.MX_GPIO_Init
                0x0000000008002894       0x5c CMakeFiles/TryPortLiteOS.elf.dir/Src/gpio.c.obj
                0x0000000008002894                MX_GPIO_Init
 .text._write   0x00000000080028f0       0x2c CMakeFiles/TryPortLiteOS.elf.dir/Src/main.c.obj
                0x00000000080028f0                _write
 .text.main     0x000000000800291c       0x50 CMakeFiles/TryPortLiteOS.elf.dir/Src/main.c.obj
                0x000000000800291c                main
 .text.SystemClock_Config
                0x000000000800296c       0xd6 CMakeFiles/TryPortLiteOS.elf.dir/Src/main.c.obj
                0x000000000800296c                SystemClock_Config
 .text.Error_Handler
                0x0000000008002a42        0xc CMakeFiles/TryPortLiteOS.elf.dir/Src/main.c.obj
                0x0000000008002a42                Error_Handler
 *fill*         0x0000000008002a4e        0x2 
 .text.HAL_MspInit
                0x0000000008002a50       0x44 CMakeFiles/TryPortLiteOS.elf.dir/Src/stm32l4xx_hal_msp.c.obj
                0x0000000008002a50                HAL_MspInit
 .text.NMI_Handler
                0x0000000008002a94        0xc CMakeFiles/TryPortLiteOS.elf.dir/Src/stm32l4xx_it.c.obj
                0x0000000008002a94                NMI_Handler
 .text.HardFault_Handler
                0x0000000008002aa0        0x6 CMakeFiles/TryPortLiteOS.elf.dir/Src/stm32l4xx_it.c.obj
                0x0000000008002aa0                HardFault_Handler
 .text.MemManage_Handler
                0x0000000008002aa6        0x6 CMakeFiles/TryPortLiteOS.elf.dir/Src/stm32l4xx_it.c.obj
                0x0000000008002aa6                MemManage_Handler
 .text.BusFault_Handler
                0x0000000008002aac        0x6 CMakeFiles/TryPortLiteOS.elf.dir/Src/stm32l4xx_it.c.obj
                0x0000000008002aac                BusFault_Handler
 .text.UsageFault_Handler
                0x0000000008002ab2        0x6 CMakeFiles/TryPortLiteOS.elf.dir/Src/stm32l4xx_it.c.obj
                0x0000000008002ab2                UsageFault_Handler
 .text.SVC_Handler
                0x0000000008002ab8        0xc CMakeFiles/TryPortLiteOS.elf.dir/Src/stm32l4xx_it.c.obj
                0x0000000008002ab8                SVC_Handler
 .text.DebugMon_Handler
                0x0000000008002ac4        0xc CMakeFiles/TryPortLiteOS.elf.dir/Src/stm32l4xx_it.c.obj
                0x0000000008002ac4                DebugMon_Handler
 .text._read    0x0000000008002ad0       0x3a CMakeFiles/TryPortLiteOS.elf.dir/Src/syscalls.c.obj
                0x0000000008002ad0                _read
 *fill*         0x0000000008002b0a        0x2 
 .text._sbrk    0x0000000008002b0c       0x58 CMakeFiles/TryPortLiteOS.elf.dir/Src/syscalls.c.obj
                0x0000000008002b0c                _sbrk
 .text._close   0x0000000008002b64       0x16 CMakeFiles/TryPortLiteOS.elf.dir/Src/syscalls.c.obj
                0x0000000008002b64                _close
 .text._fstat   0x0000000008002b7a       0x1e CMakeFiles/TryPortLiteOS.elf.dir/Src/syscalls.c.obj
                0x0000000008002b7a                _fstat
 .text._isatty  0x0000000008002b98       0x14 CMakeFiles/TryPortLiteOS.elf.dir/Src/syscalls.c.obj
                0x0000000008002b98                _isatty
 .text._lseek   0x0000000008002bac       0x18 CMakeFiles/TryPortLiteOS.elf.dir/Src/syscalls.c.obj
                0x0000000008002bac                _lseek
 .text.SystemInit
                0x0000000008002bc4       0x58 CMakeFiles/TryPortLiteOS.elf.dir/Src/system_stm32l4xx.c.obj
                0x0000000008002bc4                SystemInit
 .text.MX_USART1_UART_Init
                0x0000000008002c1c       0x60 CMakeFiles/TryPortLiteOS.elf.dir/Src/usart.c.obj
                0x0000000008002c1c                MX_USART1_UART_Init
 .text.HAL_UART_MspInit
                0x0000000008002c7c       0x88 CMakeFiles/TryPortLiteOS.elf.dir/Src/usart.c.obj
                0x0000000008002c7c                HAL_UART_MspInit
 .text.Reset_Handler
                0x0000000008002d04       0x50 CMakeFiles/TryPortLiteOS.elf.dir/startup/startup_stm32l431xx.s.obj
                0x0000000008002d04                Reset_Handler
 .text.Default_Handler
                0x0000000008002d54        0x2 CMakeFiles/TryPortLiteOS.elf.dir/startup/startup_stm32l431xx.s.obj
                0x0000000008002d54                TIM1_BRK_TIM15_IRQHandler
                0x0000000008002d54                EXTI2_IRQHandler
                0x0000000008002d54                TIM1_CC_IRQHandler
                0x0000000008002d54                TSC_IRQHandler
                0x0000000008002d54                TAMP_STAMP_IRQHandler
                0x0000000008002d54                EXTI3_IRQHandler
                0x0000000008002d54                LPTIM2_IRQHandler
                0x0000000008002d54                I2C3_ER_IRQHandler
                0x0000000008002d54                EXTI0_IRQHandler
                0x0000000008002d54                I2C2_EV_IRQHandler
                0x0000000008002d54                CAN1_RX0_IRQHandler
                0x0000000008002d54                FPU_IRQHandler
                0x0000000008002d54                TIM1_UP_TIM16_IRQHandler
                0x0000000008002d54                SPI1_IRQHandler
                0x0000000008002d54                TIM6_DAC_IRQHandler
                0x0000000008002d54                DMA2_Channel2_IRQHandler
                0x0000000008002d54                DMA1_Channel4_IRQHandler
                0x0000000008002d54                ADC1_IRQHandler
                0x0000000008002d54                USART3_IRQHandler
                0x0000000008002d54                DMA1_Channel7_IRQHandler
                0x0000000008002d54                CAN1_RX1_IRQHandler
                0x0000000008002d54                DMA2_Channel1_IRQHandler
                0x0000000008002d54                QUADSPI_IRQHandler
                0x0000000008002d54                I2C1_EV_IRQHandler
                0x0000000008002d54                DMA1_Channel6_IRQHandler
                0x0000000008002d54                DMA2_Channel4_IRQHandler
                0x0000000008002d54                RCC_IRQHandler
                0x0000000008002d54                TIM1_TRG_COM_IRQHandler
                0x0000000008002d54                DMA1_Channel1_IRQHandler
                0x0000000008002d54                Default_Handler
                0x0000000008002d54                DMA2_Channel7_IRQHandler
                0x0000000008002d54                EXTI15_10_IRQHandler
                0x0000000008002d54                TIM7_IRQHandler
                0x0000000008002d54                SDMMC1_IRQHandler
                0x0000000008002d54                I2C3_EV_IRQHandler
                0x0000000008002d54                EXTI9_5_IRQHandler
                0x0000000008002d54                RTC_WKUP_IRQHandler
                0x0000000008002d54                PVD_PVM_IRQHandler
                0x0000000008002d54                SPI2_IRQHandler
                0x0000000008002d54                CAN1_TX_IRQHandler
                0x0000000008002d54                DMA2_Channel5_IRQHandler
                0x0000000008002d54                CRS_IRQHandler
                0x0000000008002d54                DMA1_Channel5_IRQHandler
                0x0000000008002d54                EXTI4_IRQHandler
                0x0000000008002d54                RNG_IRQHandler
                0x0000000008002d54                DMA1_Channel3_IRQHandler
                0x0000000008002d54                COMP_IRQHandler
                0x0000000008002d54                WWDG_IRQHandler
                0x0000000008002d54                LPUART1_IRQHandler
                0x0000000008002d54                DMA2_Channel6_IRQHandler
                0x0000000008002d54                TIM2_IRQHandler
                0x0000000008002d54                EXTI1_IRQHandler
                0x0000000008002d54                USART2_IRQHandler
                0x0000000008002d54                I2C2_ER_IRQHandler
                0x0000000008002d54                DMA1_Channel2_IRQHandler
                0x0000000008002d54                CAN1_SCE_IRQHandler
                0x0000000008002d54                FLASH_IRQHandler
                0x0000000008002d54                USART1_IRQHandler
                0x0000000008002d54                SPI3_IRQHandler
                0x0000000008002d54                I2C1_ER_IRQHandler
                0x0000000008002d54                SWPMI1_IRQHandler
                0x0000000008002d54                LPTIM1_IRQHandler
                0x0000000008002d54                SAI1_IRQHandler
                0x0000000008002d54                DMA2_Channel3_IRQHandler
                0x0000000008002d54                RTC_Alarm_IRQHandler
 .text.osSchedule
                0x0000000008002d56        0xc CMakeFiles/TryPortLiteOS.elf.dir/Middlewares/LiteOS/arch/arm/arm-m/src/los_hw.c.obj
                0x0000000008002d56                osSchedule
 *fill*         0x0000000008002d62        0x2 
 .text.LOS_Schedule
                0x0000000008002d64       0x4c CMakeFiles/TryPortLiteOS.elf.dir/Middlewares/LiteOS/arch/arm/arm-m/src/los_hw.c.obj
                0x0000000008002d64                LOS_Schedule
 .text.osTaskExit
                0x0000000008002db0        0xa CMakeFiles/TryPortLiteOS.elf.dir/Middlewares/LiteOS/arch/arm/arm-m/src/los_hw.c.obj
                0x0000000008002db0                osTaskExit
 *fill*         0x0000000008002dba        0x2 
 .text.osTskStackInit
                0x0000000008002dbc       0xbc CMakeFiles/TryPortLiteOS.elf.dir/Middlewares/LiteOS/arch/arm/arm-m/src/los_hw.c.obj
                0x0000000008002dbc                osTskStackInit
 .text.__NVIC_SetPriority
                0x0000000008002e78       0x54 CMakeFiles/TryPortLiteOS.elf.dir/Middlewares/LiteOS/arch/arm/arm-m/src/los_hw_tick.c.obj
 .text.SysTick_Config
                0x0000000008002ecc       0x44 CMakeFiles/TryPortLiteOS.elf.dir/Middlewares/LiteOS/arch/arm/arm-m/src/los_hw_tick.c.obj
 .text.osTickStart
                0x0000000008002f10       0x84 CMakeFiles/TryPortLiteOS.elf.dir/Middlewares/LiteOS/arch/arm/arm-m/src/los_hw_tick.c.obj
                0x0000000008002f10                osTickStart
 .text.osIntNumGet
                0x0000000008002f94       0x18 CMakeFiles/TryPortLiteOS.elf.dir/Middlewares/LiteOS/arch/arm/arm-m/src/los_hwi.c.obj
                0x0000000008002f94                osIntNumGet
 .text.SysTick_Handler
                0x0000000008002fac       0x30 CMakeFiles/TryPortLiteOS.elf.dir/Middlewares/LiteOS/arch/arm/arm-m/src/los_hwi.c.obj
                0x0000000008002fac                SysTick_Handler
 .text.Example_Dyn_Mem
                0x0000000008002fdc       0xe0 CMakeFiles/TryPortLiteOS.elf.dir/Middlewares/LiteOS/example/api/los_api_dynamic_mem.c.obj
                0x0000000008002fdc                Example_Dyn_Mem
 .text.Example_Event
                0x00000000080030bc       0x80 CMakeFiles/TryPortLiteOS.elf.dir/Middlewares/LiteOS/example/api/los_api_event.c.obj
                0x00000000080030bc                Example_Event
 .text.Example_SndRcvEvent
                0x000000000800313c       0xcc CMakeFiles/TryPortLiteOS.elf.dir/Middlewares/LiteOS/example/api/los_api_event.c.obj
                0x000000000800313c                Example_SndRcvEvent
 .text.LOS_ListInit
                0x0000000008003208       0x1e CMakeFiles/TryPortLiteOS.elf.dir/Middlewares/LiteOS/example/api/los_api_list.c.obj
 .text.LOS_ListAdd
                0x0000000008003226       0x30 CMakeFiles/TryPortLiteOS.elf.dir/Middlewares/LiteOS/example/api/los_api_list.c.obj
 .text.LOS_ListTailInsert
                0x0000000008003256       0x1e CMakeFiles/TryPortLiteOS.elf.dir/Middlewares/LiteOS/example/api/los_api_list.c.obj
 .text.LOS_ListDelete
                0x0000000008003274       0x32 CMakeFiles/TryPortLiteOS.elf.dir/Middlewares/LiteOS/example/api/los_api_list.c.obj
 .text.LOS_ListEmpty
                0x00000000080032a6       0x22 CMakeFiles/TryPortLiteOS.elf.dir/Middlewares/LiteOS/example/api/los_api_list.c.obj
 .text.Example_list
                0x00000000080032c8      0x1a8 CMakeFiles/TryPortLiteOS.elf.dir/Middlewares/LiteOS/example/api/los_api_list.c.obj
                0x00000000080032c8                Example_list
 .text.send_Entry
                0x0000000008003470       0x6c CMakeFiles/TryPortLiteOS.elf.dir/Middlewares/LiteOS/example/api/los_api_msgqueue.c.obj
 .text.recv_Entry
                0x00000000080034dc       0xbc CMakeFiles/TryPortLiteOS.elf.dir/Middlewares/LiteOS/example/api/los_api_msgqueue.c.obj
 .text.Example_MsgQueue
                0x0000000008003598       0xc0 CMakeFiles/TryPortLiteOS.elf.dir/Middlewares/LiteOS/example/api/los_api_msgqueue.c.obj
                0x0000000008003598                Example_MsgQueue
 .text.Example_MutexTask1
                0x0000000008003658       0xa8 CMakeFiles/TryPortLiteOS.elf.dir/Middlewares/LiteOS/example/api/los_api_mutex.c.obj
 .text.Example_MutexTask2
                0x0000000008003700       0x64 CMakeFiles/TryPortLiteOS.elf.dir/Middlewares/LiteOS/example/api/los_api_mutex.c.obj
 .text.Example_MutexLock
                0x0000000008003764       0xcc CMakeFiles/TryPortLiteOS.elf.dir/Middlewares/LiteOS/example/api/los_api_mutex.c.obj
                0x0000000008003764                Example_MutexLock
 .text.Example_SemTask1
                0x0000000008003830       0x9c CMakeFiles/TryPortLiteOS.elf.dir/Middlewares/LiteOS/example/api/los_api_sem.c.obj
 .text.Example_SemTask2
                0x00000000080038cc       0x58 CMakeFiles/TryPortLiteOS.elf.dir/Middlewares/LiteOS/example/api/los_api_sem.c.obj
 .text.Example_Semphore
                0x0000000008003924       0xf8 CMakeFiles/TryPortLiteOS.elf.dir/Middlewares/LiteOS/example/api/los_api_sem.c.obj
                0x0000000008003924                Example_Semphore
 .text.Example_StaticMem
                0x0000000008003a1c       0xf8 CMakeFiles/TryPortLiteOS.elf.dir/Middlewares/LiteOS/example/api/los_api_static_mem.c.obj
                0x0000000008003a1c                Example_StaticMem
 .text.Example_GetTick
                0x0000000008003b14       0xb8 CMakeFiles/TryPortLiteOS.elf.dir/Middlewares/LiteOS/example/api/los_api_systick.c.obj
                0x0000000008003b14                Example_GetTick
 .text.Example_TaskHi
                0x0000000008003bcc       0xc0 CMakeFiles/TryPortLiteOS.elf.dir/Middlewares/LiteOS/example/api/los_api_task.c.obj
 .text.Example_TaskLo
                0x0000000008003c8c       0xa0 CMakeFiles/TryPortLiteOS.elf.dir/Middlewares/LiteOS/example/api/los_api_task.c.obj
 .text.Example_TskCaseEntry
                0x0000000008003d2c       0xd4 CMakeFiles/TryPortLiteOS.elf.dir/Middlewares/LiteOS/example/api/los_api_task.c.obj
                0x0000000008003d2c                Example_TskCaseEntry
 .text.Timer1_Callback
                0x0000000008003e00       0x48 CMakeFiles/TryPortLiteOS.elf.dir/Middlewares/LiteOS/example/api/los_api_timer.c.obj
 .text.Timer2_Callback
                0x0000000008003e48       0x64 CMakeFiles/TryPortLiteOS.elf.dir/Middlewares/LiteOS/example/api/los_api_timer.c.obj
 .text.Example_swTimer
                0x0000000008003eac      0x184 CMakeFiles/TryPortLiteOS.elf.dir/Middlewares/LiteOS/example/api/los_api_timer.c.obj
                0x0000000008003eac                Example_swTimer
 .text.LOS_InspectStatusSetByID
                0x0000000008004030       0x84 CMakeFiles/TryPortLiteOS.elf.dir/Middlewares/LiteOS/example/api/los_inspect_entry.c.obj
                0x0000000008004030                LOS_InspectStatusSetByID
 .text.LOS_InspectByID
                0x00000000080040b4      0x130 CMakeFiles/TryPortLiteOS.elf.dir/Middlewares/LiteOS/example/api/los_inspect_entry.c.obj
                0x00000000080040b4                LOS_InspectByID
 .text.LOS_Inspect_TskDeal
                0x00000000080041e4       0x60 CMakeFiles/TryPortLiteOS.elf.dir/Middlewares/LiteOS/example/api/los_inspect_entry.c.obj
 .text.LOS_Inspect_Entry
                0x0000000008004244       0x50 CMakeFiles/TryPortLiteOS.elf.dir/Middlewares/LiteOS/example/api/los_inspect_entry.c.obj
                0x0000000008004244                LOS_Inspect_Entry
 .text.LOS_ListInit
                0x0000000008004294       0x1e CMakeFiles/TryPortLiteOS.elf.dir/Middlewares/LiteOS/kernel/base/core/los_priqueue.c.obj
 .text.LOS_ListAdd
                0x00000000080042b2       0x30 CMakeFiles/TryPortLiteOS.elf.dir/Middlewares/LiteOS/kernel/base/core/los_priqueue.c.obj
 .text.LOS_ListTailInsert
                0x00000000080042e2       0x1e CMakeFiles/TryPortLiteOS.elf.dir/Middlewares/LiteOS/kernel/base/core/los_priqueue.c.obj
 .text.LOS_ListDelete
                0x0000000008004300       0x32 CMakeFiles/TryPortLiteOS.elf.dir/Middlewares/LiteOS/kernel/base/core/los_priqueue.c.obj
 .text.LOS_ListEmpty
                0x0000000008004332       0x22 CMakeFiles/TryPortLiteOS.elf.dir/Middlewares/LiteOS/kernel/base/core/los_priqueue.c.obj
 .text.osPriqueueInit
                0x0000000008004354       0x64 CMakeFiles/TryPortLiteOS.elf.dir/Middlewares/LiteOS/kernel/base/core/los_priqueue.c.obj
                0x0000000008004354                osPriqueueInit
 .text.osPriqueueEnqueue
                0x00000000080043b8       0x54 CMakeFiles/TryPortLiteOS.elf.dir/Middlewares/LiteOS/kernel/base/core/los_priqueue.c.obj
                0x00000000080043b8                osPriqueueEnqueue
 .text.osPriqueueDequeue
                0x000000000800440c       0x54 CMakeFiles/TryPortLiteOS.elf.dir/Middlewares/LiteOS/kernel/base/core/los_priqueue.c.obj
                0x000000000800440c                osPriqueueDequeue
 .text.osPriqueueTop
                0x0000000008004460       0x40 CMakeFiles/TryPortLiteOS.elf.dir/Middlewares/LiteOS/kernel/base/core/los_priqueue.c.obj
                0x0000000008004460                osPriqueueTop
 .text.osPriqueueSize
                0x00000000080044a0       0x4c CMakeFiles/TryPortLiteOS.elf.dir/Middlewares/LiteOS/kernel/base/core/los_priqueue.c.obj
                0x00000000080044a0                osPriqueueSize
 .text.osSwTmrTask
                0x00000000080044ec       0x58 CMakeFiles/TryPortLiteOS.elf.dir/Middlewares/LiteOS/kernel/base/core/los_swtmr.c.obj
                0x00000000080044ec                osSwTmrTask
 .text.osSwTmrTaskCreate
                0x0000000008004544       0x48 CMakeFiles/TryPortLiteOS.elf.dir/Middlewares/LiteOS/kernel/base/core/los_swtmr.c.obj
                0x0000000008004544                osSwTmrTaskCreate
 .text.osSwTmrInit
                0x000000000800458c       0xdc CMakeFiles/TryPortLiteOS.elf.dir/Middlewares/LiteOS/kernel/base/core/los_swtmr.c.obj
                0x000000000800458c                osSwTmrInit
 .text.osSwTmrStart
                0x0000000008004668      0x2b0 CMakeFiles/TryPortLiteOS.elf.dir/Middlewares/LiteOS/kernel/base/core/los_swtmr.c.obj
                0x0000000008004668                osSwTmrStart
 .text.osSwtmrDelete
                0x0000000008004918       0x40 CMakeFiles/TryPortLiteOS.elf.dir/Middlewares/LiteOS/kernel/base/core/los_swtmr.c.obj
 .text.osSwtmrStop
                0x0000000008004958       0xa4 CMakeFiles/TryPortLiteOS.elf.dir/Middlewares/LiteOS/kernel/base/core/los_swtmr.c.obj
                0x0000000008004958                osSwtmrStop
 .text.osSwTmrTimeoutHandle
                0x00000000080049fc       0xac CMakeFiles/TryPortLiteOS.elf.dir/Middlewares/LiteOS/kernel/base/core/los_swtmr.c.obj
 .text.osSwtmrScan
                0x0000000008004aa8       0x2c CMakeFiles/TryPortLiteOS.elf.dir/Middlewares/LiteOS/kernel/base/core/los_swtmr.c.obj
                0x0000000008004aa8                osSwtmrScan
 .text.LOS_SwtmrCreate
                0x0000000008004ad4      0x104 CMakeFiles/TryPortLiteOS.elf.dir/Middlewares/LiteOS/kernel/base/core/los_swtmr.c.obj
                0x0000000008004ad4                LOS_SwtmrCreate
 .text.LOS_SwtmrStart
                0x0000000008004bd8      0x148 CMakeFiles/TryPortLiteOS.elf.dir/Middlewares/LiteOS/kernel/base/core/los_swtmr.c.obj
                0x0000000008004bd8                LOS_SwtmrStart
 .text.LOS_SwtmrStop
                0x0000000008004d20       0xa4 CMakeFiles/TryPortLiteOS.elf.dir/Middlewares/LiteOS/kernel/base/core/los_swtmr.c.obj
                0x0000000008004d20                LOS_SwtmrStop
 .text.LOS_SwtmrDelete
                0x0000000008004dc4       0xa0 CMakeFiles/TryPortLiteOS.elf.dir/Middlewares/LiteOS/kernel/base/core/los_swtmr.c.obj
                0x0000000008004dc4                LOS_SwtmrDelete
 .text.LOS_TickCountGet
                0x0000000008004e64       0x18 CMakeFiles/TryPortLiteOS.elf.dir/Middlewares/LiteOS/kernel/base/core/los_sys.c.obj
                0x0000000008004e64                LOS_TickCountGet
 .text.LOS_CyclePerTickGet
                0x0000000008004e7c       0x20 CMakeFiles/TryPortLiteOS.elf.dir/Middlewares/LiteOS/kernel/base/core/los_sys.c.obj
                0x0000000008004e7c                LOS_CyclePerTickGet
 .text.LOS_ListInit
                0x0000000008004e9c       0x1e CMakeFiles/TryPortLiteOS.elf.dir/Middlewares/LiteOS/kernel/base/core/los_task.c.obj
 .text.LOS_ListAdd
                0x0000000008004eba       0x30 CMakeFiles/TryPortLiteOS.elf.dir/Middlewares/LiteOS/kernel/base/core/los_task.c.obj
 .text.LOS_ListTailInsert
                0x0000000008004eea       0x1e CMakeFiles/TryPortLiteOS.elf.dir/Middlewares/LiteOS/kernel/base/core/los_task.c.obj
 .text.LOS_ListDelete
                0x0000000008004f08       0x32 CMakeFiles/TryPortLiteOS.elf.dir/Middlewares/LiteOS/kernel/base/core/los_task.c.obj
 .text.LOS_ListEmpty
                0x0000000008004f3a       0x22 CMakeFiles/TryPortLiteOS.elf.dir/Middlewares/LiteOS/kernel/base/core/los_task.c.obj
 .text.osIdleTask
                0x0000000008004f5c        0x6 CMakeFiles/TryPortLiteOS.elf.dir/Middlewares/LiteOS/kernel/base/core/los_task.c.obj
                0x0000000008004f5c                osIdleTask
 .text.osTaskPriModify
                0x0000000008004f62       0x66 CMakeFiles/TryPortLiteOS.elf.dir/Middlewares/LiteOS/kernel/base/core/los_task.c.obj
                0x0000000008004f62                osTaskPriModify
 .text.osTaskAdd2TimerList
                0x0000000008004fc8      0x110 CMakeFiles/TryPortLiteOS.elf.dir/Middlewares/LiteOS/kernel/base/core/los_task.c.obj
                0x0000000008004fc8                osTaskAdd2TimerList
 .text.osTimerListDelete
                0x00000000080050d8       0x64 CMakeFiles/TryPortLiteOS.elf.dir/Middlewares/LiteOS/kernel/base/core/los_task.c.obj
                0x00000000080050d8                osTimerListDelete
 .text.osTaskScan
                0x000000000800513c      0x14c CMakeFiles/TryPortLiteOS.elf.dir/Middlewares/LiteOS/kernel/base/core/los_task.c.obj
                0x000000000800513c                osTaskScan
 .text.osTaskInit
                0x0000000008005288      0x15c CMakeFiles/TryPortLiteOS.elf.dir/Middlewares/LiteOS/kernel/base/core/los_task.c.obj
                0x0000000008005288                osTaskInit
 .text.osIdleTaskCreate
                0x00000000080053e4       0x50 CMakeFiles/TryPortLiteOS.elf.dir/Middlewares/LiteOS/kernel/base/core/los_task.c.obj
                0x00000000080053e4                osIdleTaskCreate
 .text.osTaskSwitchCheck
                0x0000000008005434      0x128 CMakeFiles/TryPortLiteOS.elf.dir/Middlewares/LiteOS/kernel/base/core/los_task.c.obj
                0x0000000008005434                osTaskSwitchCheck
 .text.osTaskMonInit
                0x000000000800555c       0x38 CMakeFiles/TryPortLiteOS.elf.dir/Middlewares/LiteOS/kernel/base/core/los_task.c.obj
                0x000000000800555c                osTaskMonInit
 .text.osTaskEntry
                0x0000000008005594       0x44 CMakeFiles/TryPortLiteOS.elf.dir/Middlewares/LiteOS/kernel/base/core/los_task.c.obj
                0x0000000008005594                osTaskEntry
 .text.LOS_TaskCreateOnly
                0x00000000080055d8      0x228 CMakeFiles/TryPortLiteOS.elf.dir/Middlewares/LiteOS/kernel/base/core/los_task.c.obj
                0x00000000080055d8                LOS_TaskCreateOnly
 .text.LOS_TaskCreate
                0x0000000008005800       0xc8 CMakeFiles/TryPortLiteOS.elf.dir/Middlewares/LiteOS/kernel/base/core/los_task.c.obj
                0x0000000008005800                LOS_TaskCreate
 .text.LOS_TaskResume
                0x00000000080058c8       0xec CMakeFiles/TryPortLiteOS.elf.dir/Middlewares/LiteOS/kernel/base/core/los_task.c.obj
                0x00000000080058c8                LOS_TaskResume
 .text.LOS_TaskSuspend
                0x00000000080059b4      0x128 CMakeFiles/TryPortLiteOS.elf.dir/Middlewares/LiteOS/kernel/base/core/los_task.c.obj
                0x00000000080059b4                LOS_TaskSuspend
 .text.LOS_TaskDelete
                0x0000000008005adc      0x200 CMakeFiles/TryPortLiteOS.elf.dir/Middlewares/LiteOS/kernel/base/core/los_task.c.obj
                0x0000000008005adc                LOS_TaskDelete
 .text.LOS_TaskDelay
                0x0000000008005cdc       0x98 CMakeFiles/TryPortLiteOS.elf.dir/Middlewares/LiteOS/kernel/base/core/los_task.c.obj
                0x0000000008005cdc                LOS_TaskDelay
 .text.osTaskWait
                0x0000000008005d74       0x74 CMakeFiles/TryPortLiteOS.elf.dir/Middlewares/LiteOS/kernel/base/core/los_task.c.obj
                0x0000000008005d74                osTaskWait
 .text.osTaskWake
                0x0000000008005de8       0x7c CMakeFiles/TryPortLiteOS.elf.dir/Middlewares/LiteOS/kernel/base/core/los_task.c.obj
                0x0000000008005de8                osTaskWake
 .text.LOS_TaskYield
                0x0000000008005e64       0xac CMakeFiles/TryPortLiteOS.elf.dir/Middlewares/LiteOS/kernel/base/core/los_task.c.obj
                0x0000000008005e64                LOS_TaskYield
 .text.LOS_TaskLock
                0x0000000008005f10       0x2c CMakeFiles/TryPortLiteOS.elf.dir/Middlewares/LiteOS/kernel/base/core/los_task.c.obj
                0x0000000008005f10                LOS_TaskLock
 .text.LOS_TaskUnlock
                0x0000000008005f3c       0x44 CMakeFiles/TryPortLiteOS.elf.dir/Middlewares/LiteOS/kernel/base/core/los_task.c.obj
                0x0000000008005f3c                LOS_TaskUnlock
 .text.osTickHandler
                0x0000000008005f80       0x2c CMakeFiles/TryPortLiteOS.elf.dir/Middlewares/LiteOS/kernel/base/core/los_tick.c.obj
                0x0000000008005f80                osTickHandler
 .text.osTimesliceInit
                0x0000000008005fac       0x1c CMakeFiles/TryPortLiteOS.elf.dir/Middlewares/LiteOS/kernel/base/core/los_timeslice.c.obj
                0x0000000008005fac                osTimesliceInit
 .text.osTimesliceCheck
                0x0000000008005fc8       0x5c CMakeFiles/TryPortLiteOS.elf.dir/Middlewares/LiteOS/kernel/base/core/los_timeslice.c.obj
                0x0000000008005fc8                osTimesliceCheck
 .text.LOS_ListInit
                0x0000000008006024       0x1e CMakeFiles/TryPortLiteOS.elf.dir/Middlewares/LiteOS/kernel/base/ipc/los_event.c.obj
 .text.LOS_ListEmpty
                0x0000000008006042       0x22 CMakeFiles/TryPortLiteOS.elf.dir/Middlewares/LiteOS/kernel/base/ipc/los_event.c.obj
 .text.LOS_EventInit
                0x0000000008006064       0x30 CMakeFiles/TryPortLiteOS.elf.dir/Middlewares/LiteOS/kernel/base/ipc/los_event.c.obj
                0x0000000008006064                LOS_EventInit
 .text.LOS_EventPoll
                0x0000000008006094       0x84 CMakeFiles/TryPortLiteOS.elf.dir/Middlewares/LiteOS/kernel/base/ipc/los_event.c.obj
                0x0000000008006094                LOS_EventPoll
 .text.LOS_EventRead
                0x0000000008006118      0x168 CMakeFiles/TryPortLiteOS.elf.dir/Middlewares/LiteOS/kernel/base/ipc/los_event.c.obj
                0x0000000008006118                LOS_EventRead
 .text.LOS_EventWrite
                0x0000000008006280       0xf8 CMakeFiles/TryPortLiteOS.elf.dir/Middlewares/LiteOS/kernel/base/ipc/los_event.c.obj
                0x0000000008006280                LOS_EventWrite
 .text.LOS_EventClear
                0x0000000008006378       0x3c CMakeFiles/TryPortLiteOS.elf.dir/Middlewares/LiteOS/kernel/base/ipc/los_event.c.obj
                0x0000000008006378                LOS_EventClear
 .text.LOS_ListInit
                0x00000000080063b4       0x1e CMakeFiles/TryPortLiteOS.elf.dir/Middlewares/LiteOS/kernel/base/ipc/los_mux.c.obj
 .text.LOS_ListAdd
                0x00000000080063d2       0x30 CMakeFiles/TryPortLiteOS.elf.dir/Middlewares/LiteOS/kernel/base/ipc/los_mux.c.obj
 .text.LOS_ListTailInsert
                0x0000000008006402       0x1e CMakeFiles/TryPortLiteOS.elf.dir/Middlewares/LiteOS/kernel/base/ipc/los_mux.c.obj
 .text.LOS_ListDelete
                0x0000000008006420       0x32 CMakeFiles/TryPortLiteOS.elf.dir/Middlewares/LiteOS/kernel/base/ipc/los_mux.c.obj
 .text.LOS_ListEmpty
                0x0000000008006452       0x22 CMakeFiles/TryPortLiteOS.elf.dir/Middlewares/LiteOS/kernel/base/ipc/los_mux.c.obj
 .text.osMuxInit
                0x0000000008006474       0x84 CMakeFiles/TryPortLiteOS.elf.dir/Middlewares/LiteOS/kernel/base/ipc/los_mux.c.obj
                0x0000000008006474                osMuxInit
 .text.LOS_MuxCreate
                0x00000000080064f8       0xa8 CMakeFiles/TryPortLiteOS.elf.dir/Middlewares/LiteOS/kernel/base/ipc/los_mux.c.obj
                0x00000000080064f8                LOS_MuxCreate
 .text.LOS_MuxDelete
                0x00000000080065a0       0xc0 CMakeFiles/TryPortLiteOS.elf.dir/Middlewares/LiteOS/kernel/base/ipc/los_mux.c.obj
                0x00000000080065a0                LOS_MuxDelete
 .text.LOS_MuxPend
                0x0000000008006660      0x1ac CMakeFiles/TryPortLiteOS.elf.dir/Middlewares/LiteOS/kernel/base/ipc/los_mux.c.obj
                0x0000000008006660                LOS_MuxPend
 .text.LOS_MuxPost
                0x000000000800680c      0x120 CMakeFiles/TryPortLiteOS.elf.dir/Middlewares/LiteOS/kernel/base/ipc/los_mux.c.obj
                0x000000000800680c                LOS_MuxPost
 .text.LOS_ListInit
                0x000000000800692c       0x1e CMakeFiles/TryPortLiteOS.elf.dir/Middlewares/LiteOS/kernel/base/ipc/los_queue.c.obj
 .text.LOS_ListAdd
                0x000000000800694a       0x30 CMakeFiles/TryPortLiteOS.elf.dir/Middlewares/LiteOS/kernel/base/ipc/los_queue.c.obj
 .text.LOS_ListTailInsert
                0x000000000800697a       0x1e CMakeFiles/TryPortLiteOS.elf.dir/Middlewares/LiteOS/kernel/base/ipc/los_queue.c.obj
 .text.LOS_ListDelete
                0x0000000008006998       0x32 CMakeFiles/TryPortLiteOS.elf.dir/Middlewares/LiteOS/kernel/base/ipc/los_queue.c.obj
 .text.LOS_ListEmpty
                0x00000000080069ca       0x22 CMakeFiles/TryPortLiteOS.elf.dir/Middlewares/LiteOS/kernel/base/ipc/los_queue.c.obj
 .text.osQueueInit
                0x00000000080069ec       0x8c CMakeFiles/TryPortLiteOS.elf.dir/Middlewares/LiteOS/kernel/base/ipc/los_queue.c.obj
                0x00000000080069ec                osQueueInit
 .text.LOS_QueueCreate
                0x0000000008006a78      0x11c CMakeFiles/TryPortLiteOS.elf.dir/Middlewares/LiteOS/kernel/base/ipc/los_queue.c.obj
                0x0000000008006a78                LOS_QueueCreate
 .text.osQueueReadParameterCheck
                0x0000000008006b94       0x64 CMakeFiles/TryPortLiteOS.elf.dir/Middlewares/LiteOS/kernel/base/ipc/los_queue.c.obj
 .text.osQueueWriteParameterCheck
                0x0000000008006bf8       0x5c CMakeFiles/TryPortLiteOS.elf.dir/Middlewares/LiteOS/kernel/base/ipc/los_queue.c.obj
 .text.osQueueBufferOperate
                0x0000000008006c54      0x14c CMakeFiles/TryPortLiteOS.elf.dir/Middlewares/LiteOS/kernel/base/ipc/los_queue.c.obj
 .text.osQueueOperate
                0x0000000008006da0      0x1d0 CMakeFiles/TryPortLiteOS.elf.dir/Middlewares/LiteOS/kernel/base/ipc/los_queue.c.obj
                0x0000000008006da0                osQueueOperate
 .text.LOS_QueueReadCopy
                0x0000000008006f70       0x44 CMakeFiles/TryPortLiteOS.elf.dir/Middlewares/LiteOS/kernel/base/ipc/los_queue.c.obj
                0x0000000008006f70                LOS_QueueReadCopy
 .text.LOS_QueueWriteCopy
                0x0000000008006fb4       0x46 CMakeFiles/TryPortLiteOS.elf.dir/Middlewares/LiteOS/kernel/base/ipc/los_queue.c.obj
                0x0000000008006fb4                LOS_QueueWriteCopy
 .text.LOS_QueueRead
                0x0000000008006ffa       0x46 CMakeFiles/TryPortLiteOS.elf.dir/Middlewares/LiteOS/kernel/base/ipc/los_queue.c.obj
                0x0000000008006ffa                LOS_QueueRead
 .text.LOS_QueueWrite
                0x0000000008007040       0x4c CMakeFiles/TryPortLiteOS.elf.dir/Middlewares/LiteOS/kernel/base/ipc/los_queue.c.obj
                0x0000000008007040                LOS_QueueWrite
 .text.LOS_QueueDelete
                0x000000000800708c       0xf8 CMakeFiles/TryPortLiteOS.elf.dir/Middlewares/LiteOS/kernel/base/ipc/los_queue.c.obj
                0x000000000800708c                LOS_QueueDelete
 .text.LOS_ListInit
                0x0000000008007184       0x1e CMakeFiles/TryPortLiteOS.elf.dir/Middlewares/LiteOS/kernel/base/ipc/los_sem.c.obj
 .text.LOS_ListAdd
                0x00000000080071a2       0x30 CMakeFiles/TryPortLiteOS.elf.dir/Middlewares/LiteOS/kernel/base/ipc/los_sem.c.obj
 .text.LOS_ListTailInsert
                0x00000000080071d2       0x1e CMakeFiles/TryPortLiteOS.elf.dir/Middlewares/LiteOS/kernel/base/ipc/los_sem.c.obj
 .text.LOS_ListDelete
                0x00000000080071f0       0x32 CMakeFiles/TryPortLiteOS.elf.dir/Middlewares/LiteOS/kernel/base/ipc/los_sem.c.obj
 .text.LOS_ListEmpty
                0x0000000008007222       0x22 CMakeFiles/TryPortLiteOS.elf.dir/Middlewares/LiteOS/kernel/base/ipc/los_sem.c.obj
 .text.osSemInit
                0x0000000008007244       0x7c CMakeFiles/TryPortLiteOS.elf.dir/Middlewares/LiteOS/kernel/base/ipc/los_sem.c.obj
                0x0000000008007244                osSemInit
 .text.osSemCreate
                0x00000000080072c0       0xc4 CMakeFiles/TryPortLiteOS.elf.dir/Middlewares/LiteOS/kernel/base/ipc/los_sem.c.obj
                0x00000000080072c0                osSemCreate
 .text.LOS_SemCreate
                0x0000000008007384       0x24 CMakeFiles/TryPortLiteOS.elf.dir/Middlewares/LiteOS/kernel/base/ipc/los_sem.c.obj
                0x0000000008007384                LOS_SemCreate
 .text.LOS_SemDelete
                0x00000000080073a8       0xb0 CMakeFiles/TryPortLiteOS.elf.dir/Middlewares/LiteOS/kernel/base/ipc/los_sem.c.obj
                0x00000000080073a8                LOS_SemDelete
 .text.LOS_SemPend
                0x0000000008007458      0x15c CMakeFiles/TryPortLiteOS.elf.dir/Middlewares/LiteOS/kernel/base/ipc/los_sem.c.obj
                0x0000000008007458                LOS_SemPend
 .text.LOS_SemPost
                0x00000000080075b4       0xd0 CMakeFiles/TryPortLiteOS.elf.dir/Middlewares/LiteOS/kernel/base/ipc/los_sem.c.obj
                0x00000000080075b4                LOS_SemPost
 .text.osHeapPrvGetNext
                0x0000000008007684       0x30 CMakeFiles/TryPortLiteOS.elf.dir/Middlewares/LiteOS/kernel/base/mem/bestfit_little/los_heap.c.obj
                0x0000000008007684                osHeapPrvGetNext
 .text.osHeapInit
                0x00000000080076b4       0x70 CMakeFiles/TryPortLiteOS.elf.dir/Middlewares/LiteOS/kernel/base/mem/bestfit_little/los_heap.c.obj
                0x00000000080076b4                osHeapInit
 .text.osHeapAlloc
                0x0000000008007724      0x1a8 CMakeFiles/TryPortLiteOS.elf.dir/Middlewares/LiteOS/kernel/base/mem/bestfit_little/los_heap.c.obj
                0x0000000008007724                osHeapAlloc
 .text.osHeapAllocAlign
                0x00000000080078cc       0x94 CMakeFiles/TryPortLiteOS.elf.dir/Middlewares/LiteOS/kernel/base/mem/bestfit_little/los_heap.c.obj
                0x00000000080078cc                osHeapAllocAlign
 .text.osHeapFree
                0x0000000008007960      0x1b4 CMakeFiles/TryPortLiteOS.elf.dir/Middlewares/LiteOS/kernel/base/mem/bestfit_little/los_heap.c.obj
                0x0000000008007960                osHeapFree
 .text.osAlarmHeapInfo
                0x0000000008007b14       0x32 CMakeFiles/TryPortLiteOS.elf.dir/Middlewares/LiteOS/kernel/base/mem/bestfit_little/los_heap.c.obj
                0x0000000008007b14                osAlarmHeapInfo
 *fill*         0x0000000008007b46        0x2 
 .text.osHeapStatisticsGet
                0x0000000008007b48       0xac CMakeFiles/TryPortLiteOS.elf.dir/Middlewares/LiteOS/kernel/base/mem/bestfit_little/los_heap.c.obj
                0x0000000008007b48                osHeapStatisticsGet
 .text.osSlabCtrlHdrGet
                0x0000000008007bf4       0x16 CMakeFiles/TryPortLiteOS.elf.dir/Middlewares/LiteOS/kernel/base/mem/bestfit_little/los_memory.c.obj
                0x0000000008007bf4                osSlabCtrlHdrGet
 *fill*         0x0000000008007c0a        0x2 
 .text.LOS_MemInit
                0x0000000008007c0c      0x120 CMakeFiles/TryPortLiteOS.elf.dir/Middlewares/LiteOS/kernel/base/mem/bestfit_little/los_memory.c.obj
                0x0000000008007c0c                LOS_MemInit
 .text.osMemSystemInit
                0x0000000008007d2c       0x48 CMakeFiles/TryPortLiteOS.elf.dir/Middlewares/LiteOS/kernel/base/mem/bestfit_little/los_memory.c.obj
                0x0000000008007d2c                osMemSystemInit
 .text.LOS_MemAlloc
                0x0000000008007d74       0x42 CMakeFiles/TryPortLiteOS.elf.dir/Middlewares/LiteOS/kernel/base/mem/bestfit_little/los_memory.c.obj
                0x0000000008007d74                LOS_MemAlloc
 .text.LOS_MemAllocAlign
                0x0000000008007db6       0x20 CMakeFiles/TryPortLiteOS.elf.dir/Middlewares/LiteOS/kernel/base/mem/bestfit_little/los_memory.c.obj
                0x0000000008007db6                LOS_MemAllocAlign
 .text.LOS_MemFree
                0x0000000008007dd6       0x4c CMakeFiles/TryPortLiteOS.elf.dir/Middlewares/LiteOS/kernel/base/mem/bestfit_little/los_memory.c.obj
                0x0000000008007dd6                LOS_MemFree
 .text.osAtomicBitsetInit
                0x0000000008007e22       0x4e CMakeFiles/TryPortLiteOS.elf.dir/Middlewares/LiteOS/kernel/base/mem/common/los_slab.c.obj
                0x0000000008007e22                osAtomicBitsetInit
 .text.osAtomicBitsetGetNumBits
                0x0000000008007e70       0x16 CMakeFiles/TryPortLiteOS.elf.dir/Middlewares/LiteOS/kernel/base/mem/common/los_slab.c.obj
                0x0000000008007e70                osAtomicBitsetGetNumBits
 .text.osAtomicBitsetGetBit
                0x0000000008007e86       0x46 CMakeFiles/TryPortLiteOS.elf.dir/Middlewares/LiteOS/kernel/base/mem/common/los_slab.c.obj
                0x0000000008007e86                osAtomicBitsetGetBit
 .text.osAtomicBitsetClearBit
                0x0000000008007ecc       0x46 CMakeFiles/TryPortLiteOS.elf.dir/Middlewares/LiteOS/kernel/base/mem/common/los_slab.c.obj
                0x0000000008007ecc                osAtomicBitsetClearBit
 .text.osAtomicBitsetFindClearAndSet
                0x0000000008007f12       0x8c CMakeFiles/TryPortLiteOS.elf.dir/Middlewares/LiteOS/kernel/base/mem/common/los_slab.c.obj
                0x0000000008007f12                osAtomicBitsetFindClearAndSet
 .text.osSlabAllocatorNew
                0x0000000008007f9e       0x8c CMakeFiles/TryPortLiteOS.elf.dir/Middlewares/LiteOS/kernel/base/mem/common/los_slab.c.obj
                0x0000000008007f9e                osSlabAllocatorNew
 .text.osSlabAllocatorAlloc
                0x000000000800802a       0x36 CMakeFiles/TryPortLiteOS.elf.dir/Middlewares/LiteOS/kernel/base/mem/common/los_slab.c.obj
                0x000000000800802a                osSlabAllocatorAlloc
 .text.osSlabAllocatorFree
                0x0000000008008060       0x76 CMakeFiles/TryPortLiteOS.elf.dir/Middlewares/LiteOS/kernel/base/mem/common/los_slab.c.obj
                0x0000000008008060                osSlabAllocatorFree
 .text.osSlabBlockHeadFill
                0x00000000080080d6       0x2e CMakeFiles/TryPortLiteOS.elf.dir/Middlewares/LiteOS/kernel/base/mem/common/los_slabmem.c.obj
                0x00000000080080d6                osSlabBlockHeadFill
 .text.osSlabMemInit
                0x0000000008008104       0xb8 CMakeFiles/TryPortLiteOS.elf.dir/Middlewares/LiteOS/kernel/base/mem/common/los_slabmem.c.obj
                0x0000000008008104                osSlabMemInit
 .text.osSlabMemAlloc
                0x00000000080081bc       0xee CMakeFiles/TryPortLiteOS.elf.dir/Middlewares/LiteOS/kernel/base/mem/common/los_slabmem.c.obj
                0x00000000080081bc                osSlabMemAlloc
 .text.osSlabMemFree
                0x00000000080082aa       0xaa CMakeFiles/TryPortLiteOS.elf.dir/Middlewares/LiteOS/kernel/base/mem/common/los_slabmem.c.obj
                0x00000000080082aa                osSlabMemFree
 .text.osCheckBoxMem
                0x0000000008008354       0x6c CMakeFiles/TryPortLiteOS.elf.dir/Middlewares/LiteOS/kernel/base/mem/membox/los_membox.c.obj
 .text.LOS_MemboxInit
                0x00000000080083c0       0xc0 CMakeFiles/TryPortLiteOS.elf.dir/Middlewares/LiteOS/kernel/base/mem/membox/los_membox.c.obj
                0x00000000080083c0                LOS_MemboxInit
 .text.LOS_MemboxAlloc
                0x0000000008008480       0x70 CMakeFiles/TryPortLiteOS.elf.dir/Middlewares/LiteOS/kernel/base/mem/membox/los_membox.c.obj
                0x0000000008008480                LOS_MemboxAlloc
 .text.LOS_MemboxFree
                0x00000000080084f0       0x6c CMakeFiles/TryPortLiteOS.elf.dir/Middlewares/LiteOS/kernel/base/mem/membox/los_membox.c.obj
                0x00000000080084f0                LOS_MemboxFree
 .text.LOS_MemboxClr
                0x000000000800855c       0x34 CMakeFiles/TryPortLiteOS.elf.dir/Middlewares/LiteOS/kernel/base/mem/membox/los_membox.c.obj
                0x000000000800855c                LOS_MemboxClr
 .text.LOS_Align
                0x0000000008008590       0x3a CMakeFiles/TryPortLiteOS.elf.dir/Middlewares/LiteOS/kernel/base/misc/los_misc.c.obj
                0x0000000008008590                LOS_Align
 *fill*         0x00000000080085ca        0x2 
 .text.LOS_ErrHandle
                0x00000000080085cc       0x48 CMakeFiles/TryPortLiteOS.elf.dir/Middlewares/LiteOS/kernel/base/om/los_err.c.obj
                0x00000000080085cc                LOS_ErrHandle
 .text.osRegister
                0x0000000008008614       0x18 CMakeFiles/TryPortLiteOS.elf.dir/Middlewares/LiteOS/kernel/los_init.c.obj
 .text.LOS_Start
                0x000000000800862c       0x38 CMakeFiles/TryPortLiteOS.elf.dir/Middlewares/LiteOS/kernel/los_init.c.obj
                0x000000000800862c                LOS_Start
 .text.LOS_KernelInit
                0x0000000008008664       0xf4 CMakeFiles/TryPortLiteOS.elf.dir/Middlewares/LiteOS/kernel/los_init.c.obj
                0x0000000008008664                LOS_KernelInit
 .text.__errno  0x0000000008008758        0xc /Users/wualex/Documents/gcc-arm-none-eabi-9-2019-q4-major/bin/../lib/gcc/arm-none-eabi/9.2.1/../../../../arm-none-eabi/lib/thumb/v7e-m/nofp/libg_nano.a(lib_a-errno.o)
                0x0000000008008758                __errno
 .text.__libc_init_array
                0x0000000008008764       0x48 /Users/wualex/Documents/gcc-arm-none-eabi-9-2019-q4-major/bin/../lib/gcc/arm-none-eabi/9.2.1/../../../../arm-none-eabi/lib/thumb/v7e-m/nofp/libg_nano.a(lib_a-init.o)
                0x0000000008008764                __libc_init_array
 .text.memcpy   0x00000000080087ac       0x1c /Users/wualex/Documents/gcc-arm-none-eabi-9-2019-q4-major/bin/../lib/gcc/arm-none-eabi/9.2.1/../../../../arm-none-eabi/lib/thumb/v7e-m/nofp/libg_nano.a(lib_a-memcpy-stub.o)
                0x00000000080087ac                memcpy
 .text.memset   0x00000000080087c8       0x10 /Users/wualex/Documents/gcc-arm-none-eabi-9-2019-q4-major/bin/../lib/gcc/arm-none-eabi/9.2.1/../../../../arm-none-eabi/lib/thumb/v7e-m/nofp/libg_nano.a(lib_a-memset.o)
                0x00000000080087c8                memset
 .text.printf   0x00000000080087d8       0x30 /Users/wualex/Documents/gcc-arm-none-eabi-9-2019-q4-major/bin/../lib/gcc/arm-none-eabi/9.2.1/../../../../arm-none-eabi/lib/thumb/v7e-m/nofp/libg_nano.a(lib_a-printf.o)
                0x00000000080087d8                printf
                0x00000000080087d8                iprintf
 .text._puts_r  0x0000000008008808       0xdc /Users/wualex/Documents/gcc-arm-none-eabi-9-2019-q4-major/bin/../lib/gcc/arm-none-eabi/9.2.1/../../../../arm-none-eabi/lib/thumb/v7e-m/nofp/libg_nano.a(lib_a-puts.o)
                0x0000000008008808                _puts_r
 .text.puts     0x00000000080088e4       0x10 /Users/wualex/Documents/gcc-arm-none-eabi-9-2019-q4-major/bin/../lib/gcc/arm-none-eabi/9.2.1/../../../../arm-none-eabi/lib/thumb/v7e-m/nofp/libg_nano.a(lib_a-puts.o)
                0x00000000080088e4                puts
 .text.__swbuf_r
                0x00000000080088f4       0xa4 /Users/wualex/Documents/gcc-arm-none-eabi-9-2019-q4-major/bin/../lib/gcc/arm-none-eabi/9.2.1/../../../../arm-none-eabi/lib/thumb/v7e-m/nofp/libg_nano.a(lib_a-wbuf.o)
                0x00000000080088f4                __swbuf_r
 .text.__swsetup_r
                0x0000000008008998       0xdc /Users/wualex/Documents/gcc-arm-none-eabi-9-2019-q4-major/bin/../lib/gcc/arm-none-eabi/9.2.1/../../../../arm-none-eabi/lib/thumb/v7e-m/nofp/libg_nano.a(lib_a-wsetup.o)
                0x0000000008008998                __swsetup_r
 .text.__sflush_r
                0x0000000008008a74      0x10c /Users/wualex/Documents/gcc-arm-none-eabi-9-2019-q4-major/bin/../lib/gcc/arm-none-eabi/9.2.1/../../../../arm-none-eabi/lib/thumb/v7e-m/nofp/libg_nano.a(lib_a-fflush.o)
                0x0000000008008a74                __sflush_r
 .text._fflush_r
                0x0000000008008b80       0x78 /Users/wualex/Documents/gcc-arm-none-eabi-9-2019-q4-major/bin/../lib/gcc/arm-none-eabi/9.2.1/../../../../arm-none-eabi/lib/thumb/v7e-m/nofp/libg_nano.a(lib_a-fflush.o)
                0x0000000008008b80                _fflush_r
 .text.std      0x0000000008008bf8       0x48 /Users/wualex/Documents/gcc-arm-none-eabi-9-2019-q4-major/bin/../lib/gcc/arm-none-eabi/9.2.1/../../../../arm-none-eabi/lib/thumb/v7e-m/nofp/libg_nano.a(lib_a-findfp.o)
 .text._cleanup_r
                0x0000000008008c40        0xc /Users/wualex/Documents/gcc-arm-none-eabi-9-2019-q4-major/bin/../lib/gcc/arm-none-eabi/9.2.1/../../../../arm-none-eabi/lib/thumb/v7e-m/nofp/libg_nano.a(lib_a-findfp.o)
                0x0000000008008c40                _cleanup_r
 .text.__sfmoreglue
                0x0000000008008c4c       0x2c /Users/wualex/Documents/gcc-arm-none-eabi-9-2019-q4-major/bin/../lib/gcc/arm-none-eabi/9.2.1/../../../../arm-none-eabi/lib/thumb/v7e-m/nofp/libg_nano.a(lib_a-findfp.o)
                0x0000000008008c4c                __sfmoreglue
 .text.__sfp_lock_acquire
                0x0000000008008c78        0xc /Users/wualex/Documents/gcc-arm-none-eabi-9-2019-q4-major/bin/../lib/gcc/arm-none-eabi/9.2.1/../../../../arm-none-eabi/lib/thumb/v7e-m/nofp/libg_nano.a(lib_a-findfp.o)
                0x0000000008008c78                __sfp_lock_acquire
 .text.__sfp_lock_release
                0x0000000008008c84        0xc /Users/wualex/Documents/gcc-arm-none-eabi-9-2019-q4-major/bin/../lib/gcc/arm-none-eabi/9.2.1/../../../../arm-none-eabi/lib/thumb/v7e-m/nofp/libg_nano.a(lib_a-findfp.o)
                0x0000000008008c84                __sfp_lock_release
 .text.__sinit_lock_acquire
                0x0000000008008c90        0xc /Users/wualex/Documents/gcc-arm-none-eabi-9-2019-q4-major/bin/../lib/gcc/arm-none-eabi/9.2.1/../../../../arm-none-eabi/lib/thumb/v7e-m/nofp/libg_nano.a(lib_a-findfp.o)
                0x0000000008008c90                __sinit_lock_acquire
 .text.__sinit_lock_release
                0x0000000008008c9c        0xc /Users/wualex/Documents/gcc-arm-none-eabi-9-2019-q4-major/bin/../lib/gcc/arm-none-eabi/9.2.1/../../../../arm-none-eabi/lib/thumb/v7e-m/nofp/libg_nano.a(lib_a-findfp.o)
                0x0000000008008c9c                __sinit_lock_release
 .text.__sinit  0x0000000008008ca8       0x70 /Users/wualex/Documents/gcc-arm-none-eabi-9-2019-q4-major/bin/../lib/gcc/arm-none-eabi/9.2.1/../../../../arm-none-eabi/lib/thumb/v7e-m/nofp/libg_nano.a(lib_a-findfp.o)
                0x0000000008008ca8                __sinit
 .text.__sfp    0x0000000008008d18       0x8c /Users/wualex/Documents/gcc-arm-none-eabi-9-2019-q4-major/bin/../lib/gcc/arm-none-eabi/9.2.1/../../../../arm-none-eabi/lib/thumb/v7e-m/nofp/libg_nano.a(lib_a-findfp.o)
                0x0000000008008d18                __sfp
 .text._fwalk_reent
                0x0000000008008da4       0x3e /Users/wualex/Documents/gcc-arm-none-eabi-9-2019-q4-major/bin/../lib/gcc/arm-none-eabi/9.2.1/../../../../arm-none-eabi/lib/thumb/v7e-m/nofp/libg_nano.a(lib_a-fwalk.o)
                0x0000000008008da4                _fwalk_reent
 .text.__retarget_lock_init_recursive
                0x0000000008008de2        0x2 /Users/wualex/Documents/gcc-arm-none-eabi-9-2019-q4-major/bin/../lib/gcc/arm-none-eabi/9.2.1/../../../../arm-none-eabi/lib/thumb/v7e-m/nofp/libg_nano.a(lib_a-lock.o)
                0x0000000008008de2                __retarget_lock_init_recursive
 .text.__retarget_lock_acquire_recursive
                0x0000000008008de4        0x2 /Users/wualex/Documents/gcc-arm-none-eabi-9-2019-q4-major/bin/../lib/gcc/arm-none-eabi/9.2.1/../../../../arm-none-eabi/lib/thumb/v7e-m/nofp/libg_nano.a(lib_a-lock.o)
                0x0000000008008de4                __retarget_lock_acquire_recursive
 .text.__retarget_lock_release_recursive
                0x0000000008008de6        0x2 /Users/wualex/Documents/gcc-arm-none-eabi-9-2019-q4-major/bin/../lib/gcc/arm-none-eabi/9.2.1/../../../../arm-none-eabi/lib/thumb/v7e-m/nofp/libg_nano.a(lib_a-lock.o)
                0x0000000008008de6                __retarget_lock_release_recursive
 .text.__swhatbuf_r
                0x0000000008008de8       0x48 /Users/wualex/Documents/gcc-arm-none-eabi-9-2019-q4-major/bin/../lib/gcc/arm-none-eabi/9.2.1/../../../../arm-none-eabi/lib/thumb/v7e-m/nofp/libg_nano.a(lib_a-makebuf.o)
                0x0000000008008de8                __swhatbuf_r
 .text.__smakebuf_r
                0x0000000008008e30       0x80 /Users/wualex/Documents/gcc-arm-none-eabi-9-2019-q4-major/bin/../lib/gcc/arm-none-eabi/9.2.1/../../../../arm-none-eabi/lib/thumb/v7e-m/nofp/libg_nano.a(lib_a-makebuf.o)
                0x0000000008008e30                __smakebuf_r
 .text._free_r  0x0000000008008eb0       0x9c /Users/wualex/Documents/gcc-arm-none-eabi-9-2019-q4-major/bin/../lib/gcc/arm-none-eabi/9.2.1/../../../../arm-none-eabi/lib/thumb/v7e-m/nofp/libg_nano.a(lib_a-nano-freer.o)
                0x0000000008008eb0                _free_r
 .text._malloc_r
                0x0000000008008f4c       0xb4 /Users/wualex/Documents/gcc-arm-none-eabi-9-2019-q4-major/bin/../lib/gcc/arm-none-eabi/9.2.1/../../../../arm-none-eabi/lib/thumb/v7e-m/nofp/libg_nano.a(lib_a-nano-mallocr.o)
                0x0000000008008f4c                _malloc_r
 .text.__sfputc_r
                0x0000000008009000       0x2a /Users/wualex/Documents/gcc-arm-none-eabi-9-2019-q4-major/bin/../lib/gcc/arm-none-eabi/9.2.1/../../../../arm-none-eabi/lib/thumb/v7e-m/nofp/libg_nano.a(lib_a-nano-vfprintf.o)
 .text.__sfputs_r
                0x000000000800902a       0x24 /Users/wualex/Documents/gcc-arm-none-eabi-9-2019-q4-major/bin/../lib/gcc/arm-none-eabi/9.2.1/../../../../arm-none-eabi/lib/thumb/v7e-m/nofp/libg_nano.a(lib_a-nano-vfprintf.o)
                0x000000000800902a                __sfputs_r
 *fill*         0x000000000800904e        0x2 
 .text._vfprintf_r
                0x0000000008009050      0x260 /Users/wualex/Documents/gcc-arm-none-eabi-9-2019-q4-major/bin/../lib/gcc/arm-none-eabi/9.2.1/../../../../arm-none-eabi/lib/thumb/v7e-m/nofp/libg_nano.a(lib_a-nano-vfprintf.o)
                0x0000000008009050                _vfiprintf_r
                0x0000000008009050                _vfprintf_r
 .text._printf_common
                0x00000000080092b0       0xda /Users/wualex/Documents/gcc-arm-none-eabi-9-2019-q4-major/bin/../lib/gcc/arm-none-eabi/9.2.1/../../../../arm-none-eabi/lib/thumb/v7e-m/nofp/libg_nano.a(lib_a-nano-vfprintf_i.o)
                0x00000000080092b0                _printf_common
 *fill*         0x000000000800938a        0x2 
 .text._printf_i
                0x000000000800938c      0x24c /Users/wualex/Documents/gcc-arm-none-eabi-9-2019-q4-major/bin/../lib/gcc/arm-none-eabi/9.2.1/../../../../arm-none-eabi/lib/thumb/v7e-m/nofp/libg_nano.a(lib_a-nano-vfprintf_i.o)
                0x000000000800938c                _printf_i
 .text._sbrk_r  0x00000000080095d8       0x20 /Users/wualex/Documents/gcc-arm-none-eabi-9-2019-q4-major/bin/../lib/gcc/arm-none-eabi/9.2.1/../../../../arm-none-eabi/lib/thumb/v7e-m/nofp/libg_nano.a(lib_a-sbrkr.o)
                0x00000000080095d8                _sbrk_r
 .text.__sread  0x00000000080095f8       0x22 /Users/wualex/Documents/gcc-arm-none-eabi-9-2019-q4-major/bin/../lib/gcc/arm-none-eabi/9.2.1/../../../../arm-none-eabi/lib/thumb/v7e-m/nofp/libg_nano.a(lib_a-stdio.o)
                0x00000000080095f8                __sread
 .text.__swrite
                0x000000000800961a       0x38 /Users/wualex/Documents/gcc-arm-none-eabi-9-2019-q4-major/bin/../lib/gcc/arm-none-eabi/9.2.1/../../../../arm-none-eabi/lib/thumb/v7e-m/nofp/libg_nano.a(lib_a-stdio.o)
                0x000000000800961a                __swrite
 .text.__sseek  0x0000000008009652       0x24 /Users/wualex/Documents/gcc-arm-none-eabi-9-2019-q4-major/bin/../lib/gcc/arm-none-eabi/9.2.1/../../../../arm-none-eabi/lib/thumb/v7e-m/nofp/libg_nano.a(lib_a-stdio.o)
                0x0000000008009652                __sseek
 .text.__sclose
                0x0000000008009676        0x8 /Users/wualex/Documents/gcc-arm-none-eabi-9-2019-q4-major/bin/../lib/gcc/arm-none-eabi/9.2.1/../../../../arm-none-eabi/lib/thumb/v7e-m/nofp/libg_nano.a(lib_a-stdio.o)
                0x0000000008009676                __sclose
 *fill*         0x000000000800967e        0x2 
 .text._write_r
                0x0000000008009680       0x24 /Users/wualex/Documents/gcc-arm-none-eabi-9-2019-q4-major/bin/../lib/gcc/arm-none-eabi/9.2.1/../../../../arm-none-eabi/lib/thumb/v7e-m/nofp/libg_nano.a(lib_a-writer.o)
                0x0000000008009680                _write_r
 .text._close_r
                0x00000000080096a4       0x20 /Users/wualex/Documents/gcc-arm-none-eabi-9-2019-q4-major/bin/../lib/gcc/arm-none-eabi/9.2.1/../../../../arm-none-eabi/lib/thumb/v7e-m/nofp/libg_nano.a(lib_a-closer.o)
                0x00000000080096a4                _close_r
 .text._fstat_r
                0x00000000080096c4       0x24 /Users/wualex/Documents/gcc-arm-none-eabi-9-2019-q4-major/bin/../lib/gcc/arm-none-eabi/9.2.1/../../../../arm-none-eabi/lib/thumb/v7e-m/nofp/libg_nano.a(lib_a-fstatr.o)
                0x00000000080096c4                _fstat_r
 .text._isatty_r
                0x00000000080096e8       0x20 /Users/wualex/Documents/gcc-arm-none-eabi-9-2019-q4-major/bin/../lib/gcc/arm-none-eabi/9.2.1/../../../../arm-none-eabi/lib/thumb/v7e-m/nofp/libg_nano.a(lib_a-isattyr.o)
                0x00000000080096e8                _isatty_r
 .text._lseek_r
                0x0000000008009708       0x24 /Users/wualex/Documents/gcc-arm-none-eabi-9-2019-q4-major/bin/../lib/gcc/arm-none-eabi/9.2.1/../../../../arm-none-eabi/lib/thumb/v7e-m/nofp/libg_nano.a(lib_a-lseekr.o)
                0x0000000008009708                _lseek_r
 .text.__malloc_lock
                0x000000000800972c        0xc /Users/wualex/Documents/gcc-arm-none-eabi-9-2019-q4-major/bin/../lib/gcc/arm-none-eabi/9.2.1/../../../../arm-none-eabi/lib/thumb/v7e-m/nofp/libg_nano.a(lib_a-mlock.o)
                0x000000000800972c                __malloc_lock
 .text.__malloc_unlock
                0x0000000008009738        0xc /Users/wualex/Documents/gcc-arm-none-eabi-9-2019-q4-major/bin/../lib/gcc/arm-none-eabi/9.2.1/../../../../arm-none-eabi/lib/thumb/v7e-m/nofp/libg_nano.a(lib_a-mlock.o)
                0x0000000008009738                __malloc_unlock
 .text._read_r  0x0000000008009744       0x24 /Users/wualex/Documents/gcc-arm-none-eabi-9-2019-q4-major/bin/../lib/gcc/arm-none-eabi/9.2.1/../../../../arm-none-eabi/lib/thumb/v7e-m/nofp/libg_nano.a(lib_a-readr.o)
                0x0000000008009744                _read_r
 *(.glue_7)
 .glue_7        0x0000000008009768        0x0 linker stubs
 *(.glue_7t)
 .glue_7t       0x0000000008009768        0x0 linker stubs
 *(.eh_frame)
 .eh_frame      0x0000000008009768        0x0 /Users/wualex/Documents/gcc-arm-none-eabi-9-2019-q4-major/bin/../lib/gcc/arm-none-eabi/9.2.1/thumb/v7e-m/nofp/crtbegin.o
 *(.init)
 .init          0x0000000008009768        0x4 /Users/wualex/Documents/gcc-arm-none-eabi-9-2019-q4-major/bin/../lib/gcc/arm-none-eabi/9.2.1/thumb/v7e-m/nofp/crti.o
                0x0000000008009768                _init
 .init          0x000000000800976c        0x8 /Users/wualex/Documents/gcc-arm-none-eabi-9-2019-q4-major/bin/../lib/gcc/arm-none-eabi/9.2.1/thumb/v7e-m/nofp/crtn.o
 *(.fini)
 .fini          0x0000000008009774        0x4 /Users/wualex/Documents/gcc-arm-none-eabi-9-2019-q4-major/bin/../lib/gcc/arm-none-eabi/9.2.1/thumb/v7e-m/nofp/crti.o
                0x0000000008009774                _fini
 .fini          0x0000000008009778        0x8 /Users/wualex/Documents/gcc-arm-none-eabi-9-2019-q4-major/bin/../lib/gcc/arm-none-eabi/9.2.1/thumb/v7e-m/nofp/crtn.o
                0x0000000008009780                . = ALIGN (0x8)
                0x0000000008009780                _etext = .

.vfp11_veneer   0x0000000008009780        0x0
 .vfp11_veneer  0x0000000008009780        0x0 linker stubs

.v4_bx          0x0000000008009780        0x0
 .v4_bx         0x0000000008009780        0x0 linker stubs

.iplt           0x0000000008009780        0x0
 .iplt          0x0000000008009780        0x0 /Users/wualex/Documents/gcc-arm-none-eabi-9-2019-q4-major/bin/../lib/gcc/arm-none-eabi/9.2.1/thumb/v7e-m/nofp/crtbegin.o

.rodata         0x0000000008009780     0x12d0
                0x0000000008009780                . = ALIGN (0x8)
 *(.rodata)
 .rodata        0x0000000008009780       0x22 CMakeFiles/TryPortLiteOS.elf.dir/Src/main.c.obj
 *fill*         0x00000000080097a2        0x2 
 .rodata        0x00000000080097a4       0x9f CMakeFiles/TryPortLiteOS.elf.dir/Middlewares/LiteOS/example/api/los_api_dynamic_mem.c.obj
 *fill*         0x0000000008009843        0x1 
 .rodata        0x0000000008009844      0x114 CMakeFiles/TryPortLiteOS.elf.dir/Middlewares/LiteOS/example/api/los_api_event.c.obj
 .rodata        0x0000000008009958       0xe3 CMakeFiles/TryPortLiteOS.elf.dir/Middlewares/LiteOS/example/api/los_api_list.c.obj
 *fill*         0x0000000008009a3b        0x1 
 .rodata        0x0000000008009a3c      0x130 CMakeFiles/TryPortLiteOS.elf.dir/Middlewares/LiteOS/example/api/los_api_msgqueue.c.obj
 .rodata        0x0000000008009b6c      0x1c0 CMakeFiles/TryPortLiteOS.elf.dir/Middlewares/LiteOS/example/api/los_api_mutex.c.obj
 .rodata        0x0000000008009d2c      0x1db CMakeFiles/TryPortLiteOS.elf.dir/Middlewares/LiteOS/example/api/los_api_sem.c.obj
 *fill*         0x0000000008009f07        0x1 
 .rodata        0x0000000008009f08       0xd8 CMakeFiles/TryPortLiteOS.elf.dir/Middlewares/LiteOS/example/api/los_api_static_mem.c.obj
 .rodata        0x0000000008009fe0       0x9e CMakeFiles/TryPortLiteOS.elf.dir/Middlewares/LiteOS/example/api/los_api_systick.c.obj
 *fill*         0x000000000800a07e        0x2 
 .rodata        0x000000000800a080      0x1ec CMakeFiles/TryPortLiteOS.elf.dir/Middlewares/LiteOS/example/api/los_api_task.c.obj
 .rodata        0x000000000800a26c      0x1cc CMakeFiles/TryPortLiteOS.elf.dir/Middlewares/LiteOS/example/api/los_api_timer.c.obj
 .rodata        0x000000000800a438       0xff CMakeFiles/TryPortLiteOS.elf.dir/Middlewares/LiteOS/example/api/los_inspect_entry.c.obj
 *fill*         0x000000000800a537        0x1 
 .rodata        0x000000000800a538        0x9 CMakeFiles/TryPortLiteOS.elf.dir/Middlewares/LiteOS/kernel/base/core/los_swtmr.c.obj
 *fill*         0x000000000800a541        0x3 
 .rodata        0x000000000800a544      0x26e CMakeFiles/TryPortLiteOS.elf.dir/Middlewares/LiteOS/kernel/base/core/los_task.c.obj
 *fill*         0x000000000800a7b2        0x2 
 .rodata        0x000000000800a7b4       0x3d CMakeFiles/TryPortLiteOS.elf.dir/Middlewares/LiteOS/kernel/base/ipc/los_mux.c.obj
 *fill*         0x000000000800a7f1        0x3 
 .rodata        0x000000000800a7f4       0x24 CMakeFiles/TryPortLiteOS.elf.dir/Middlewares/LiteOS/kernel/base/ipc/los_queue.c.obj
 .rodata        0x000000000800a818       0x5d CMakeFiles/TryPortLiteOS.elf.dir/Middlewares/LiteOS/kernel/base/ipc/los_sem.c.obj
 *fill*         0x000000000800a875        0x3 
 .rodata        0x000000000800a878       0x4c CMakeFiles/TryPortLiteOS.elf.dir/Middlewares/LiteOS/kernel/base/mem/bestfit_little/los_heap.c.obj
 .rodata        0x000000000800a8c4       0x37 CMakeFiles/TryPortLiteOS.elf.dir/Middlewares/LiteOS/kernel/base/mem/bestfit_little/los_memory.c.obj
 *fill*         0x000000000800a8fb        0x1 
 .rodata        0x000000000800a8fc       0x72 CMakeFiles/TryPortLiteOS.elf.dir/Middlewares/LiteOS/kernel/los_init.c.obj
 *(.rodata*)
 *fill*         0x000000000800a96e        0x2 
 .rodata.AHBPrescTable
                0x000000000800a970       0x10 CMakeFiles/TryPortLiteOS.elf.dir/Src/system_stm32l4xx.c.obj
                0x000000000800a970                AHBPrescTable
 .rodata.APBPrescTable
                0x000000000800a980        0x8 CMakeFiles/TryPortLiteOS.elf.dir/Src/system_stm32l4xx.c.obj
                0x000000000800a980                APBPrescTable
 .rodata.MSIRangeTable
                0x000000000800a988       0x30 CMakeFiles/TryPortLiteOS.elf.dir/Src/system_stm32l4xx.c.obj
                0x000000000800a988                MSIRangeTable
 .rodata._global_impure_ptr
                0x000000000800a9b8        0x4 /Users/wualex/Documents/gcc-arm-none-eabi-9-2019-q4-major/bin/../lib/gcc/arm-none-eabi/9.2.1/../../../../arm-none-eabi/lib/thumb/v7e-m/nofp/libg_nano.a(lib_a-impure.o)
                0x000000000800a9b8                _global_impure_ptr
 .rodata.__sf_fake_stderr
                0x000000000800a9bc       0x20 /Users/wualex/Documents/gcc-arm-none-eabi-9-2019-q4-major/bin/../lib/gcc/arm-none-eabi/9.2.1/../../../../arm-none-eabi/lib/thumb/v7e-m/nofp/libg_nano.a(lib_a-findfp.o)
                0x000000000800a9bc                __sf_fake_stderr
 .rodata.__sf_fake_stdin
                0x000000000800a9dc       0x20 /Users/wualex/Documents/gcc-arm-none-eabi-9-2019-q4-major/bin/../lib/gcc/arm-none-eabi/9.2.1/../../../../arm-none-eabi/lib/thumb/v7e-m/nofp/libg_nano.a(lib_a-findfp.o)
                0x000000000800a9dc                __sf_fake_stdin
 .rodata.__sf_fake_stdout
                0x000000000800a9fc       0x20 /Users/wualex/Documents/gcc-arm-none-eabi-9-2019-q4-major/bin/../lib/gcc/arm-none-eabi/9.2.1/../../../../arm-none-eabi/lib/thumb/v7e-m/nofp/libg_nano.a(lib_a-findfp.o)
                0x000000000800a9fc                __sf_fake_stdout
 .rodata._vfprintf_r.str1.1
                0x000000000800aa1c       0x11 /Users/wualex/Documents/gcc-arm-none-eabi-9-2019-q4-major/bin/../lib/gcc/arm-none-eabi/9.2.1/../../../../arm-none-eabi/lib/thumb/v7e-m/nofp/libg_nano.a(lib_a-nano-vfprintf.o)
 .rodata._printf_i.str1.1
                0x000000000800aa2d       0x22 /Users/wualex/Documents/gcc-arm-none-eabi-9-2019-q4-major/bin/../lib/gcc/arm-none-eabi/9.2.1/../../../../arm-none-eabi/lib/thumb/v7e-m/nofp/libg_nano.a(lib_a-nano-vfprintf_i.o)
                0x000000000800aa50                . = ALIGN (0x8)
 *fill*         0x000000000800aa4f        0x1 

.ARM.extab      0x000000000800aa50        0x0
                0x000000000800aa50                . = ALIGN (0x8)
 *(.ARM.extab* .gnu.linkonce.armextab.*)
                0x000000000800aa50                . = ALIGN (0x8)

.ARM            0x000000000800aa50        0x8
                0x000000000800aa50                . = ALIGN (0x8)
                0x000000000800aa50                __exidx_start = .
 *(.ARM.exidx*)
 .ARM.exidx     0x000000000800aa50        0x8 /Users/wualex/Documents/gcc-arm-none-eabi-9-2019-q4-major/bin/../lib/gcc/arm-none-eabi/9.2.1/thumb/v7e-m/nofp/libgcc.a(_udivmoddi4.o)
                0x000000000800aa58                __exidx_end = .
                0x000000000800aa58                . = ALIGN (0x8)

.rel.dyn        0x000000000800aa58        0x0
 .rel.iplt      0x000000000800aa58        0x0 /Users/wualex/Documents/gcc-arm-none-eabi-9-2019-q4-major/bin/../lib/gcc/arm-none-eabi/9.2.1/thumb/v7e-m/nofp/crtbegin.o

.preinit_array  0x000000000800aa58        0x0
                0x000000000800aa58                . = ALIGN (0x8)
                0x000000000800aa58                PROVIDE (__preinit_array_start = .)
 *(.preinit_array*)
                0x000000000800aa58                PROVIDE (__preinit_array_end = .)
                0x000000000800aa58                . = ALIGN (0x8)

.init_array     0x000000000800aa58        0x8
                0x000000000800aa58                . = ALIGN (0x8)
                0x000000000800aa58                PROVIDE (__init_array_start = .)
 *(SORT_BY_NAME(.init_array.*))
 *(.init_array*)
 .init_array    0x000000000800aa58        0x4 /Users/wualex/Documents/gcc-arm-none-eabi-9-2019-q4-major/bin/../lib/gcc/arm-none-eabi/9.2.1/thumb/v7e-m/nofp/crtbegin.o
                0x000000000800aa5c                PROVIDE (__init_array_end = .)
                0x000000000800aa60                . = ALIGN (0x8)
 *fill*         0x000000000800aa5c        0x4 

.fini_array     0x000000000800aa60        0x8
                0x000000000800aa60                . = ALIGN (0x8)
                [!provide]                        PROVIDE (__fini_array_start = .)
 *(SORT_BY_NAME(.fini_array.*))
 *(.fini_array*)
 .fini_array    0x000000000800aa60        0x4 /Users/wualex/Documents/gcc-arm-none-eabi-9-2019-q4-major/bin/../lib/gcc/arm-none-eabi/9.2.1/thumb/v7e-m/nofp/crtbegin.o
                [!provide]                        PROVIDE (__fini_array_end = .)
                0x000000000800aa68                . = ALIGN (0x8)
 *fill*         0x000000000800aa64        0x4 
                0x000000000800aa68                _sidata = LOADADDR (.data)

.data           0x0000000020000000      0x128 load address 0x000000000800aa68
                0x0000000020000000                . = ALIGN (0x8)
                0x0000000020000000                _sdata = .
 *(.data)
 *(.data*)
 .data.uwTickPrio
                0x0000000020000000        0x4 CMakeFiles/TryPortLiteOS.elf.dir/Drivers/STM32L4xx_HAL_Driver/Src/stm32l4xx_hal.c.obj
                0x0000000020000000                uwTickPrio
 .data.uwTickFreq
                0x0000000020000004        0x4 CMakeFiles/TryPortLiteOS.elf.dir/Drivers/STM32L4xx_HAL_Driver/Src/stm32l4xx_hal.c.obj
                0x0000000020000004                uwTickFreq
 .data.SystemCoreClock
                0x0000000020000008        0x4 CMakeFiles/TryPortLiteOS.elf.dir/Src/system_stm32l4xx.c.obj
                0x0000000020000008                SystemCoreClock
 .data.abuf     0x000000002000000c       0x12 CMakeFiles/TryPortLiteOS.elf.dir/Middlewares/LiteOS/example/api/los_api_msgqueue.c.obj
 *fill*         0x000000002000001e        0x2 
 .data.gInspect
                0x0000000020000020       0xa0 CMakeFiles/TryPortLiteOS.elf.dir/Middlewares/LiteOS/example/api/los_inspect_entry.c.obj
 .data._impure_ptr
                0x00000000200000c0        0x4 /Users/wualex/Documents/gcc-arm-none-eabi-9-2019-q4-major/bin/../lib/gcc/arm-none-eabi/9.2.1/../../../../arm-none-eabi/lib/thumb/v7e-m/nofp/libg_nano.a(lib_a-impure.o)
                0x00000000200000c0                _impure_ptr
 .data.impure_data
                0x00000000200000c4       0x60 /Users/wualex/Documents/gcc-arm-none-eabi-9-2019-q4-major/bin/../lib/gcc/arm-none-eabi/9.2.1/../../../../arm-none-eabi/lib/thumb/v7e-m/nofp/libg_nano.a(lib_a-impure.o)
                0x0000000020000128                . = ALIGN (0x8)
 *fill*         0x0000000020000124        0x4 
                0x0000000020000128                _edata = .

.igot.plt       0x0000000020000128        0x0 load address 0x000000000800ab90
 .igot.plt      0x0000000020000128        0x0 /Users/wualex/Documents/gcc-arm-none-eabi-9-2019-q4-major/bin/../lib/gcc/arm-none-eabi/9.2.1/thumb/v7e-m/nofp/crtbegin.o
                0x0000000020000128                . = ALIGN (0x4)

.bss            0x0000000020000128      0x690 load address 0x000000000800ab90
                0x0000000020000128                _sbss = .
                0x0000000020000128                __bss_start__ = _sbss
 *(.bss)
 .bss           0x0000000020000128       0x1c /Users/wualex/Documents/gcc-arm-none-eabi-9-2019-q4-major/bin/../lib/gcc/arm-none-eabi/9.2.1/thumb/v7e-m/nofp/crtbegin.o
 *(.bss*)
 .bss.uwTick    0x0000000020000144        0x4 CMakeFiles/TryPortLiteOS.elf.dir/Drivers/STM32L4xx_HAL_Driver/Src/stm32l4xx_hal.c.obj
                0x0000000020000144                uwTick
 .bss.heap_end.6018
                0x0000000020000148        0x4 CMakeFiles/TryPortLiteOS.elf.dir/Src/syscalls.c.obj
 .bss.huart1    0x000000002000014c       0x80 CMakeFiles/TryPortLiteOS.elf.dir/Src/usart.c.obj
                0x000000002000014c                huart1
 .bss.pDynMem   0x00000000200001cc      0x100 CMakeFiles/TryPortLiteOS.elf.dir/Middlewares/LiteOS/example/api/los_api_dynamic_mem.c.obj
 .bss.g_TestTaskID
                0x00000000200002cc        0x4 CMakeFiles/TryPortLiteOS.elf.dir/Middlewares/LiteOS/example/api/los_api_event.c.obj
 .bss.example_event
                0x00000000200002d0        0xc CMakeFiles/TryPortLiteOS.elf.dir/Middlewares/LiteOS/example/api/los_api_event.c.obj
 .bss.g_uwQueue
                0x00000000200002dc        0x4 CMakeFiles/TryPortLiteOS.elf.dir/Middlewares/LiteOS/example/api/los_api_msgqueue.c.obj
 .bss.g_Testmux01
                0x00000000200002e0        0x4 CMakeFiles/TryPortLiteOS.elf.dir/Middlewares/LiteOS/example/api/los_api_mutex.c.obj
 .bss.g_TestTaskID01
                0x00000000200002e4        0x4 CMakeFiles/TryPortLiteOS.elf.dir/Middlewares/LiteOS/example/api/los_api_mutex.c.obj
 .bss.g_TestTaskID02
                0x00000000200002e8        0x4 CMakeFiles/TryPortLiteOS.elf.dir/Middlewares/LiteOS/example/api/los_api_mutex.c.obj
 .bss.g_TestTaskID01
                0x00000000200002ec        0x4 CMakeFiles/TryPortLiteOS.elf.dir/Middlewares/LiteOS/example/api/los_api_sem.c.obj
 .bss.g_TestTaskID02
                0x00000000200002f0        0x4 CMakeFiles/TryPortLiteOS.elf.dir/Middlewares/LiteOS/example/api/los_api_sem.c.obj
 .bss.g_usSemID
                0x00000000200002f4        0x4 CMakeFiles/TryPortLiteOS.elf.dir/Middlewares/LiteOS/example/api/los_api_sem.c.obj
 .bss.pBoxMem   0x00000000200002f8      0x240 CMakeFiles/TryPortLiteOS.elf.dir/Middlewares/LiteOS/example/api/los_api_static_mem.c.obj
 .bss.g_uwTskHiID
                0x0000000020000538        0x4 CMakeFiles/TryPortLiteOS.elf.dir/Middlewares/LiteOS/example/api/los_api_task.c.obj
 .bss.g_uwTskLoID
                0x000000002000053c        0x4 CMakeFiles/TryPortLiteOS.elf.dir/Middlewares/LiteOS/example/api/los_api_task.c.obj
 .bss.g_timercount1
                0x0000000020000540        0x4 CMakeFiles/TryPortLiteOS.elf.dir/Middlewares/LiteOS/example/api/los_api_timer.c.obj
 .bss.g_timercount2
                0x0000000020000544        0x4 CMakeFiles/TryPortLiteOS.elf.dir/Middlewares/LiteOS/example/api/los_api_timer.c.obj
 .bss.gInspectErrCnt
                0x0000000020000548        0x4 CMakeFiles/TryPortLiteOS.elf.dir/Middlewares/LiteOS/example/api/los_inspect_entry.c.obj
 .bss.g_uwDemoTaskID
                0x000000002000054c        0x4 CMakeFiles/TryPortLiteOS.elf.dir/Middlewares/LiteOS/example/api/los_inspect_entry.c.obj
 .bss.g_pstLosPriorityQueueList
                0x0000000020000550        0x4 CMakeFiles/TryPortLiteOS.elf.dir/Middlewares/LiteOS/kernel/base/core/los_priqueue.c.obj
                0x0000000020000550                g_pstLosPriorityQueueList
 .bss.g_uwPriQueueBitmap
                0x0000000020000554        0x4 CMakeFiles/TryPortLiteOS.elf.dir/Middlewares/LiteOS/kernel/base/core/los_priqueue.c.obj
 .bss.m_uwSwTmrHandlerQueue
                0x0000000020000558        0x4 CMakeFiles/TryPortLiteOS.elf.dir/Middlewares/LiteOS/kernel/base/core/los_swtmr.c.obj
                0x0000000020000558                m_uwSwTmrHandlerQueue
 .bss.m_pstSwtmrCBArray
                0x000000002000055c        0x4 CMakeFiles/TryPortLiteOS.elf.dir/Middlewares/LiteOS/kernel/base/core/los_swtmr.c.obj
                0x000000002000055c                m_pstSwtmrCBArray
 .bss.m_pstSwtmrFreeList
                0x0000000020000560        0x4 CMakeFiles/TryPortLiteOS.elf.dir/Middlewares/LiteOS/kernel/base/core/los_swtmr.c.obj
                0x0000000020000560                m_pstSwtmrFreeList
 .bss.m_pstSwtmrSortList
                0x0000000020000564        0x4 CMakeFiles/TryPortLiteOS.elf.dir/Middlewares/LiteOS/kernel/base/core/los_swtmr.c.obj
                0x0000000020000564                m_pstSwtmrSortList
 .bss.m_uwSwTmrAlignID
                0x0000000020000568       0x40 CMakeFiles/TryPortLiteOS.elf.dir/Middlewares/LiteOS/kernel/base/core/los_swtmr.c.obj
                0x0000000020000568                m_uwSwTmrAlignID
 .bss.g_pstTaskCBArray
                0x00000000200005a8        0x4 CMakeFiles/TryPortLiteOS.elf.dir/Middlewares/LiteOS/kernel/base/core/los_task.c.obj
                0x00000000200005a8                g_pstTaskCBArray
 .bss.g_stLosTask
                0x00000000200005ac        0x8 CMakeFiles/TryPortLiteOS.elf.dir/Middlewares/LiteOS/kernel/base/core/los_task.c.obj
                0x00000000200005ac                g_stLosTask
 .bss.g_usLosTaskLock
                0x00000000200005b4        0x2 CMakeFiles/TryPortLiteOS.elf.dir/Middlewares/LiteOS/kernel/base/core/los_task.c.obj
                0x00000000200005b4                g_usLosTaskLock
 *fill*         0x00000000200005b6        0x2 
 .bss.g_uwTskMaxNum
                0x00000000200005b8        0x4 CMakeFiles/TryPortLiteOS.elf.dir/Middlewares/LiteOS/kernel/base/core/los_task.c.obj
                0x00000000200005b8                g_uwTskMaxNum
 .bss.g_uwIdleTaskID
                0x00000000200005bc        0x4 CMakeFiles/TryPortLiteOS.elf.dir/Middlewares/LiteOS/kernel/base/core/los_task.c.obj
                0x00000000200005bc                g_uwIdleTaskID
 .bss.g_uwSwtmrTaskID
                0x00000000200005c0        0x4 CMakeFiles/TryPortLiteOS.elf.dir/Middlewares/LiteOS/kernel/base/core/los_task.c.obj
                0x00000000200005c0                g_uwSwtmrTaskID
 .bss.g_stTaskTimerList
                0x00000000200005c4        0x8 CMakeFiles/TryPortLiteOS.elf.dir/Middlewares/LiteOS/kernel/base/core/los_task.c.obj
                0x00000000200005c4                g_stTaskTimerList
 .bss.g_stLosFreeTask
                0x00000000200005cc        0x8 CMakeFiles/TryPortLiteOS.elf.dir/Middlewares/LiteOS/kernel/base/core/los_task.c.obj
                0x00000000200005cc                g_stLosFreeTask
 .bss.g_stTskRecyleList
                0x00000000200005d4        0x8 CMakeFiles/TryPortLiteOS.elf.dir/Middlewares/LiteOS/kernel/base/core/los_task.c.obj
                0x00000000200005d4                g_stTskRecyleList
 .bss.g_stTskSortLink
                0x00000000200005dc        0x8 CMakeFiles/TryPortLiteOS.elf.dir/Middlewares/LiteOS/kernel/base/core/los_task.c.obj
                0x00000000200005dc                g_stTskSortLink
 .bss.g_bTaskScheduled
                0x00000000200005e4        0x4 CMakeFiles/TryPortLiteOS.elf.dir/Middlewares/LiteOS/kernel/base/core/los_task.c.obj
                0x00000000200005e4                g_bTaskScheduled
 .bss.g_pfnTskSwitchHook
                0x00000000200005e8        0x4 CMakeFiles/TryPortLiteOS.elf.dir/Middlewares/LiteOS/kernel/base/core/los_task.c.obj
                0x00000000200005e8                g_pfnTskSwitchHook
 .bss.g_pfnUsrTskSwitchHook
                0x00000000200005ec        0x4 CMakeFiles/TryPortLiteOS.elf.dir/Middlewares/LiteOS/kernel/base/core/los_task.c.obj
                0x00000000200005ec                g_pfnUsrTskSwitchHook
 .bss.g_astTskSwitchInfo
                0x00000000200005f0      0x156 CMakeFiles/TryPortLiteOS.elf.dir/Middlewares/LiteOS/kernel/base/core/los_task.c.obj
                0x00000000200005f0                g_astTskSwitchInfo
 *fill*         0x0000000020000746        0x2 
 .bss.g_ullTickCount
                0x0000000020000748        0x8 CMakeFiles/TryPortLiteOS.elf.dir/Middlewares/LiteOS/kernel/base/core/los_tick.c.obj
                0x0000000020000748                g_ullTickCount
 .bss.g_uwCyclesPerTick
                0x0000000020000750        0x4 CMakeFiles/TryPortLiteOS.elf.dir/Middlewares/LiteOS/kernel/base/core/los_tick.c.obj
                0x0000000020000750                g_uwCyclesPerTick
 .bss.g_bSysTickStart
                0x0000000020000754        0x4 CMakeFiles/TryPortLiteOS.elf.dir/Middlewares/LiteOS/kernel/base/core/los_tick.c.obj
                0x0000000020000754                g_bSysTickStart
 .bss.g_stTaskTimeSlice