Archive member included to satisfy reference by file (symbol)

/Users/wualex/Documents/gcc-arm-none-eabi-9-2019-q4-major/bin/../lib/gcc/arm-none-eabi/9.2.1/../../../../arm-none-eabi/lib/thumb/v7e-m/nofp/libg_nano.a(lib_a-errno.o)
                              CMakeFiles/BlinkLED.elf.dir/Src/syscalls.c.obj (__errno)
/Users/wualex/Documents/gcc-arm-none-eabi-9-2019-q4-major/bin/../lib/gcc/arm-none-eabi/9.2.1/../../../../arm-none-eabi/lib/thumb/v7e-m/nofp/libg_nano.a(lib_a-exit.o)
                              /Users/wualex/Documents/gcc-arm-none-eabi-9-2019-q4-major/bin/../lib/gcc/arm-none-eabi/9.2.1/../../../../arm-none-eabi/lib/thumb/v7e-m/nofp/crt0.o (exit)
/Users/wualex/Documents/gcc-arm-none-eabi-9-2019-q4-major/bin/../lib/gcc/arm-none-eabi/9.2.1/../../../../arm-none-eabi/lib/thumb/v7e-m/nofp/libg_nano.a(lib_a-impure.o)
                              /Users/wualex/Documents/gcc-arm-none-eabi-9-2019-q4-major/bin/../lib/gcc/arm-none-eabi/9.2.1/../../../../arm-none-eabi/lib/thumb/v7e-m/nofp/libg_nano.a(lib_a-exit.o) (_global_impure_ptr)
/Users/wualex/Documents/gcc-arm-none-eabi-9-2019-q4-major/bin/../lib/gcc/arm-none-eabi/9.2.1/../../../../arm-none-eabi/lib/thumb/v7e-m/nofp/libg_nano.a(lib_a-init.o)
                              /Users/wualex/Documents/gcc-arm-none-eabi-9-2019-q4-major/bin/../lib/gcc/arm-none-eabi/9.2.1/../../../../arm-none-eabi/lib/thumb/v7e-m/nofp/crt0.o (__libc_init_array)
/Users/wualex/Documents/gcc-arm-none-eabi-9-2019-q4-major/bin/../lib/gcc/arm-none-eabi/9.2.1/../../../../arm-none-eabi/lib/thumb/v7e-m/nofp/libg_nano.a(lib_a-memset.o)
                              /Users/wualex/Documents/gcc-arm-none-eabi-9-2019-q4-major/bin/../lib/gcc/arm-none-eabi/9.2.1/../../../../arm-none-eabi/lib/thumb/v7e-m/nofp/crt0.o (memset)

Discarded input sections

 .text          0x0000000000000000        0x0 /Users/wualex/Documents/gcc-arm-none-eabi-9-2019-q4-major/bin/../lib/gcc/arm-none-eabi/9.2.1/thumb/v7e-m/nofp/crti.o
 .data          0x0000000000000000        0x0 /Users/wualex/Documents/gcc-arm-none-eabi-9-2019-q4-major/bin/../lib/gcc/arm-none-eabi/9.2.1/thumb/v7e-m/nofp/crti.o
 .bss           0x0000000000000000        0x0 /Users/wualex/Documents/gcc-arm-none-eabi-9-2019-q4-major/bin/../lib/gcc/arm-none-eabi/9.2.1/thumb/v7e-m/nofp/crti.o
 .data          0x0000000000000000        0x4 /Users/wualex/Documents/gcc-arm-none-eabi-9-2019-q4-major/bin/../lib/gcc/arm-none-eabi/9.2.1/thumb/v7e-m/nofp/crtbegin.o
 .text          0x0000000000000000       0x74 /Users/wualex/Documents/gcc-arm-none-eabi-9-2019-q4-major/bin/../lib/gcc/arm-none-eabi/9.2.1/../../../../arm-none-eabi/lib/thumb/v7e-m/nofp/crt0.o
 .data          0x0000000000000000        0x0 /Users/wualex/Documents/gcc-arm-none-eabi-9-2019-q4-major/bin/../lib/gcc/arm-none-eabi/9.2.1/../../../../arm-none-eabi/lib/thumb/v7e-m/nofp/crt0.o
 .bss           0x0000000000000000        0x0 /Users/wualex/Documents/gcc-arm-none-eabi-9-2019-q4-major/bin/../lib/gcc/arm-none-eabi/9.2.1/../../../../arm-none-eabi/lib/thumb/v7e-m/nofp/crt0.o
 .ARM.extab     0x0000000000000000        0x0 /Users/wualex/Documents/gcc-arm-none-eabi-9-2019-q4-major/bin/../lib/gcc/arm-none-eabi/9.2.1/../../../../arm-none-eabi/lib/thumb/v7e-m/nofp/crt0.o
 .ARM.exidx     0x0000000000000000        0x8 /Users/wualex/Documents/gcc-arm-none-eabi-9-2019-q4-major/bin/../lib/gcc/arm-none-eabi/9.2.1/../../../../arm-none-eabi/lib/thumb/v7e-m/nofp/crt0.o
 .ARM.attributes
                0x0000000000000000       0x1c /Users/wualex/Documents/gcc-arm-none-eabi-9-2019-q4-major/bin/../lib/gcc/arm-none-eabi/9.2.1/../../../../arm-none-eabi/lib/thumb/v7e-m/nofp/crt0.o
 .text          0x0000000000000000        0x0 CMakeFiles/BlinkLED.elf.dir/Drivers/STM32L4xx_HAL_Driver/Src/stm32l4xx_hal.c.obj
 .data          0x0000000000000000        0x0 CMakeFiles/BlinkLED.elf.dir/Drivers/STM32L4xx_HAL_Driver/Src/stm32l4xx_hal.c.obj
 .bss           0x0000000000000000        0x0 CMakeFiles/BlinkLED.elf.dir/Drivers/STM32L4xx_HAL_Driver/Src/stm32l4xx_hal.c.obj
 .text.HAL_DeInit
                0x0000000000000000       0x58 CMakeFiles/BlinkLED.elf.dir/Drivers/STM32L4xx_HAL_Driver/Src/stm32l4xx_hal.c.obj
 .text.HAL_MspInit
                0x0000000000000000        0xc CMakeFiles/BlinkLED.elf.dir/Drivers/STM32L4xx_HAL_Driver/Src/stm32l4xx_hal.c.obj
 .text.HAL_MspDeInit
                0x0000000000000000        0xc CMakeFiles/BlinkLED.elf.dir/Drivers/STM32L4xx_HAL_Driver/Src/stm32l4xx_hal.c.obj
 .text.HAL_GetTickPrio
                0x0000000000000000       0x14 CMakeFiles/BlinkLED.elf.dir/Drivers/STM32L4xx_HAL_Driver/Src/stm32l4xx_hal.c.obj
 .text.HAL_SetTickFreq
                0x0000000000000000       0x44 CMakeFiles/BlinkLED.elf.dir/Drivers/STM32L4xx_HAL_Driver/Src/stm32l4xx_hal.c.obj
 .text.HAL_GetTickFreq
                0x0000000000000000       0x14 CMakeFiles/BlinkLED.elf.dir/Drivers/STM32L4xx_HAL_Driver/Src/stm32l4xx_hal.c.obj
 .text.HAL_SuspendTick
[...]
Memory Configuration

Name             Origin             Length             Attributes
RAM              0x0000000020000000 0x0000000000010000 xrw
FLASH            0x0000000008000000 0x0000000000040000 xr
*default*        0x0000000000000000 0xffffffffffffffff

Linker script and memory map

LOAD /Users/wualex/Documents/gcc-arm-none-eabi-9-2019-q4-major/bin/../lib/gcc/arm-none-eabi/9.2.1/thumb/v7e-m/nofp/crti.o
LOAD /Users/wualex/Documents/gcc-arm-none-eabi-9-2019-q4-major/bin/../lib/gcc/arm-none-eabi/9.2.1/thumb/v7e-m/nofp/crtbegin.o
LOAD /Users/wualex/Documents/gcc-arm-none-eabi-9-2019-q4-major/bin/../lib/gcc/arm-none-eabi/9.2.1/../../../../arm-none-eabi/lib/thumb/v7e-m/nofp/crt0.o
LOAD CMakeFiles/BlinkLED.elf.dir/Drivers/STM32L4xx_HAL_Driver/Src/stm32l4xx_hal.c.obj
LOAD CMakeFiles/BlinkLED.elf.dir/Drivers/STM32L4xx_HAL_Driver/Src/stm32l4xx_hal_cortex.c.obj
LOAD CMakeFiles/BlinkLED.elf.dir/Drivers/STM32L4xx_HAL_Driver/Src/stm32l4xx_hal_dma.c.obj
LOAD CMakeFiles/BlinkLED.elf.dir/Drivers/STM32L4xx_HAL_Driver/Src/stm32l4xx_hal_dma_ex.c.obj
LOAD CMakeFiles/BlinkLED.elf.dir/Drivers/STM32L4xx_HAL_Driver/Src/stm32l4xx_hal_exti.c.obj
LOAD CMakeFiles/BlinkLED.elf.dir/Drivers/STM32L4xx_HAL_Driver/Src/stm32l4xx_hal_flash.c.obj
LOAD CMakeFiles/BlinkLED.elf.dir/Drivers/STM32L4xx_HAL_Driver/Src/stm32l4xx_hal_flash_ex.c.obj
LOAD CMakeFiles/BlinkLED.elf.dir/Drivers/STM32L4xx_HAL_Driver/Src/stm32l4xx_hal_flash_ramfunc.c.obj
LOAD CMakeFiles/BlinkLED.elf.dir/Drivers/STM32L4xx_HAL_Driver/Src/stm32l4xx_hal_gpio.c.obj
LOAD CMakeFiles/BlinkLED.elf.dir/Drivers/STM32L4xx_HAL_Driver/Src/stm32l4xx_hal_i2c.c.obj
LOAD CMakeFiles/BlinkLED.elf.dir/Drivers/STM32L4xx_HAL_Driver/Src/stm32l4xx_hal_i2c_ex.c.obj
LOAD CMakeFiles/BlinkLED.elf.dir/Drivers/STM32L4xx_HAL_Driver/Src/stm32l4xx_hal_pwr.c.obj
LOAD CMakeFiles/BlinkLED.elf.dir/Drivers/STM32L4xx_HAL_Driver/Src/stm32l4xx_hal_pwr_ex.c.obj
LOAD CMakeFiles/BlinkLED.elf.dir/Drivers/STM32L4xx_HAL_Driver/Src/stm32l4xx_hal_rcc.c.obj
LOAD CMakeFiles/BlinkLED.elf.dir/Drivers/STM32L4xx_HAL_Driver/Src/stm32l4xx_hal_rcc_ex.c.obj
LOAD CMakeFiles/BlinkLED.elf.dir/Drivers/STM32L4xx_HAL_Driver/Src/stm32l4xx_hal_tim.c.obj
LOAD CMakeFiles/BlinkLED.elf.dir/Drivers/STM32L4xx_HAL_Driver/Src/stm32l4xx_hal_tim_ex.c.obj
LOAD CMakeFiles/BlinkLED.elf.dir/Src/gpio.c.obj
LOAD CMakeFiles/BlinkLED.elf.dir/Src/main.c.obj
LOAD CMakeFiles/BlinkLED.elf.dir/Src/stm32l4xx_hal_msp.c.obj
LOAD CMakeFiles/BlinkLED.elf.dir/Src/stm32l4xx_it.c.obj
LOAD CMakeFiles/BlinkLED.elf.dir/Src/sys.c.obj
LOAD CMakeFiles/BlinkLED.elf.dir/Src/syscalls.c.obj
LOAD CMakeFiles/BlinkLED.elf.dir/Src/system_stm32l4xx.c.obj
LOAD CMakeFiles/BlinkLED.elf.dir/startup/startup_stm32l431xx.s.obj
START GROUP
LOAD /Users/wualex/Documents/gcc-arm-none-eabi-9-2019-q4-major/bin/../lib/gcc/arm-none-eabi/9.2.1/thumb/v7e-m/nofp/libgcc.a
LOAD /Users/wualex/Documents/gcc-arm-none-eabi-9-2019-q4-major/bin/../lib/gcc/arm-none-eabi/9.2.1/../../../../arm-none-eabi/lib/thumb/v7e-m/nofp/libg_nano.a
LOAD /Users/wualex/Documents/gcc-arm-none-eabi-9-2019-q4-major/bin/../lib/gcc/arm-none-eabi/9.2.1/../../../../arm-none-eabi/lib/thumb/v7e-m/nofp/libc_nano.a
END GROUP
START GROUP
LOAD /Users/wualex/Documents/gcc-arm-none-eabi-9-2019-q4-major/bin/../lib/gcc/arm-none-eabi/9.2.1/thumb/v7e-m/nofp/libgcc.a
LOAD /Users/wualex/Documents/gcc-arm-none-eabi-9-2019-q4-major/bin/../lib/gcc/arm-none-eabi/9.2.1/../../../../arm-none-eabi/lib/thumb/v7e-m/nofp/libc_nano.a
LOAD /Users/wualex/Documents/gcc-arm-none-eabi-9-2019-q4-major/bin/../lib/gcc/arm-none-eabi/9.2.1/../../../../arm-none-eabi/lib/thumb/v7e-m/nofp/libnosys.a
END GROUP
START GROUP
LOAD /Users/wualex/Documents/gcc-arm-none-eabi-9-2019-q4-major/bin/../lib/gcc/arm-none-eabi/9.2.1/thumb/v7e-m/nofp/libgcc.a
LOAD /Users/wualex/Documents/gcc-arm-none-eabi-9-2019-q4-major/bin/../lib/gcc/arm-none-eabi/9.2.1/../../../../arm-none-eabi/lib/thumb/v7e-m/nofp/libc_nano.a
LOAD /Users/wualex/Documents/gcc-arm-none-eabi-9-2019-q4-major/bin/../lib/gcc/arm-none-eabi/9.2.1/../../../../arm-none-eabi/lib/thumb/v7e-m/nofp/libnosys.a
END GROUP
LOAD /Users/wualex/Documents/gcc-arm-none-eabi-9-2019-q4-major/bin/../lib/gcc/arm-none-eabi/9.2.1/thumb/v7e-m/nofp/crtend.o
LOAD /Users/wualex/Documents/gcc-arm-none-eabi-9-2019-q4-major/bin/../lib/gcc/arm-none-eabi/9.2.1/thumb/v7e-m/nofp/crtn.o
                0x0000000020010000                _estack = 0x20010000
                0x0000000000000200                _Min_Heap_Size = 0x200
                0x0000000000000400                _Min_Stack_Size = 0x400

.isr_vector     0x0000000008000000      0x190
                0x0000000008000000                . = ALIGN (0x8)
 *(.isr_vector)
 .isr_vector    0x0000000008000000      0x18c CMakeFiles/BlinkLED.elf.dir/startup/startup_stm32l431xx.s.obj
                0x0000000008000000                g_pfnVectors
                0x0000000008000190                . = ALIGN (0x8)
 *fill*         0x000000000800018c        0x4 

.text           0x0000000008000190     0x15d0
                0x0000000008000190                . = ALIGN (0x8)
 *(.text)
 .text          0x0000000008000190       0x40 /Users/wualex/Documents/gcc-arm-none-eabi-9-2019-q4-major/bin/../lib/gcc/arm-none-eabi/9.2.1/thumb/v7e-m/nofp/crtbegin.o
 *(.text*)
 .text.HAL_Init
                0x00000000080001d0       0x30 CMakeFiles/BlinkLED.elf.dir/Drivers/STM32L4xx_HAL_Driver/Src/stm32l4xx_hal.c.obj
                0x00000000080001d0                HAL_Init
 .text.HAL_InitTick
                0x0000000008000200       0x74 CMakeFiles/BlinkLED.elf.dir/Drivers/STM32L4xx_HAL_Driver/Src/stm32l4xx_hal.c.obj
                0x0000000008000200                HAL_InitTick
 .text.HAL_IncTick
                0x0000000008000274       0x24 CMakeFiles/BlinkLED.elf.dir/Drivers/STM32L4xx_HAL_Driver/Src/stm32l4xx_hal.c.obj
                0x0000000008000274                HAL_IncTick
 .text.HAL_GetTick
                0x0000000008000298       0x14 CMakeFiles/BlinkLED.elf.dir/Drivers/STM32L4xx_HAL_Driver/Src/stm32l4xx_hal.c.obj
                0x0000000008000298                HAL_GetTick
 .text.HAL_Delay
                0x00000000080002ac       0x44 CMakeFiles/BlinkLED.elf.dir/Drivers/STM32L4xx_HAL_Driver/Src/stm32l4xx_hal.c.obj
                0x00000000080002ac                HAL_Delay
 .text.__NVIC_SetPriorityGrouping
                0x00000000080002f0       0x48 CMakeFiles/BlinkLED.elf.dir/Drivers/STM32L4xx_HAL_Driver/Src/stm32l4xx_hal_cortex.c.obj
 .text.__NVIC_GetPriorityGrouping
                0x0000000008000338       0x1c CMakeFiles/BlinkLED.elf.dir/Drivers/STM32L4xx_HAL_Driver/Src/stm32l4xx_hal_cortex.c.obj
 .text.__NVIC_SetPriority
                0x0000000008000354       0x54 CMakeFiles/BlinkLED.elf.dir/Drivers/STM32L4xx_HAL_Driver/Src/stm32l4xx_hal_cortex.c.obj
 .text.NVIC_EncodePriority
                0x00000000080003a8       0x64 CMakeFiles/BlinkLED.elf.dir/Drivers/STM32L4xx_HAL_Driver/Src/stm32l4xx_hal_cortex.c.obj
 .text.SysTick_Config
                0x000000000800040c       0x44 CMakeFiles/BlinkLED.elf.dir/Drivers/STM32L4xx_HAL_Driver/Src/stm32l4xx_hal_cortex.c.obj
 .text.HAL_NVIC_SetPriorityGrouping
                0x0000000008000450       0x16 CMakeFiles/BlinkLED.elf.dir/Drivers/STM32L4xx_HAL_Driver/Src/stm32l4xx_hal_cortex.c.obj
                0x0000000008000450                HAL_NVIC_SetPriorityGrouping
 .text.HAL_NVIC_SetPriority
                0x0000000008000466       0x38 CMakeFiles/BlinkLED.elf.dir/Drivers/STM32L4xx_HAL_Driver/Src/stm32l4xx_hal_cortex.c.obj
                0x0000000008000466                HAL_NVIC_SetPriority
 .text.HAL_SYSTICK_Config
                0x000000000800049e       0x18 CMakeFiles/BlinkLED.elf.dir/Drivers/STM32L4xx_HAL_Driver/Src/stm32l4xx_hal_cortex.c.obj
                0x000000000800049e                HAL_SYSTICK_Config
 *fill*         0x00000000080004b6        0x2 
 .text.HAL_GPIO_Init
                0x00000000080004b8      0x2f4 CMakeFiles/BlinkLED.elf.dir/Drivers/STM32L4xx_HAL_Driver/Src/stm32l4xx_hal_gpio.c.obj
                0x00000000080004b8                HAL_GPIO_Init
 .text.HAL_GPIO_WritePin
                0x00000000080007ac       0x2e CMakeFiles/BlinkLED.elf.dir/Drivers/STM32L4xx_HAL_Driver/Src/stm32l4xx_hal_gpio.c.obj
                0x00000000080007ac                HAL_GPIO_WritePin
 .text.HAL_GPIO_TogglePin
                0x00000000080007da       0x30 CMakeFiles/BlinkLED.elf.dir/Drivers/STM32L4xx_HAL_Driver/Src/stm32l4xx_hal_gpio.c.obj
                0x00000000080007da                HAL_GPIO_TogglePin
 *fill*         0x000000000800080a        0x2 
 .text.HAL_PWREx_GetVoltageRange
                0x000000000800080c       0x18 CMakeFiles/BlinkLED.elf.dir/Drivers/STM32L4xx_HAL_Driver/Src/stm32l4xx_hal_pwr_ex.c.obj
                0x000000000800080c                HAL_PWREx_GetVoltageRange
 .text.HAL_PWREx_ControlVoltageScaling
                0x0000000008000824       0xa8 CMakeFiles/BlinkLED.elf.dir/Drivers/STM32L4xx_HAL_Driver/Src/stm32l4xx_hal_pwr_ex.c.obj
                0x0000000008000824                HAL_PWREx_ControlVoltageScaling
 .text.HAL_RCC_OscConfig
                0x00000000080008cc      0x7dc CMakeFiles/BlinkLED.elf.dir/Drivers/STM32L4xx_HAL_Driver/Src/stm32l4xx_hal_rcc.c.obj
                0x00000000080008cc                HAL_RCC_OscConfig
 .text.HAL_RCC_ClockConfig
                0x00000000080010a8      0x1c4 CMakeFiles/BlinkLED.elf.dir/Drivers/STM32L4xx_HAL_Driver/Src/stm32l4xx_hal_rcc.c.obj
                0x00000000080010a8                HAL_RCC_ClockConfig
 .text.HAL_RCC_GetSysClockFreq
                0x000000000800126c      0x114 CMakeFiles/BlinkLED.elf.dir/Drivers/STM32L4xx_HAL_Driver/Src/stm32l4xx_hal_rcc.c.obj
                0x000000000800126c                HAL_RCC_GetSysClockFreq
 .text.RCC_SetFlashLatencyFromMSIRange
                0x0000000008001380       0xc0 CMakeFiles/BlinkLED.elf.dir/Drivers/STM32L4xx_HAL_Driver/Src/stm32l4xx_hal_rcc.c.obj
 .text.MX_GPIO_Init
                0x0000000008001440       0x80 CMakeFiles/BlinkLED.elf.dir/Src/gpio.c.obj
                0x0000000008001440                MX_GPIO_Init
 .text.main     0x00000000080014c0       0x40 CMakeFiles/BlinkLED.elf.dir/Src/main.c.obj
                0x00000000080014c0                main
 .text.SystemClock_Config
                0x0000000008001500       0x9e CMakeFiles/BlinkLED.elf.dir/Src/main.c.obj
                0x0000000008001500                SystemClock_Config
 .text.Error_Handler
                0x000000000800159e        0xc CMakeFiles/BlinkLED.elf.dir/Src/main.c.obj
                0x000000000800159e                Error_Handler
 *fill*         0x00000000080015aa        0x2 
 .text.HAL_MspInit
                0x00000000080015ac       0x44 CMakeFiles/BlinkLED.elf.dir/Src/stm32l4xx_hal_msp.c.obj
                0x00000000080015ac                HAL_MspInit
 .text.NMI_Handler
                0x00000000080015f0        0xc CMakeFiles/BlinkLED.elf.dir/Src/stm32l4xx_it.c.obj
                0x00000000080015f0                NMI_Handler
 .text.HardFault_Handler
                0x00000000080015fc        0x6 CMakeFiles/BlinkLED.elf.dir/Src/stm32l4xx_it.c.obj
                0x00000000080015fc                HardFault_Handler
 .text.MemManage_Handler
                0x0000000008001602        0x6 CMakeFiles/BlinkLED.elf.dir/Src/stm32l4xx_it.c.obj
                0x0000000008001602                MemManage_Handler
 .text.BusFault_Handler
                0x0000000008001608        0x6 CMakeFiles/BlinkLED.elf.dir/Src/stm32l4xx_it.c.obj
                0x0000000008001608                BusFault_Handler
 .text.UsageFault_Handler
                0x000000000800160e        0x6 CMakeFiles/BlinkLED.elf.dir/Src/stm32l4xx_it.c.obj
                0x000000000800160e                UsageFault_Handler
 .text.SVC_Handler
                0x0000000008001614        0xc CMakeFiles/BlinkLED.elf.dir/Src/stm32l4xx_it.c.obj
                0x0000000008001614                SVC_Handler
 .text.DebugMon_Handler
                0x0000000008001620        0xc CMakeFiles/BlinkLED.elf.dir/Src/stm32l4xx_it.c.obj
                0x0000000008001620                DebugMon_Handler
 .text.PendSV_Handler
                0x000000000800162c        0xc CMakeFiles/BlinkLED.elf.dir/Src/stm32l4xx_it.c.obj
                0x000000000800162c                PendSV_Handler
 .text.SysTick_Handler
                0x0000000008001638        0xc CMakeFiles/BlinkLED.elf.dir/Src/stm32l4xx_it.c.obj
                0x0000000008001638                SysTick_Handler
 .text.SystemInit
                0x0000000008001644       0x58 CMakeFiles/BlinkLED.elf.dir/Src/system_stm32l4xx.c.obj
                0x0000000008001644                SystemInit
 .text.Reset_Handler
                0x000000000800169c       0x50 CMakeFiles/BlinkLED.elf.dir/startup/startup_stm32l431xx.s.obj
                0x000000000800169c                Reset_Handler
 .text.Default_Handler
                0x00000000080016ec        0x2 CMakeFiles/BlinkLED.elf.dir/startup/startup_stm32l431xx.s.obj
                0x00000000080016ec                TIM1_BRK_TIM15_IRQHandler
                0x00000000080016ec                EXTI2_IRQHandler
                0x00000000080016ec                TIM1_CC_IRQHandler
                0x00000000080016ec                TSC_IRQHandler
                0x00000000080016ec                TAMP_STAMP_IRQHandler
                0x00000000080016ec                EXTI3_IRQHandler
                0x00000000080016ec                LPTIM2_IRQHandler
                0x00000000080016ec                I2C3_ER_IRQHandler
                0x00000000080016ec                EXTI0_IRQHandler
                0x00000000080016ec                I2C2_EV_IRQHandler
                0x00000000080016ec                CAN1_RX0_IRQHandler
                0x00000000080016ec                FPU_IRQHandler
                0x00000000080016ec                TIM1_UP_TIM16_IRQHandler
                0x00000000080016ec                SPI1_IRQHandler
                0x00000000080016ec                TIM6_DAC_IRQHandler
                0x00000000080016ec                DMA2_Channel2_IRQHandler
                0x00000000080016ec                DMA1_Channel4_IRQHandler
                0x00000000080016ec                ADC1_IRQHandler
                0x00000000080016ec                USART3_IRQHandler
                0x00000000080016ec                DMA1_Channel7_IRQHandler
                0x00000000080016ec                CAN1_RX1_IRQHandler
                0x00000000080016ec                DMA2_Channel1_IRQHandler
                0x00000000080016ec                QUADSPI_IRQHandler
                0x00000000080016ec                I2C1_EV_IRQHandler
                0x00000000080016ec                DMA1_Channel6_IRQHandler
                0x00000000080016ec                DMA2_Channel4_IRQHandler
                0x00000000080016ec                RCC_IRQHandler
                0x00000000080016ec                TIM1_TRG_COM_IRQHandler
                0x00000000080016ec                DMA1_Channel1_IRQHandler
                0x00000000080016ec                Default_Handler
                0x00000000080016ec                DMA2_Channel7_IRQHandler
                0x00000000080016ec                EXTI15_10_IRQHandler
                0x00000000080016ec                TIM7_IRQHandler
                0x00000000080016ec                SDMMC1_IRQHandler
                0x00000000080016ec                I2C3_EV_IRQHandler
                0x00000000080016ec                EXTI9_5_IRQHandler
                0x00000000080016ec                RTC_WKUP_IRQHandler
                0x00000000080016ec                PVD_PVM_IRQHandler
                0x00000000080016ec                SPI2_IRQHandler
                0x00000000080016ec                CAN1_TX_IRQHandler
                0x00000000080016ec                DMA2_Channel5_IRQHandler
                0x00000000080016ec                CRS_IRQHandler
                0x00000000080016ec                DMA1_Channel5_IRQHandler
                0x00000000080016ec                EXTI4_IRQHandler
                0x00000000080016ec                RNG_IRQHandler
                0x00000000080016ec                DMA1_Channel3_IRQHandler
                0x00000000080016ec                COMP_IRQHandler
                0x00000000080016ec                WWDG_IRQHandler
                0x00000000080016ec                LPUART1_IRQHandler
                0x00000000080016ec                DMA2_Channel6_IRQHandler
                0x00000000080016ec                TIM2_IRQHandler
                0x00000000080016ec                EXTI1_IRQHandler
                0x00000000080016ec                USART2_IRQHandler
                0x00000000080016ec                I2C2_ER_IRQHandler
                0x00000000080016ec                DMA1_Channel2_IRQHandler
                0x00000000080016ec                CAN1_SCE_IRQHandler
                0x00000000080016ec                FLASH_IRQHandler
                0x00000000080016ec                USART1_IRQHandler
                0x00000000080016ec                SPI3_IRQHandler
                0x00000000080016ec                I2C1_ER_IRQHandler
                0x00000000080016ec                SWPMI1_IRQHandler
                0x00000000080016ec                LPTIM1_IRQHandler
                0x00000000080016ec                SAI1_IRQHandler
                0x00000000080016ec                DMA2_Channel3_IRQHandler
                0x00000000080016ec                RTC_Alarm_IRQHandler
 *fill*         0x00000000080016ee        0x2 
 .text.__libc_init_array
                0x00000000080016f0       0x48 /Users/wualex/Documents/gcc-arm-none-eabi-9-2019-q4-major/bin/../lib/gcc/arm-none-eabi/9.2.1/../../../../arm-none-eabi/lib/thumb/v7e-m/nofp/libg_nano.a(lib_a-init.o)
                0x00000000080016f0                __libc_init_array
 .text.memset   0x0000000008001738       0x10 /Users/wualex/Documents/gcc-arm-none-eabi-9-2019-q4-major/bin/../lib/gcc/arm-none-eabi/9.2.1/../../../../arm-none-eabi/lib/thumb/v7e-m/nofp/libg_nano.a(lib_a-memset.o)
                0x0000000008001738                memset
 *(.glue_7)
 .glue_7        0x0000000008001748        0x0 linker stubs
 *(.glue_7t)
 .glue_7t       0x0000000008001748        0x0 linker stubs
 *(.eh_frame)
 .eh_frame      0x0000000008001748        0x0 /Users/wualex/Documents/gcc-arm-none-eabi-9-2019-q4-major/bin/../lib/gcc/arm-none-eabi/9.2.1/thumb/v7e-m/nofp/crtbegin.o
 *(.init)
 .init          0x0000000008001748        0x4 /Users/wualex/Documents/gcc-arm-none-eabi-9-2019-q4-major/bin/../lib/gcc/arm-none-eabi/9.2.1/thumb/v7e-m/nofp/crti.o
                0x0000000008001748                _init
 .init          0x000000000800174c        0x8 /Users/wualex/Documents/gcc-arm-none-eabi-9-2019-q4-major/bin/../lib/gcc/arm-none-eabi/9.2.1/thumb/v7e-m/nofp/crtn.o
 *(.fini)
 .fini          0x0000000008001754        0x4 /Users/wualex/Documents/gcc-arm-none-eabi-9-2019-q4-major/bin/../lib/gcc/arm-none-eabi/9.2.1/thumb/v7e-m/nofp/crti.o
                0x0000000008001754                _fini
 .fini          0x0000000008001758        0x8 /Users/wualex/Documents/gcc-arm-none-eabi-9-2019-q4-major/bin/../lib/gcc/arm-none-eabi/9.2.1/thumb/v7e-m/nofp/crtn.o
                0x0000000008001760                . = ALIGN (0x8)
                0x0000000008001760                _etext = .

.vfp11_veneer   0x0000000008001760        0x0
 .vfp11_veneer  0x0000000008001760        0x0 linker stubs

.v4_bx          0x0000000008001760        0x0
 .v4_bx         0x0000000008001760        0x0 linker stubs

.iplt           0x0000000008001760        0x0
 .iplt          0x0000000008001760        0x0 /Users/wualex/Documents/gcc-arm-none-eabi-9-2019-q4-major/bin/../lib/gcc/arm-none-eabi/9.2.1/thumb/v7e-m/nofp/crtbegin.o

.rodata         0x0000000008001760       0x40
                0x0000000008001760                . = ALIGN (0x8)
 *(.rodata)
 *(.rodata*)
 .rodata.AHBPrescTable
                0x0000000008001760       0x10 CMakeFiles/BlinkLED.elf.dir/Src/system_stm32l4xx.c.obj
                0x0000000008001760                AHBPrescTable
 .rodata.MSIRangeTable
                0x0000000008001770       0x30 CMakeFiles/BlinkLED.elf.dir/Src/system_stm32l4xx.c.obj
                0x0000000008001770                MSIRangeTable
                0x00000000080017a0                . = ALIGN (0x8)

.rel.dyn        0x00000000080017a0        0x0
 .rel.iplt      0x00000000080017a0        0x0 /Users/wualex/Documents/gcc-arm-none-eabi-9-2019-q4-major/bin/../lib/gcc/arm-none-eabi/9.2.1/thumb/v7e-m/nofp/crtbegin.o

.ARM.extab      0x00000000080017a0        0x0
                0x00000000080017a0                . = ALIGN (0x8)
 *(.ARM.extab* .gnu.linkonce.armextab.*)
                0x00000000080017a0                . = ALIGN (0x8)

.ARM            0x00000000080017a0        0x0
                0x00000000080017a0                . = ALIGN (0x8)
                0x00000000080017a0                __exidx_start = .
 *(.ARM.exidx*)
                0x00000000080017a0                __exidx_end = .
                0x00000000080017a0                . = ALIGN (0x8)

.preinit_array  0x00000000080017a0        0x0
                0x00000000080017a0                . = ALIGN (0x8)
                0x00000000080017a0                PROVIDE (__preinit_array_start = .)
 *(.preinit_array*)
                0x00000000080017a0                PROVIDE (__preinit_array_end = .)
                0x00000000080017a0                . = ALIGN (0x8)

.init_array     0x00000000080017a0        0x8
                0x00000000080017a0                . = ALIGN (0x8)
                0x00000000080017a0                PROVIDE (__init_array_start = .)
 *(SORT_BY_NAME(.init_array.*))
 *(.init_array*)
 .init_array    0x00000000080017a0        0x4 /Users/wualex/Documents/gcc-arm-none-eabi-9-2019-q4-major/bin/../lib/gcc/arm-none-eabi/9.2.1/thumb/v7e-m/nofp/crtbegin.o
                0x00000000080017a4                PROVIDE (__init_array_end = .)
                0x00000000080017a8                . = ALIGN (0x8)
 *fill*         0x00000000080017a4        0x4 

.fini_array     0x00000000080017a8        0x8
                0x00000000080017a8                . = ALIGN (0x8)
                [!provide]                        PROVIDE (__fini_array_start = .)
 *(SORT_BY_NAME(.fini_array.*))
 *(.fini_array*)
 .fini_array    0x00000000080017a8        0x4 /Users/wualex/Documents/gcc-arm-none-eabi-9-2019-q4-major/bin/../lib/gcc/arm-none-eabi/9.2.1/thumb/v7e-m/nofp/crtbegin.o
                [!provide]                        PROVIDE (__fini_array_end = .)
                0x00000000080017b0                . = ALIGN (0x8)
 *fill*         0x00000000080017ac        0x4 
                0x00000000080017b0                _sidata = LOADADDR (.data)

.data           0x0000000020000000       0x10 load address 0x00000000080017b0
                0x0000000020000000                . = ALIGN (0x8)
                0x0000000020000000                _sdata = .
 *(.data)
 *(.data*)
 .data.uwTickPrio
                0x0000000020000000        0x4 CMakeFiles/BlinkLED.elf.dir/Drivers/STM32L4xx_HAL_Driver/Src/stm32l4xx_hal.c.obj
                0x0000000020000000                uwTickPrio
 .data.uwTickFreq
                0x0000000020000004        0x4 CMakeFiles/BlinkLED.elf.dir/Drivers/STM32L4xx_HAL_Driver/Src/stm32l4xx_hal.c.obj
                0x0000000020000004                uwTickFreq
 .data.SystemCoreClock
                0x0000000020000008        0x4 CMakeFiles/BlinkLED.elf.dir/Src/system_stm32l4xx.c.obj
                0x0000000020000008                SystemCoreClock
                0x0000000020000010                . = ALIGN (0x8)
 *fill*         0x000000002000000c        0x4 
                0x0000000020000010                _edata = .

.igot.plt       0x0000000020000010        0x0 load address 0x00000000080017c0
 .igot.plt      0x0000000020000010        0x0 /Users/wualex/Documents/gcc-arm-none-eabi-9-2019-q4-major/bin/../lib/gcc/arm-none-eabi/9.2.1/thumb/v7e-m/nofp/crtbegin.o
                0x0000000020000010                . = ALIGN (0x4)

.bss            0x0000000020000010       0x20 load address 0x00000000080017c0
                0x0000000020000010                _sbss = .
                0x0000000020000010                __bss_start__ = _sbss
 *(.bss)
 .bss           0x0000000020000010       0x1c /Users/wualex/Documents/gcc-arm-none-eabi-9-2019-q4-major/bin/../lib/gcc/arm-none-eabi/9.2.1/thumb/v7e-m/nofp/crtbegin.o
 *(.bss*)
 .bss.uwTick    0x000000002000002c        0x4 CMakeFiles/BlinkLED.elf.dir/Drivers/STM32L4xx_HAL_Driver/Src/stm32l4xx_hal.c.obj
                0x000000002000002c                uwTick
 *(COMMON)
                0x0000000020000030                . = ALIGN (0x4)
                0x0000000020000030                _ebss = .
                0x0000000020000030                __bss_end__ = _ebss

._user_heap_stack
                0x0000000020000030      0x600 load address 0x00000000080017c0
                0x0000000020000030                . = ALIGN (0x8)
                0x0000000020000030                PROVIDE (end = .)
                [!provide]                        PROVIDE (_end = .)
                0x0000000020000230                . = (. + _Min_Heap_Size)
 *fill*         0x0000000020000030      0x200 
                0x0000000020000630                . = (. + _Min_Stack_Size)
 *fill*         0x0000000020000230      0x400 
                0x0000000020000630                . = ALIGN (0x8)

/DISCARD/
 libc.a(*)
 libm.a(*)
 libgcc.a(*)

.ARM.attributes
                0x0000000000000000       0x2a
 *(.ARM.attributes)
 .ARM.attributes
                0x0000000000000000       0x1e /Users/wualex/Documents/gcc-arm-none-eabi-9-2019-q4-major/bin/../lib/gcc/arm-none-eabi/9.2.1/thumb/v7e-m/nofp/crti.o
 .ARM.attributes
                0x000000000000001e       0x2e /Users/wualex/Documents/gcc-arm-none-eabi-9-2019-q4-major/bin/../lib/gcc/arm-none-eabi/9.2.1/thumb/v7e-m/nofp/crtbegin.o
 .ARM.attributes
                0x000000000000004c       0x2e CMakeFiles/BlinkLED.elf.dir/Drivers/STM32L4xx_HAL_Driver/Src/stm32l4xx_hal.c.obj
 .ARM.attributes
                0x000000000000007a       0x2e CMakeFiles/BlinkLED.elf.dir/Drivers/STM32L4xx_HAL_Driver/Src/stm32l4xx_hal_cortex.c.obj
 .ARM.attributes
                0x00000000000000a8       0x2e CMakeFiles/BlinkLED.elf.dir/Drivers/STM32L4xx_HAL_Driver/Src/stm32l4xx_hal_gpio.c.obj
 .ARM.attributes
                0x00000000000000d6       0x2e CMakeFiles/BlinkLED.elf.dir/Drivers/STM32L4xx_HAL_Driver/Src/stm32l4xx_hal_pwr_ex.c.obj
 .ARM.attributes
                0x0000000000000104       0x2e CMakeFiles/BlinkLED.elf.dir/Drivers/STM32L4xx_HAL_Driver/Src/stm32l4xx_hal_rcc.c.obj
 .ARM.attributes
                0x0000000000000132       0x2e CMakeFiles/BlinkLED.elf.dir/Src/gpio.c.obj
 .ARM.attributes
                0x0000000000000160       0x2e CMakeFiles/BlinkLED.elf.dir/Src/main.c.obj
 .ARM.attributes
                0x000000000000018e       0x2e CMakeFiles/BlinkLED.elf.dir/Src/stm32l4xx_hal_msp.c.obj
 .ARM.attributes
                0x00000000000001bc       0x2e CMakeFiles/BlinkLED.elf.dir/Src/stm32l4xx_it.c.obj
 .ARM.attributes
                0x00000000000001ea       0x2e CMakeFiles/BlinkLED.elf.dir/Src/system_stm32l4xx.c.obj
 .ARM.attributes
                0x0000000000000218       0x21 CMakeFiles/BlinkLED.elf.dir/startup/startup_stm32l431xx.s.obj
 .ARM.attributes
                0x0000000000000239       0x2e /Users/wualex/Documents/gcc-arm-none-eabi-9-2019-q4-major/bin/../lib/gcc/arm-none-eabi/9.2.1/../../../../arm-none-eabi/lib/thumb/v7e-m/nofp/libg_nano.a(lib_a-init.o)
 .ARM.attributes
                0x0000000000000267       0x2e /Users/wualex/Documents/gcc-arm-none-eabi-9-2019-q4-major/bin/../lib/gcc/arm-none-eabi/9.2.1/../../../../arm-none-eabi/lib/thumb/v7e-m/nofp/libg_nano.a(lib_a-memset.o)
 .ARM.attributes
                0x0000000000000295       0x1e /Users/wualex/Documents/gcc-arm-none-eabi-9-2019-q4-major/bin/../lib/gcc/arm-none-eabi/9.2.1/thumb/v7e-m/nofp/crtn.o
OUTPUT(BlinkLED.elf elf32-littlearm)

.debug_info     0x0000000000000000     0x5975
 .debug_info    0x0000000000000000      0xc13 CMakeFiles/BlinkLED.elf.dir/Drivers/STM32L4xx_HAL_Driver/Src/stm32l4xx_hal.c.obj
 .debug_info    0x0000000000000c13      0xf8a CMakeFiles/BlinkLED.elf.dir/Drivers/STM32L4xx_HAL_Driver/Src/stm32l4xx_hal_cortex.c.obj
 .debug_info    0x0000000000001b9d      0xa11 CMakeFiles/BlinkLED.elf.dir/Drivers/STM32L4xx_HAL_Driver/Src/stm32l4xx_hal_gpio.c.obj
 .debug_info    0x00000000000025ae      0xab2 CMakeFiles/BlinkLED.elf.dir/Drivers/STM32L4xx_HAL_Driver/Src/stm32l4xx_hal_pwr_ex.c.obj
 .debug_info    0x0000000000003060      0xd77 CMakeFiles/BlinkLED.elf.dir/Drivers/STM32L4xx_HAL_Driver/Src/stm32l4xx_hal_rcc.c.obj
 .debug_info    0x0000000000003dd7      0x667 CMakeFiles/BlinkLED.elf.dir/Src/gpio.c.obj
 .debug_info    0x000000000000443e      0x567 CMakeFiles/BlinkLED.elf.dir/Src/main.c.obj
 .debug_info    0x00000000000049a5      0x515 CMakeFiles/BlinkLED.elf.dir/Src/stm32l4xx_hal_msp.c.obj
 .debug_info    0x0000000000004eba      0x335 CMakeFiles/BlinkLED.elf.dir/Src/stm32l4xx_it.c.obj
 .debug_info    0x00000000000051ef      0x764 CMakeFiles/BlinkLED.elf.dir/Src/system_stm32l4xx.c.obj
 .debug_info    0x0000000000005953       0x22 CMakeFiles/BlinkLED.elf.dir/startup/startup_stm32l431xx.s.obj

.debug_abbrev   0x0000000000000000     0x1204
 .debug_abbrev  0x0000000000000000      0x224 CMakeFiles/BlinkLED.elf.dir/Drivers/STM32L4xx_HAL_Driver/Src/stm32l4xx_hal.c.obj
 .debug_abbrev  0x0000000000000224      0x339 CMakeFiles/BlinkLED.elf.dir/Drivers/STM32L4xx_HAL_Driver/Src/stm32l4xx_hal_cortex.c.obj
 .debug_abbrev  0x000000000000055d      0x1e5 CMakeFiles/BlinkLED.elf.dir/Drivers/STM32L4xx_HAL_Driver/Src/stm32l4xx_hal_gpio.c.obj
 .debug_abbrev  0x0000000000000742      0x1f0 CMakeFiles/BlinkLED.elf.dir/Drivers/STM32L4xx_HAL_Driver/Src/stm32l4xx_hal_pwr_ex.c.obj
 .debug_abbrev  0x0000000000000932      0x272 CMakeFiles/BlinkLED.elf.dir/Drivers/STM32L4xx_HAL_Driver/Src/stm32l4xx_hal_rcc.c.obj
 .debug_abbrev  0x0000000000000ba4      0x14b CMakeFiles/BlinkLED.elf.dir/Src/gpio.c.obj
 .debug_abbrev  0x0000000000000cef      0x16f CMakeFiles/BlinkLED.elf.dir/Src/main.c.obj
 .debug_abbrev  0x0000000000000e5e      0x13a CMakeFiles/BlinkLED.elf.dir/Src/stm32l4xx_hal_msp.c.obj
 .debug_abbrev  0x0000000000000f98       0xef CMakeFiles/BlinkLED.elf.dir/Src/stm32l4xx_it.c.obj
 .debug_abbrev  0x0000000000001087      0x16b CMakeFiles/BlinkLED.elf.dir/Src/system_stm32l4xx.c.obj
 .debug_abbrev  0x00000000000011f2       0x12 CMakeFiles/BlinkLED.elf.dir/startup/startup_stm32l431xx.s.obj

.debug_aranges  0x0000000000000000      0x540
 .debug_aranges
                0x0000000000000000      0x130 CMakeFiles/BlinkLED.elf.dir/Drivers/STM32L4xx_HAL_Driver/Src/stm32l4xx_hal.c.obj
 .debug_aranges
                0x0000000000000130      0x118 CMakeFiles/BlinkLED.elf.dir/Drivers/STM32L4xx_HAL_Driver/Src/stm32l4xx_hal_cortex.c.obj
 .debug_aranges
                0x0000000000000248       0x58 CMakeFiles/BlinkLED.elf.dir/Drivers/STM32L4xx_HAL_Driver/Src/stm32l4xx_hal_gpio.c.obj
 .debug_aranges
                0x00000000000002a0       0xf8 CMakeFiles/BlinkLED.elf.dir/Drivers/STM32L4xx_HAL_Driver/Src/stm32l4xx_hal_pwr_ex.c.obj
 .debug_aranges
                0x0000000000000398       0x88 CMakeFiles/BlinkLED.elf.dir/Drivers/STM32L4xx_HAL_Driver/Src/stm32l4xx_hal_rcc.c.obj
 .debug_aranges
                0x0000000000000420       0x20 CMakeFiles/BlinkLED.elf.dir/Src/gpio.c.obj
 .debug_aranges
                0x0000000000000440       0x30 CMakeFiles/BlinkLED.elf.dir/Src/main.c.obj
 .debug_aranges
                0x0000000000000470       0x20 CMakeFiles/BlinkLED.elf.dir/Src/stm32l4xx_hal_msp.c.obj
 .debug_aranges
                0x0000000000000490       0x60 CMakeFiles/BlinkLED.elf.dir/Src/stm32l4xx_it.c.obj
 .debug_aranges
                0x00000000000004f0       0x28 CMakeFiles/BlinkLED.elf.dir/Src/system_stm32l4xx.c.obj
 .debug_aranges
                0x0000000000000518       0x28 CMakeFiles/BlinkLED.elf.dir/startup/startup_stm32l431xx.s.obj

.debug_ranges   0x0000000000000000      0x498
 .debug_ranges  0x0000000000000000      0x120 CMakeFiles/BlinkLED.elf.dir/Drivers/STM32L4xx_HAL_Driver/Src/stm32l4xx_hal.c.obj
 .debug_ranges  0x0000000000000120      0x108 CMakeFiles/BlinkLED.elf.dir/Drivers/STM32L4xx_HAL_Driver/Src/stm32l4xx_hal_cortex.c.obj
 .debug_ranges  0x0000000000000228       0x48 CMakeFiles/BlinkLED.elf.dir/Drivers/STM32L4xx_HAL_Driver/Src/stm32l4xx_hal_gpio.c.obj
 .debug_ranges  0x0000000000000270       0xe8 CMakeFiles/BlinkLED.elf.dir/Drivers/STM32L4xx_HAL_Driver/Src/stm32l4xx_hal_pwr_ex.c.obj
 .debug_ranges  0x0000000000000358       0x78 CMakeFiles/BlinkLED.elf.dir/Drivers/STM32L4xx_HAL_Driver/Src/stm32l4xx_hal_rcc.c.obj
 .debug_ranges  0x00000000000003d0       0x10 CMakeFiles/BlinkLED.elf.dir/Src/gpio.c.obj
 .debug_ranges  0x00000000000003e0       0x20 CMakeFiles/BlinkLED.elf.dir/Src/main.c.obj
 .debug_ranges  0x0000000000000400       0x10 CMakeFiles/BlinkLED.elf.dir/Src/stm32l4xx_hal_msp.c.obj
 .debug_ranges  0x0000000000000410       0x50 CMakeFiles/BlinkLED.elf.dir/Src/stm32l4xx_it.c.obj
 .debug_ranges  0x0000000000000460       0x18 CMakeFiles/BlinkLED.elf.dir/Src/system_stm32l4xx.c.obj
 .debug_ranges  0x0000000000000478       0x20 CMakeFiles/BlinkLED.elf.dir/startup/startup_stm32l431xx.s.obj

.debug_line     0x0000000000000000     0x3783
 .debug_line    0x0000000000000000      0x689 CMakeFiles/BlinkLED.elf.dir/Drivers/STM32L4xx_HAL_Driver/Src/stm32l4xx_hal.c.obj
 .debug_line    0x0000000000000689      0x874 CMakeFiles/BlinkLED.elf.dir/Drivers/STM32L4xx_HAL_Driver/Src/stm32l4xx_hal_cortex.c.obj
 .debug_line    0x0000000000000efd      0x6d4 CMakeFiles/BlinkLED.elf.dir/Drivers/STM32L4xx_HAL_Driver/Src/stm32l4xx_hal_gpio.c.obj
 .debug_line    0x00000000000015d1      0x6df CMakeFiles/BlinkLED.elf.dir/Drivers/STM32L4xx_HAL_Driver/Src/stm32l4xx_hal_pwr_ex.c.obj
 .debug_line    0x0000000000001cb0      0xb27 CMakeFiles/BlinkLED.elf.dir/Drivers/STM32L4xx_HAL_Driver/Src/stm32l4xx_hal_rcc.c.obj
 .debug_line    0x00000000000027d7      0x2b2 CMakeFiles/BlinkLED.elf.dir/Src/gpio.c.obj
 .debug_line    0x0000000000002a89      0x31b CMakeFiles/BlinkLED.elf.dir/Src/main.c.obj
 .debug_line    0x0000000000002da4      0x297 CMakeFiles/BlinkLED.elf.dir/Src/stm32l4xx_hal_msp.c.obj
 .debug_line    0x000000000000303b      0x330 CMakeFiles/BlinkLED.elf.dir/Src/stm32l4xx_it.c.obj
 .debug_line    0x000000000000336b      0x375 CMakeFiles/BlinkLED.elf.dir/Src/system_stm32l4xx.c.obj
 .debug_line    0x00000000000036e0       0xa3 CMakeFiles/BlinkLED.elf.dir/startup/startup_stm32l431xx.s.obj

.debug_str      0x0000000000000000     0x1e83
 .debug_str     0x0000000000000000      0xd07 CMakeFiles/BlinkLED.elf.dir/Drivers/STM32L4xx_HAL_Driver/Src/stm32l4xx_hal.c.obj
                                        0xd96 (size before relaxing)
 .debug_str     0x0000000000000d07      0x51c CMakeFiles/BlinkLED.elf.dir/Drivers/STM32L4xx_HAL_Driver/Src/stm32l4xx_hal_cortex.c.obj
                                        0xd83 (size before relaxing)
 .debug_str     0x0000000000001223      0x1ff CMakeFiles/BlinkLED.elf.dir/Drivers/STM32L4xx_HAL_Driver/Src/stm32l4xx_hal_gpio.c.obj
                                        0x7a9 (size before relaxing)
 .debug_str     0x0000000000001422      0x43b CMakeFiles/BlinkLED.elf.dir/Drivers/STM32L4xx_HAL_Driver/Src/stm32l4xx_hal_pwr_ex.c.obj
                                        0x936 (size before relaxing)
 .debug_str     0x000000000000185d      0x3c8 CMakeFiles/BlinkLED.elf.dir/Drivers/STM32L4xx_HAL_Driver/Src/stm32l4xx_hal_rcc.c.obj
                                        0xa0f (size before relaxing)
 .debug_str     0x0000000000001c25       0x40 CMakeFiles/BlinkLED.elf.dir/Src/gpio.c.obj
                                        0x602 (size before relaxing)
 .debug_str     0x0000000000001c65       0x5f CMakeFiles/BlinkLED.elf.dir/Src/main.c.obj
                                        0x5e6 (size before relaxing)
 .debug_str     0x0000000000001cc4       0x40 CMakeFiles/BlinkLED.elf.dir/Src/stm32l4xx_hal_msp.c.obj
                                        0x571 (size before relaxing)
 .debug_str     0x0000000000001d04       0xcb CMakeFiles/BlinkLED.elf.dir/Src/stm32l4xx_it.c.obj
                                        0x49d (size before relaxing)
 .debug_str     0x0000000000001dcf       0x60 CMakeFiles/BlinkLED.elf.dir/Src/system_stm32l4xx.c.obj
                                        0x5fc (size before relaxing)
 .debug_str     0x0000000000001e2f       0x54 CMakeFiles/BlinkLED.elf.dir/startup/startup_stm32l431xx.s.obj
                                         0x8e (size before relaxing)

.comment        0x0000000000000000       0x79
 .comment       0x0000000000000000       0x79 CMakeFiles/BlinkLED.elf.dir/Drivers/STM32L4xx_HAL_Driver/Src/stm32l4xx_hal.c.obj
                                         0x7a (size before relaxing)
 .comment       0x0000000000000079       0x7a CMakeFiles/BlinkLED.elf.dir/Drivers/STM32L4xx_HAL_Driver/Src/stm32l4xx_hal_cortex.c.obj
 .comment       0x0000000000000079       0x7a CMakeFiles/BlinkLED.elf.dir/Drivers/STM32L4xx_HAL_Driver/Src/stm32l4xx_hal_gpio.c.obj
 .comment       0x0000000000000079       0x7a CMakeFiles/BlinkLED.elf.dir/Drivers/STM32L4xx_HAL_Driver/Src/stm32l4xx_hal_pwr_ex.c.obj
 .comment       0x0000000000000079       0x7a CMakeFiles/BlinkLED.elf.dir/Drivers/STM32L4xx_HAL_Driver/Src/stm32l4xx_hal_rcc.c.obj
 .comment       0x0000000000000079       0x7a CMakeFiles/BlinkLED.elf.dir/Src/gpio.c.obj
 .comment       0x0000000000000079       0x7a CMakeFiles/BlinkLED.elf.dir/Src/main.c.obj
 .comment       0x0000000000000079       0x7a CMakeFiles/BlinkLED.elf.dir/Src/stm32l4xx_hal_msp.c.obj
 .comment       0x0000000000000079       0x7a CMakeFiles/BlinkLED.elf.dir/Src/stm32l4xx_it.c.obj
 .comment       0x0000000000000079       0x7a CMakeFiles/BlinkLED.elf.dir/Src/system_stm32l4xx.c.obj

.debug_frame    0x0000000000000000     0x12e4
 .debug_frame   0x0000000000000000      0x498 CMakeFiles/BlinkLED.elf.dir/Drivers/STM32L4xx_HAL_Driver/Src/stm32l4xx_hal.c.obj
 .debug_frame   0x0000000000000498      0x498 CMakeFiles/BlinkLED.elf.dir/Drivers/STM32L4xx_HAL_Driver/Src/stm32l4xx_hal_cortex.c.obj
 .debug_frame   0x0000000000000930      0x14c CMakeFiles/BlinkLED.elf.dir/Drivers/STM32L4xx_HAL_Driver/Src/stm32l4xx_hal_gpio.c.obj
 .debug_frame   0x0000000000000a7c      0x3e4 CMakeFiles/BlinkLED.elf.dir/Drivers/STM32L4xx_HAL_Driver/Src/stm32l4xx_hal_pwr_ex.c.obj
 .debug_frame   0x0000000000000e60      0x1f4 CMakeFiles/BlinkLED.elf.dir/Drivers/STM32L4xx_HAL_Driver/Src/stm32l4xx_hal_rcc.c.obj
 .debug_frame   0x0000000000001054       0x34 CMakeFiles/BlinkLED.elf.dir/Src/gpio.c.obj
 .debug_frame   0x0000000000001088       0x74 CMakeFiles/BlinkLED.elf.dir/Src/main.c.obj
 .debug_frame   0x00000000000010fc       0x38 CMakeFiles/BlinkLED.elf.dir/Src/stm32l4xx_hal_msp.c.obj
 .debug_frame   0x0000000000001134      0x10c CMakeFiles/BlinkLED.elf.dir/Src/stm32l4xx_it.c.obj
 .debug_frame   0x0000000000001240       0x58 CMakeFiles/BlinkLED.elf.dir/Src/system_stm32l4xx.c.obj
 .debug_frame   0x0000000000001298       0x2c /Users/wualex/Documents/gcc-arm-none-eabi-9-2019-q4-major/bin/../lib/gcc/arm-none-eabi/9.2.1/../../../../arm-none-eabi/lib/thumb/v7e-m/nofp/libg_nano.a(lib_a-init.o)
 .debug_frame   0x00000000000012c4       0x20 /Users/wualex/Documents/gcc-arm-none-eabi-9-2019-q4-major/bin/../lib/gcc/arm-none-eabi/9.2.1/../../../../arm-none-eabi/lib/thumb/v7e-m/nofp/libg_nano.a(lib_a-memset.o)
