Archive member included to satisfy reference by file (symbol)

/Users/wualex/Documents/gcc-arm-none-eabi-9-2019-q4-major/bin/../lib/gcc/arm-none-eabi/9.2.1/thumb/v7e-m+fp/hard/libgcc.a(_aeabi_uldivmod.o)
                              CMakeFiles/EventTaskDemo.elf.dir/Drivers/STM32L4xx_HAL_Driver/Src/stm32l4xx_hal_uart.c.obj (__aeabi_uldivmod)
/Users/wualex/Documents/gcc-arm-none-eabi-9-2019-q4-major/bin/../lib/gcc/arm-none-eabi/9.2.1/thumb/v7e-m+fp/hard/libgcc.a(_udivmoddi4.o)
                              /Users/wualex/Documents/gcc-arm-none-eabi-9-2019-q4-major/bin/../lib/gcc/arm-none-eabi/9.2.1/thumb/v7e-m+fp/hard/libgcc.a(_aeabi_uldivmod.o) (__udivmoddi4)
/Users/wualex/Documents/gcc-arm-none-eabi-9-2019-q4-major/bin/../lib/gcc/arm-none-eabi/9.2.1/thumb/v7e-m+fp/hard/libgcc.a(_dvmd_tls.o)
                              /Users/wualex/Documents/gcc-arm-none-eabi-9-2019-q4-major/bin/../lib/gcc/arm-none-eabi/9.2.1/thumb/v7e-m+fp/hard/libgcc.a(_aeabi_uldivmod.o) (__aeabi_ldiv0)
/Users/wualex/Documents/gcc-arm-none-eabi-9-2019-q4-major/bin/../lib/gcc/arm-none-eabi/9.2.1/../../../../arm-none-eabi/lib/thumb/v7e-m+fp/hard/libg_nano.a(lib_a-errno.o)
                              CMakeFiles/EventTaskDemo.elf.dir/Src/syscalls.c.obj (__errno)
/Users/wualex/Documents/gcc-arm-none-eabi-9-2019-q4-major/bin/../lib/gcc/arm-none-eabi/9.2.1/../../../../arm-none-eabi/lib/thumb/v7e-m+fp/hard/libg_nano.a(lib_a-exit.o)
                              /Users/wualex/Documents/gcc-arm-none-eabi-9-2019-q4-major/bin/../lib/gcc/arm-none-eabi/9.2.1/../../../../arm-none-eabi/lib/thumb/v7e-m+fp/hard/crt0.o (exit)
/Users/wualex/Documents/gcc-arm-none-eabi-9-2019-q4-major/bin/../lib/gcc/arm-none-eabi/9.2.1/../../../../arm-none-eabi/lib/thumb/v7e-m+fp/hard/libg_nano.a(lib_a-impure.o)
                              /Users/wualex/Documents/gcc-arm-none-eabi-9-2019-q4-major/bin/../lib/gcc/arm-none-eabi/9.2.1/../../../../arm-none-eabi/lib/thumb/v7e-m+fp/hard/libg_nano.a(lib_a-exit.o) (_global_impure_ptr)
/Users/wualex/Documents/gcc-arm-none-eabi-9-2019-q4-major/bin/../lib/gcc/arm-none-eabi/9.2.1/../../../../arm-none-eabi/lib/thumb/v7e-m+fp/hard/libg_nano.a(lib_a-init.o)
                              /Users/wualex/Documents/gcc-arm-none-eabi-9-2019-q4-major/bin/../lib/gcc/arm-none-eabi/9.2.1/../../../../arm-none-eabi/lib/thumb/v7e-m+fp/hard/crt0.o (__libc_init_array)
/Users/wualex/Documents/gcc-arm-none-eabi-9-2019-q4-major/bin/../lib/gcc/arm-none-eabi/9.2.1/../../../../arm-none-eabi/lib/thumb/v7e-m+fp/hard/libg_nano.a(lib_a-memcpy-stub.o)
                              CMakeFiles/EventTaskDemo.elf.dir/Middlewares/Third_Party/FreeRTOS/Source/queue.c.obj (memcpy)
/Users/wualex/Documents/gcc-arm-none-eabi-9-2019-q4-major/bin/../lib/gcc/arm-none-eabi/9.2.1/../../../../arm-none-eabi/lib/thumb/v7e-m+fp/hard/libg_nano.a(lib_a-memset.o)
                              /Users/wualex/Documents/gcc-arm-none-eabi-9-2019-q4-major/bin/../lib/gcc/arm-none-eabi/9.2.1/../../../../arm-none-eabi/lib/thumb/v7e-m+fp/hard/crt0.o (memset)
/Users/wualex/Documents/gcc-arm-none-eabi-9-2019-q4-major/bin/../lib/gcc/arm-none-eabi/9.2.1/../../../../arm-none-eabi/lib/thumb/v7e-m+fp/hard/libg_nano.a(lib_a-puts.o)
                              CMakeFiles/EventTaskDemo.elf.dir/Src/freertos.c.obj (puts)
/Users/wualex/Documents/gcc-arm-none-eabi-9-2019-q4-major/bin/../lib/gcc/arm-none-eabi/9.2.1/../../../../arm-none-eabi/lib/thumb/v7e-m+fp/hard/libg_nano.a(lib_a-wbuf.o)
                              /Users/wualex/Documents/gcc-arm-none-eabi-9-2019-q4-major/bin/../lib/gcc/arm-none-eabi/9.2.1/../../../../arm-none-eabi/lib/thumb/v7e-m+fp/hard/libg_nano.a(lib_a-puts.o) (__swbuf_r)
/Users/wualex/Documents/gcc-arm-none-eabi-9-2019-q4-major/bin/../lib/gcc/arm-none-eabi/9.2.1/../../../../arm-none-eabi/lib/thumb/v7e-m+fp/hard/libg_nano.a(lib_a-wsetup.o)
                              /Users/wualex/Documents/gcc-arm-none-eabi-9-2019-q4-major/bin/../lib/gcc/arm-none-eabi/9.2.1/../../../../arm-none-eabi/lib/thumb/v7e-m+fp/hard/libg_nano.a(lib_a-puts.o) (__swsetup_r)
/Users/wualex/Documents/gcc-arm-none-eabi-9-2019-q4-major/bin/../lib/gcc/arm-none-eabi/9.2.1/../../../../arm-none-eabi/lib/thumb/v7e-m+fp/hard/libg_nano.a(lib_a-fflush.o)
                              /Users/wualex/Documents/gcc-arm-none-eabi-9-2019-q4-major/bin/../lib/gcc/arm-none-eabi/9.2.1/../../../../arm-none-eabi/lib/thumb/v7e-m+fp/hard/libg_nano.a(lib_a-wbuf.o) (_fflush_r)
/Users/wualex/Documents/gcc-arm-none-eabi-9-2019-q4-major/bin/../lib/gcc/arm-none-eabi/9.2.1/../../../../arm-none-eabi/lib/thumb/v7e-m+fp/hard/libg_nano.a(lib_a-findfp.o)
                              /Users/wualex/Documents/gcc-arm-none-eabi-9-2019-q4-major/bin/../lib/gcc/arm-none-eabi/9.2.1/../../../../arm-none-eabi/lib/thumb/v7e-m+fp/hard/libg_nano.a(lib_a-puts.o) (__sinit)
/Users/wualex/Documents/gcc-arm-none-eabi-9-2019-q4-major/bin/../lib/gcc/arm-none-eabi/9.2.1/../../../../arm-none-eabi/lib/thumb/v7e-m+fp/hard/libg_nano.a(lib_a-fwalk.o)
[...]
Memory Configuration

Name             Origin             Length             Attributes
RAM              0x0000000020000000 0x0000000000010000 xrw
FLASH            0x0000000008000000 0x0000000000040000 xr
*default*        0x0000000000000000 0xffffffffffffffff

Linker script and memory map

LOAD /Users/wualex/Documents/gcc-arm-none-eabi-9-2019-q4-major/bin/../lib/gcc/arm-none-eabi/9.2.1/thumb/v7e-m+fp/hard/crti.o
LOAD /Users/wualex/Documents/gcc-arm-none-eabi-9-2019-q4-major/bin/../lib/gcc/arm-none-eabi/9.2.1/thumb/v7e-m+fp/hard/crtbegin.o
LOAD /Users/wualex/Documents/gcc-arm-none-eabi-9-2019-q4-major/bin/../lib/gcc/arm-none-eabi/9.2.1/../../../../arm-none-eabi/lib/thumb/v7e-m+fp/hard/crt0.o
LOAD CMakeFiles/EventTaskDemo.elf.dir/Drivers/STM32L4xx_HAL_Driver/Src/stm32l4xx_hal.c.obj
LOAD CMakeFiles/EventTaskDemo.elf.dir/Drivers/STM32L4xx_HAL_Driver/Src/stm32l4xx_hal_cortex.c.obj
LOAD CMakeFiles/EventTaskDemo.elf.dir/Drivers/STM32L4xx_HAL_Driver/Src/stm32l4xx_hal_dma.c.obj
LOAD CMakeFiles/EventTaskDemo.elf.dir/Drivers/STM32L4xx_HAL_Driver/Src/stm32l4xx_hal_dma_ex.c.obj
LOAD CMakeFiles/EventTaskDemo.elf.dir/Drivers/STM32L4xx_HAL_Driver/Src/stm32l4xx_hal_exti.c.obj
LOAD CMakeFiles/EventTaskDemo.elf.dir/Drivers/STM32L4xx_HAL_Driver/Src/stm32l4xx_hal_flash.c.obj
LOAD CMakeFiles/EventTaskDemo.elf.dir/Drivers/STM32L4xx_HAL_Driver/Src/stm32l4xx_hal_flash_ex.c.obj
LOAD CMakeFiles/EventTaskDemo.elf.dir/Drivers/STM32L4xx_HAL_Driver/Src/stm32l4xx_hal_flash_ramfunc.c.obj
LOAD CMakeFiles/EventTaskDemo.elf.dir/Drivers/STM32L4xx_HAL_Driver/Src/stm32l4xx_hal_gpio.c.obj
LOAD CMakeFiles/EventTaskDemo.elf.dir/Drivers/STM32L4xx_HAL_Driver/Src/stm32l4xx_hal_i2c.c.obj
LOAD CMakeFiles/EventTaskDemo.elf.dir/Drivers/STM32L4xx_HAL_Driver/Src/stm32l4xx_hal_i2c_ex.c.obj
LOAD CMakeFiles/EventTaskDemo.elf.dir/Drivers/STM32L4xx_HAL_Driver/Src/stm32l4xx_hal_pwr.c.obj
LOAD CMakeFiles/EventTaskDemo.elf.dir/Drivers/STM32L4xx_HAL_Driver/Src/stm32l4xx_hal_pwr_ex.c.obj
LOAD CMakeFiles/EventTaskDemo.elf.dir/Drivers/STM32L4xx_HAL_Driver/Src/stm32l4xx_hal_rcc.c.obj
LOAD CMakeFiles/EventTaskDemo.elf.dir/Drivers/STM32L4xx_HAL_Driver/Src/stm32l4xx_hal_rcc_ex.c.obj
LOAD CMakeFiles/EventTaskDemo.elf.dir/Drivers/STM32L4xx_HAL_Driver/Src/stm32l4xx_hal_tim.c.obj
LOAD CMakeFiles/EventTaskDemo.elf.dir/Drivers/STM32L4xx_HAL_Driver/Src/stm32l4xx_hal_tim_ex.c.obj
LOAD CMakeFiles/EventTaskDemo.elf.dir/Drivers/STM32L4xx_HAL_Driver/Src/stm32l4xx_hal_uart.c.obj
LOAD CMakeFiles/EventTaskDemo.elf.dir/Drivers/STM32L4xx_HAL_Driver/Src/stm32l4xx_hal_uart_ex.c.obj
LOAD CMakeFiles/EventTaskDemo.elf.dir/Middlewares/Third_Party/FreeRTOS/Source/CMSIS_RTOS/cmsis_os.c.obj
LOAD CMakeFiles/EventTaskDemo.elf.dir/Middlewares/Third_Party/FreeRTOS/Source/croutine.c.obj
LOAD CMakeFiles/EventTaskDemo.elf.dir/Middlewares/Third_Party/FreeRTOS/Source/event_groups.c.obj
LOAD CMakeFiles/EventTaskDemo.elf.dir/Middlewares/Third_Party/FreeRTOS/Source/list.c.obj
LOAD CMakeFiles/EventTaskDemo.elf.dir/Middlewares/Third_Party/FreeRTOS/Source/portable/GCC/ARM_CM4F/port.c.obj
LOAD CMakeFiles/EventTaskDemo.elf.dir/Middlewares/Third_Party/FreeRTOS/Source/portable/MemMang/heap_4.c.obj
LOAD CMakeFiles/EventTaskDemo.elf.dir/Middlewares/Third_Party/FreeRTOS/Source/queue.c.obj
LOAD CMakeFiles/EventTaskDemo.elf.dir/Middlewares/Third_Party/FreeRTOS/Source/stream_buffer.c.obj
LOAD CMakeFiles/EventTaskDemo.elf.dir/Middlewares/Third_Party/FreeRTOS/Source/tasks.c.obj
LOAD CMakeFiles/EventTaskDemo.elf.dir/Middlewares/Third_Party/FreeRTOS/Source/timers.c.obj
LOAD CMakeFiles/EventTaskDemo.elf.dir/Src/freertos.c.obj
LOAD CMakeFiles/EventTaskDemo.elf.dir/Src/gpio.c.obj
LOAD CMakeFiles/EventTaskDemo.elf.dir/Src/main.c.obj
LOAD CMakeFiles/EventTaskDemo.elf.dir/Src/stm32l4xx_hal_msp.c.obj
LOAD CMakeFiles/EventTaskDemo.elf.dir/Src/stm32l4xx_hal_timebase_tim.c.obj
LOAD CMakeFiles/EventTaskDemo.elf.dir/Src/stm32l4xx_it.c.obj
LOAD CMakeFiles/EventTaskDemo.elf.dir/Src/sys.c.obj
LOAD CMakeFiles/EventTaskDemo.elf.dir/Src/syscalls.c.obj
LOAD CMakeFiles/EventTaskDemo.elf.dir/Src/system_stm32l4xx.c.obj
LOAD CMakeFiles/EventTaskDemo.elf.dir/Src/usart.c.obj
LOAD CMakeFiles/EventTaskDemo.elf.dir/startup/startup_stm32l431xx.s.obj
START GROUP
LOAD /Users/wualex/Documents/gcc-arm-none-eabi-9-2019-q4-major/bin/../lib/gcc/arm-none-eabi/9.2.1/thumb/v7e-m+fp/hard/libgcc.a
LOAD /Users/wualex/Documents/gcc-arm-none-eabi-9-2019-q4-major/bin/../lib/gcc/arm-none-eabi/9.2.1/../../../../arm-none-eabi/lib/thumb/v7e-m+fp/hard/libg_nano.a
LOAD /Users/wualex/Documents/gcc-arm-none-eabi-9-2019-q4-major/bin/../lib/gcc/arm-none-eabi/9.2.1/../../../../arm-none-eabi/lib/thumb/v7e-m+fp/hard/libc_nano.a
END GROUP
START GROUP
LOAD /Users/wualex/Documents/gcc-arm-none-eabi-9-2019-q4-major/bin/../lib/gcc/arm-none-eabi/9.2.1/thumb/v7e-m+fp/hard/libgcc.a
LOAD /Users/wualex/Documents/gcc-arm-none-eabi-9-2019-q4-major/bin/../lib/gcc/arm-none-eabi/9.2.1/../../../../arm-none-eabi/lib/thumb/v7e-m+fp/hard/libc_nano.a
LOAD /Users/wualex/Documents/gcc-arm-none-eabi-9-2019-q4-major/bin/../lib/gcc/arm-none-eabi/9.2.1/../../../../arm-none-eabi/lib/thumb/v7e-m+fp/hard/libnosys.a
END GROUP
START GROUP
LOAD /Users/wualex/Documents/gcc-arm-none-eabi-9-2019-q4-major/bin/../lib/gcc/arm-none-eabi/9.2.1/thumb/v7e-m+fp/hard/libgcc.a
LOAD /Users/wualex/Documents/gcc-arm-none-eabi-9-2019-q4-major/bin/../lib/gcc/arm-none-eabi/9.2.1/../../../../arm-none-eabi/lib/thumb/v7e-m+fp/hard/libc_nano.a
LOAD /Users/wualex/Documents/gcc-arm-none-eabi-9-2019-q4-major/bin/../lib/gcc/arm-none-eabi/9.2.1/../../../../arm-none-eabi/lib/thumb/v7e-m+fp/hard/libnosys.a
END GROUP
LOAD /Users/wualex/Documents/gcc-arm-none-eabi-9-2019-q4-major/bin/../lib/gcc/arm-none-eabi/9.2.1/thumb/v7e-m+fp/hard/crtend.o
LOAD /Users/wualex/Documents/gcc-arm-none-eabi-9-2019-q4-major/bin/../lib/gcc/arm-none-eabi/9.2.1/thumb/v7e-m+fp/hard/crtn.o
                0x0000000020010000                _estack = 0x20010000
                0x0000000000000200                _Min_Heap_Size = 0x200
                0x0000000000000400                _Min_Stack_Size = 0x400

.isr_vector     0x0000000008000000      0x190
                0x0000000008000000                . = ALIGN (0x8)
 *(.isr_vector)
 .isr_vector    0x0000000008000000      0x18c CMakeFiles/EventTaskDemo.elf.dir/startup/startup_stm32l431xx.s.obj
                0x0000000008000000                g_pfnVectors
                0x0000000008000190                . = ALIGN (0x8)
 *fill*         0x000000000800018c        0x4 

.text           0x0000000008000190     0x55d8
                0x0000000008000190                . = ALIGN (0x8)
 *(.text)
 .text          0x0000000008000190       0x40 /Users/wualex/Documents/gcc-arm-none-eabi-9-2019-q4-major/bin/../lib/gcc/arm-none-eabi/9.2.1/thumb/v7e-m+fp/hard/crtbegin.o
 .text          0x00000000080001d0       0x30 /Users/wualex/Documents/gcc-arm-none-eabi-9-2019-q4-major/bin/../lib/gcc/arm-none-eabi/9.2.1/thumb/v7e-m+fp/hard/libgcc.a(_aeabi_uldivmod.o)
                0x00000000080001d0                __aeabi_uldivmod
 .text          0x0000000008000200      0x2c4 /Users/wualex/Documents/gcc-arm-none-eabi-9-2019-q4-major/bin/../lib/gcc/arm-none-eabi/9.2.1/thumb/v7e-m+fp/hard/libgcc.a(_udivmoddi4.o)
                0x0000000008000200                __udivmoddi4
 .text          0x00000000080004c4        0x4 /Users/wualex/Documents/gcc-arm-none-eabi-9-2019-q4-major/bin/../lib/gcc/arm-none-eabi/9.2.1/thumb/v7e-m+fp/hard/libgcc.a(_dvmd_tls.o)
                0x00000000080004c4                __aeabi_ldiv0
                0x00000000080004c4                __aeabi_idiv0
 *(.text*)
 .text.HAL_Init
                0x00000000080004c8       0x30 CMakeFiles/EventTaskDemo.elf.dir/Drivers/STM32L4xx_HAL_Driver/Src/stm32l4xx_hal.c.obj
                0x00000000080004c8                HAL_Init
 .text.HAL_IncTick
                0x00000000080004f8       0x24 CMakeFiles/EventTaskDemo.elf.dir/Drivers/STM32L4xx_HAL_Driver/Src/stm32l4xx_hal.c.obj
                0x00000000080004f8                HAL_IncTick
 .text.HAL_GetTick
                0x000000000800051c       0x18 CMakeFiles/EventTaskDemo.elf.dir/Drivers/STM32L4xx_HAL_Driver/Src/stm32l4xx_hal.c.obj
                0x000000000800051c                HAL_GetTick
 .text.__NVIC_SetPriorityGrouping
                0x0000000008000534       0x48 CMakeFiles/EventTaskDemo.elf.dir/Drivers/STM32L4xx_HAL_Driver/Src/stm32l4xx_hal_cortex.c.obj
 .text.__NVIC_GetPriorityGrouping
                0x000000000800057c       0x1c CMakeFiles/EventTaskDemo.elf.dir/Drivers/STM32L4xx_HAL_Driver/Src/stm32l4xx_hal_cortex.c.obj
 .text.__NVIC_EnableIRQ
                0x0000000008000598       0x3c CMakeFiles/EventTaskDemo.elf.dir/Drivers/STM32L4xx_HAL_Driver/Src/stm32l4xx_hal_cortex.c.obj
 .text.__NVIC_SetPriority
                0x00000000080005d4       0x54 CMakeFiles/EventTaskDemo.elf.dir/Drivers/STM32L4xx_HAL_Driver/Src/stm32l4xx_hal_cortex.c.obj
 .text.NVIC_EncodePriority
                0x0000000008000628       0x66 CMakeFiles/EventTaskDemo.elf.dir/Drivers/STM32L4xx_HAL_Driver/Src/stm32l4xx_hal_cortex.c.obj
 .text.HAL_NVIC_SetPriorityGrouping
                0x000000000800068e       0x16 CMakeFiles/EventTaskDemo.elf.dir/Drivers/STM32L4xx_HAL_Driver/Src/stm32l4xx_hal_cortex.c.obj
                0x000000000800068e                HAL_NVIC_SetPriorityGrouping
 .text.HAL_NVIC_SetPriority
                0x00000000080006a4       0x38 CMakeFiles/EventTaskDemo.elf.dir/Drivers/STM32L4xx_HAL_Driver/Src/stm32l4xx_hal_cortex.c.obj
                0x00000000080006a4                HAL_NVIC_SetPriority
 .text.HAL_NVIC_EnableIRQ
                0x00000000080006dc       0x1c CMakeFiles/EventTaskDemo.elf.dir/Drivers/STM32L4xx_HAL_Driver/Src/stm32l4xx_hal_cortex.c.obj
                0x00000000080006dc                HAL_NVIC_EnableIRQ
 .text.HAL_GPIO_Init
                0x00000000080006f8      0x2f4 CMakeFiles/EventTaskDemo.elf.dir/Drivers/STM32L4xx_HAL_Driver/Src/stm32l4xx_hal_gpio.c.obj
                0x00000000080006f8                HAL_GPIO_Init
 .text.HAL_GPIO_ReadPin
                0x00000000080009ec       0x30 CMakeFiles/EventTaskDemo.elf.dir/Drivers/STM32L4xx_HAL_Driver/Src/stm32l4xx_hal_gpio.c.obj
                0x00000000080009ec                HAL_GPIO_ReadPin
 .text.HAL_GPIO_WritePin
                0x0000000008000a1c       0x30 CMakeFiles/EventTaskDemo.elf.dir/Drivers/STM32L4xx_HAL_Driver/Src/stm32l4xx_hal_gpio.c.obj
                0x0000000008000a1c                HAL_GPIO_WritePin
 .text.HAL_GPIO_TogglePin
                0x0000000008000a4c       0x32 CMakeFiles/EventTaskDemo.elf.dir/Drivers/STM32L4xx_HAL_Driver/Src/stm32l4xx_hal_gpio.c.obj
                0x0000000008000a4c                HAL_GPIO_TogglePin
 *fill*         0x0000000008000a7e        0x2 
 .text.HAL_PWR_EnableBkUpAccess
                0x0000000008000a80       0x20 CMakeFiles/EventTaskDemo.elf.dir/Drivers/STM32L4xx_HAL_Driver/Src/stm32l4xx_hal_pwr.c.obj
                0x0000000008000a80                HAL_PWR_EnableBkUpAccess
 .text.HAL_PWREx_GetVoltageRange
                0x0000000008000aa0       0x1c CMakeFiles/EventTaskDemo.elf.dir/Drivers/STM32L4xx_HAL_Driver/Src/stm32l4xx_hal_pwr_ex.c.obj
                0x0000000008000aa0                HAL_PWREx_GetVoltageRange
 .text.HAL_PWREx_ControlVoltageScaling
                0x0000000008000abc       0xac CMakeFiles/EventTaskDemo.elf.dir/Drivers/STM32L4xx_HAL_Driver/Src/stm32l4xx_hal_pwr_ex.c.obj
                0x0000000008000abc                HAL_PWREx_ControlVoltageScaling
 .text.HAL_RCC_OscConfig
                0x0000000008000b68      0x7dc CMakeFiles/EventTaskDemo.elf.dir/Drivers/STM32L4xx_HAL_Driver/Src/stm32l4xx_hal_rcc.c.obj
                0x0000000008000b68                HAL_RCC_OscConfig
 .text.HAL_RCC_ClockConfig
                0x0000000008001344      0x1c4 CMakeFiles/EventTaskDemo.elf.dir/Drivers/STM32L4xx_HAL_Driver/Src/stm32l4xx_hal_rcc.c.obj
                0x0000000008001344                HAL_RCC_ClockConfig
 .text.HAL_RCC_GetSysClockFreq
                0x0000000008001508      0x118 CMakeFiles/EventTaskDemo.elf.dir/Drivers/STM32L4xx_HAL_Driver/Src/stm32l4xx_hal_rcc.c.obj
                0x0000000008001508                HAL_RCC_GetSysClockFreq
 .text.HAL_RCC_GetHCLKFreq
                0x0000000008001620       0x18 CMakeFiles/EventTaskDemo.elf.dir/Drivers/STM32L4xx_HAL_Driver/Src/stm32l4xx_hal_rcc.c.obj
                0x0000000008001620                HAL_RCC_GetHCLKFreq
 .text.HAL_RCC_GetPCLK1Freq
                0x0000000008001638       0x2c CMakeFiles/EventTaskDemo.elf.dir/Drivers/STM32L4xx_HAL_Driver/Src/stm32l4xx_hal_rcc.c.obj
                0x0000000008001638                HAL_RCC_GetPCLK1Freq
 .text.HAL_RCC_GetPCLK2Freq
                0x0000000008001664       0x2c CMakeFiles/EventTaskDemo.elf.dir/Drivers/STM32L4xx_HAL_Driver/Src/stm32l4xx_hal_rcc.c.obj
                0x0000000008001664                HAL_RCC_GetPCLK2Freq
 .text.HAL_RCC_GetClockConfig
                0x0000000008001690       0x64 CMakeFiles/EventTaskDemo.elf.dir/Drivers/STM32L4xx_HAL_Driver/Src/stm32l4xx_hal_rcc.c.obj
                0x0000000008001690                HAL_RCC_GetClockConfig
 .text.RCC_SetFlashLatencyFromMSIRange
                0x00000000080016f4       0xc0 CMakeFiles/EventTaskDemo.elf.dir/Drivers/STM32L4xx_HAL_Driver/Src/stm32l4xx_hal_rcc.c.obj
 .text.HAL_RCCEx_PeriphCLKConfig
                0x00000000080017b4      0x430 CMakeFiles/EventTaskDemo.elf.dir/Drivers/STM32L4xx_HAL_Driver/Src/stm32l4xx_hal_rcc_ex.c.obj
                0x00000000080017b4                HAL_RCCEx_PeriphCLKConfig
 .text.HAL_RCCEx_EnableMSIPLLMode
                0x0000000008001be4       0x20 CMakeFiles/EventTaskDemo.elf.dir/Drivers/STM32L4xx_HAL_Driver/Src/stm32l4xx_hal_rcc_ex.c.obj
                0x0000000008001be4                HAL_RCCEx_EnableMSIPLLMode
 .text.RCCEx_PLLSAI1_Config
                0x0000000008001c04      0x1e4 CMakeFiles/EventTaskDemo.elf.dir/Drivers/STM32L4xx_HAL_Driver/Src/stm32l4xx_hal_rcc_ex.c.obj
 .text.HAL_TIM_Base_Init
                0x0000000008001de8       0x56 CMakeFiles/EventTaskDemo.elf.dir/Drivers/STM32L4xx_HAL_Driver/Src/stm32l4xx_hal_tim.c.obj
                0x0000000008001de8                HAL_TIM_Base_Init
 .text.HAL_TIM_Base_MspInit
                0x0000000008001e3e       0x14 CMakeFiles/EventTaskDemo.elf.dir/Drivers/STM32L4xx_HAL_Driver/Src/stm32l4xx_hal_tim.c.obj
                0x0000000008001e3e                HAL_TIM_Base_MspInit
 *fill*         0x0000000008001e52        0x2 
 .text.HAL_TIM_Base_Start_IT
                0x0000000008001e54       0x54 CMakeFiles/EventTaskDemo.elf.dir/Drivers/STM32L4xx_HAL_Driver/Src/stm32l4xx_hal_tim.c.obj
                0x0000000008001e54                HAL_TIM_Base_Start_IT
 .text.HAL_TIM_IRQHandler
                0x0000000008001ea8      0x23e CMakeFiles/EventTaskDemo.elf.dir/Drivers/STM32L4xx_HAL_Driver/Src/stm32l4xx_hal_tim.c.obj
                0x0000000008001ea8                HAL_TIM_IRQHandler
 .text.HAL_TIM_OC_DelayElapsedCallback
                0x00000000080020e6       0x14 CMakeFiles/EventTaskDemo.elf.dir/Drivers/STM32L4xx_HAL_Driver/Src/stm32l4xx_hal_tim.c.obj
                0x00000000080020e6                HAL_TIM_OC_DelayElapsedCallback
 .text.HAL_TIM_IC_CaptureCallback
                0x00000000080020fa       0x14 CMakeFiles/EventTaskDemo.elf.dir/Drivers/STM32L4xx_HAL_Driver/Src/stm32l4xx_hal_tim.c.obj
                0x00000000080020fa                HAL_TIM_IC_CaptureCallback
 .text.HAL_TIM_PWM_PulseFinishedCallback
                0x000000000800210e       0x14 CMakeFiles/EventTaskDemo.elf.dir/Drivers/STM32L4xx_HAL_Driver/Src/stm32l4xx_hal_tim.c.obj
                0x000000000800210e                HAL_TIM_PWM_PulseFinishedCallback
 .text.HAL_TIM_TriggerCallback
                0x0000000008002122       0x14 CMakeFiles/EventTaskDemo.elf.dir/Drivers/STM32L4xx_HAL_Driver/Src/stm32l4xx_hal_tim.c.obj
                0x0000000008002122                HAL_TIM_TriggerCallback
 *fill*         0x0000000008002136        0x2 
 .text.TIM_Base_SetConfig
                0x0000000008002138       0xc8 CMakeFiles/EventTaskDemo.elf.dir/Drivers/STM32L4xx_HAL_Driver/Src/stm32l4xx_hal_tim.c.obj
                0x0000000008002138                TIM_Base_SetConfig
 .text.HAL_TIMEx_CommutCallback
                0x0000000008002200       0x14 CMakeFiles/EventTaskDemo.elf.dir/Drivers/STM32L4xx_HAL_Driver/Src/stm32l4xx_hal_tim_ex.c.obj
                0x0000000008002200                HAL_TIMEx_CommutCallback
 .text.HAL_TIMEx_BreakCallback
                0x0000000008002214       0x14 CMakeFiles/EventTaskDemo.elf.dir/Drivers/STM32L4xx_HAL_Driver/Src/stm32l4xx_hal_tim_ex.c.obj
                0x0000000008002214                HAL_TIMEx_BreakCallback
 .text.HAL_TIMEx_Break2Callback
                0x0000000008002228       0x14 CMakeFiles/EventTaskDemo.elf.dir/Drivers/STM32L4xx_HAL_Driver/Src/stm32l4xx_hal_tim_ex.c.obj
                0x0000000008002228                HAL_TIMEx_Break2Callback
 .text.HAL_UART_Init
                0x000000000800223c       0x9c CMakeFiles/EventTaskDemo.elf.dir/Drivers/STM32L4xx_HAL_Driver/Src/stm32l4xx_hal_uart.c.obj
                0x000000000800223c                HAL_UART_Init
 .text.HAL_UART_Transmit
                0x00000000080022d8      0x126 CMakeFiles/EventTaskDemo.elf.dir/Drivers/STM32L4xx_HAL_Driver/Src/stm32l4xx_hal_uart.c.obj
                0x00000000080022d8                HAL_UART_Transmit
 *fill*         0x00000000080023fe        0x2 
 .text.UART_SetConfig
                0x0000000008002400      0x61c CMakeFiles/EventTaskDemo.elf.dir/Drivers/STM32L4xx_HAL_Driver/Src/stm32l4xx_hal_uart.c.obj
                0x0000000008002400                UART_SetConfig
 .text.UART_AdvFeatureConfig
                0x0000000008002a1c      0x144 CMakeFiles/EventTaskDemo.elf.dir/Drivers/STM32L4xx_HAL_Driver/Src/stm32l4xx_hal_uart.c.obj
                0x0000000008002a1c                UART_AdvFeatureConfig
 .text.UART_CheckIdleState
                0x0000000008002b60       0x8a CMakeFiles/EventTaskDemo.elf.dir/Drivers/STM32L4xx_HAL_Driver/Src/stm32l4xx_hal_uart.c.obj
                0x0000000008002b60                UART_CheckIdleState
 .text.UART_WaitOnFlagUntilTimeout
                0x0000000008002bea       0x90 CMakeFiles/EventTaskDemo.elf.dir/Drivers/STM32L4xx_HAL_Driver/Src/stm32l4xx_hal_uart.c.obj
                0x0000000008002bea                UART_WaitOnFlagUntilTimeout
 .text.makeFreeRtosPriority
                0x0000000008002c7a       0x30 CMakeFiles/EventTaskDemo.elf.dir/Middlewares/Third_Party/FreeRTOS/Source/CMSIS_RTOS/cmsis_os.c.obj
 .text.osKernelStart
                0x0000000008002caa        0xe CMakeFiles/EventTaskDemo.elf.dir/Middlewares/Third_Party/FreeRTOS/Source/CMSIS_RTOS/cmsis_os.c.obj
                0x0000000008002caa                osKernelStart
 .text.osThreadCreate
                0x0000000008002cb8       0x98 CMakeFiles/EventTaskDemo.elf.dir/Middlewares/Third_Party/FreeRTOS/Source/CMSIS_RTOS/cmsis_os.c.obj
                0x0000000008002cb8                osThreadCreate
 .text.osDelay  0x0000000008002d50       0x28 CMakeFiles/EventTaskDemo.elf.dir/Middlewares/Third_Party/FreeRTOS/Source/CMSIS_RTOS/cmsis_os.c.obj
                0x0000000008002d50                osDelay
 .text.xEventGroupCreate
                0x0000000008002d78       0x34 CMakeFiles/EventTaskDemo.elf.dir/Middlewares/Third_Party/FreeRTOS/Source/event_groups.c.obj
                0x0000000008002d78                xEventGroupCreate
 .text.xEventGroupWaitBits
                0x0000000008002dac      0x19c CMakeFiles/EventTaskDemo.elf.dir/Middlewares/Third_Party/FreeRTOS/Source/event_groups.c.obj
                0x0000000008002dac                xEventGroupWaitBits
 .text.xEventGroupSetBits
                0x0000000008002f48      0x116 CMakeFiles/EventTaskDemo.elf.dir/Middlewares/Third_Party/FreeRTOS/Source/event_groups.c.obj
                0x0000000008002f48                xEventGroupSetBits
 .text.prvTestWaitCondition
                0x000000000800305e       0x44 CMakeFiles/EventTaskDemo.elf.dir/Middlewares/Third_Party/FreeRTOS/Source/event_groups.c.obj
 .text.vListInitialise
                0x00000000080030a2       0x40 CMakeFiles/EventTaskDemo.elf.dir/Middlewares/Third_Party/FreeRTOS/Source/list.c.obj
                0x00000000080030a2                vListInitialise
 .text.vListInitialiseItem
                0x00000000080030e2       0x1a CMakeFiles/EventTaskDemo.elf.dir/Middlewares/Third_Party/FreeRTOS/Source/list.c.obj
                0x00000000080030e2                vListInitialiseItem
 .text.vListInsertEnd
                0x00000000080030fc       0x48 CMakeFiles/EventTaskDemo.elf.dir/Middlewares/Third_Party/FreeRTOS/Source/list.c.obj
                0x00000000080030fc                vListInsertEnd
 .text.vListInsert
                0x0000000008003144       0x72 CMakeFiles/EventTaskDemo.elf.dir/Middlewares/Third_Party/FreeRTOS/Source/list.c.obj
                0x0000000008003144                vListInsert
 .text.uxListRemove
                0x00000000080031b6       0x54 CMakeFiles/EventTaskDemo.elf.dir/Middlewares/Third_Party/FreeRTOS/Source/list.c.obj
                0x00000000080031b6                uxListRemove
 *fill*         0x000000000800320a        0x2 
 .text.pxPortInitialiseStack
                0x000000000800320c       0x68 CMakeFiles/EventTaskDemo.elf.dir/Middlewares/Third_Party/FreeRTOS/Source/portable/GCC/ARM_CM4F/port.c.obj
                0x000000000800320c                pxPortInitialiseStack
 .text.prvTaskExitError
                0x0000000008003274       0x58 CMakeFiles/EventTaskDemo.elf.dir/Middlewares/Third_Party/FreeRTOS/Source/portable/GCC/ARM_CM4F/port.c.obj
 *fill*         0x00000000080032cc        0x4 
 .text.SVC_Handler
                0x00000000080032d0       0x28 CMakeFiles/EventTaskDemo.elf.dir/Middlewares/Third_Party/FreeRTOS/Source/portable/GCC/ARM_CM4F/port.c.obj
                0x00000000080032d0                SVC_Handler
 .text.prvPortStartFirstTask
                0x00000000080032f8       0x28 CMakeFiles/EventTaskDemo.elf.dir/Middlewares/Third_Party/FreeRTOS/Source/portable/GCC/ARM_CM4F/port.c.obj
 .text.xPortStartScheduler
                0x0000000008003320      0x144 CMakeFiles/EventTaskDemo.elf.dir/Middlewares/Third_Party/FreeRTOS/Source/portable/GCC/ARM_CM4F/port.c.obj
                0x0000000008003320                xPortStartScheduler
 .text.vPortEnterCritical
                0x0000000008003464       0x60 CMakeFiles/EventTaskDemo.elf.dir/Middlewares/Third_Party/FreeRTOS/Source/portable/GCC/ARM_CM4F/port.c.obj
                0x0000000008003464                vPortEnterCritical
 .text.vPortExitCritical
                0x00000000080034c4       0x54 CMakeFiles/EventTaskDemo.elf.dir/Middlewares/Third_Party/FreeRTOS/Source/portable/GCC/ARM_CM4F/port.c.obj
                0x00000000080034c4                vPortExitCritical
 *fill*         0x0000000008003518        0x8 
 .text.PendSV_Handler
                0x0000000008003520       0x68 CMakeFiles/EventTaskDemo.elf.dir/Middlewares/Third_Party/FreeRTOS/Source/portable/GCC/ARM_CM4F/port.c.obj
                0x0000000008003520                PendSV_Handler
 .text.SysTick_Handler
                0x0000000008003588       0x44 CMakeFiles/EventTaskDemo.elf.dir/Middlewares/Third_Party/FreeRTOS/Source/portable/GCC/ARM_CM4F/port.c.obj
                0x0000000008003588                SysTick_Handler
 .text.vPortSetupTimerInterrupt
                0x00000000080035cc       0x48 CMakeFiles/EventTaskDemo.elf.dir/Middlewares/Third_Party/FreeRTOS/Source/portable/GCC/ARM_CM4F/port.c.obj
                0x00000000080035cc                vPortSetupTimerInterrupt
 .text.vPortEnableVFP
                0x0000000008003614       0x14 CMakeFiles/EventTaskDemo.elf.dir/Middlewares/Third_Party/FreeRTOS/Source/portable/GCC/ARM_CM4F/port.c.obj
 .text.pvPortMalloc
                0x0000000008003628      0x188 CMakeFiles/EventTaskDemo.elf.dir/Middlewares/Third_Party/FreeRTOS/Source/portable/MemMang/heap_4.c.obj
                0x0000000008003628                pvPortMalloc
 .text.vPortFree
                0x00000000080037b0       0xb4 CMakeFiles/EventTaskDemo.elf.dir/Middlewares/Third_Party/FreeRTOS/Source/portable/MemMang/heap_4.c.obj
                0x00000000080037b0                vPortFree
 .text.prvHeapInit
                0x0000000008003864       0xc4 CMakeFiles/EventTaskDemo.elf.dir/Middlewares/Third_Party/FreeRTOS/Source/portable/MemMang/heap_4.c.obj
 .text.prvInsertBlockIntoFreeList
                0x0000000008003928       0xb4 CMakeFiles/EventTaskDemo.elf.dir/Middlewares/Third_Party/FreeRTOS/Source/portable/MemMang/heap_4.c.obj
 .text.xTaskCreateStatic
                0x00000000080039dc       0xb8 CMakeFiles/EventTaskDemo.elf.dir/Middlewares/Third_Party/FreeRTOS/Source/tasks.c.obj
                0x00000000080039dc                xTaskCreateStatic
 .text.xTaskCreate
                0x0000000008003a94       0x8a CMakeFiles/EventTaskDemo.elf.dir/Middlewares/Third_Party/FreeRTOS/Source/tasks.c.obj
                0x0000000008003a94                xTaskCreate
 .text.prvInitialiseNewTask
                0x0000000008003b1e       0xfe CMakeFiles/EventTaskDemo.elf.dir/Middlewares/Third_Party/FreeRTOS/Source/tasks.c.obj
 .text.prvAddNewTaskToReadyList
                0x0000000008003c1c       0xd4 CMakeFiles/EventTaskDemo.elf.dir/Middlewares/Third_Party/FreeRTOS/Source/tasks.c.obj
 .text.vTaskDelay
                0x0000000008003cf0       0x68 CMakeFiles/EventTaskDemo.elf.dir/Middlewares/Third_Party/FreeRTOS/Source/tasks.c.obj
                0x0000000008003cf0                vTaskDelay
 .text.vTaskStartScheduler
                0x0000000008003d58       0xc0 CMakeFiles/EventTaskDemo.elf.dir/Middlewares/Third_Party/FreeRTOS/Source/tasks.c.obj
                0x0000000008003d58                vTaskStartScheduler
 .text.vTaskSuspendAll
                0x0000000008003e18       0x1c CMakeFiles/EventTaskDemo.elf.dir/Middlewares/Third_Party/FreeRTOS/Source/tasks.c.obj
                0x0000000008003e18                vTaskSuspendAll
 .text.xTaskResumeAll
                0x0000000008003e34      0x138 CMakeFiles/EventTaskDemo.elf.dir/Middlewares/Third_Party/FreeRTOS/Source/tasks.c.obj
                0x0000000008003e34                xTaskResumeAll
 .text.xTaskIncrementTick
                0x0000000008003f6c      0x17c CMakeFiles/EventTaskDemo.elf.dir/Middlewares/Third_Party/FreeRTOS/Source/tasks.c.obj
                0x0000000008003f6c                xTaskIncrementTick
 .text.vTaskSwitchContext
                0x00000000080040e8       0xb8 CMakeFiles/EventTaskDemo.elf.dir/Middlewares/Third_Party/FreeRTOS/Source/tasks.c.obj
                0x00000000080040e8                vTaskSwitchContext
 .text.vTaskPlaceOnUnorderedEventList
                0x00000000080041a0       0x78 CMakeFiles/EventTaskDemo.elf.dir/Middlewares/Third_Party/FreeRTOS/Source/tasks.c.obj
                0x00000000080041a0                vTaskPlaceOnUnorderedEventList
 .text.vTaskRemoveFromUnorderedEventList
                0x0000000008004218       0xc4 CMakeFiles/EventTaskDemo.elf.dir/Middlewares/Third_Party/FreeRTOS/Source/tasks.c.obj
                0x0000000008004218                vTaskRemoveFromUnorderedEventList
 .text.prvIdleTask
                0x00000000080042dc       0x30 CMakeFiles/EventTaskDemo.elf.dir/Middlewares/Third_Party/FreeRTOS/Source/tasks.c.obj
 .text.prvInitialiseTaskLists
                0x000000000800430c       0x80 CMakeFiles/EventTaskDemo.elf.dir/Middlewares/Third_Party/FreeRTOS/Source/tasks.c.obj
 .text.prvCheckTasksWaitingTermination
                0x000000000800438c       0x5c CMakeFiles/EventTaskDemo.elf.dir/Middlewares/Third_Party/FreeRTOS/Source/tasks.c.obj
 .text.prvDeleteTCB
                0x00000000080043e8       0x5e CMakeFiles/EventTaskDemo.elf.dir/Middlewares/Third_Party/FreeRTOS/Source/tasks.c.obj
 *fill*         0x0000000008004446        0x2 
 .text.prvResetNextTaskUnblockTime
                0x0000000008004448       0x4c CMakeFiles/EventTaskDemo.elf.dir/Middlewares/Third_Party/FreeRTOS/Source/tasks.c.obj
 .text.xTaskGetSchedulerState
                0x0000000008004494       0x3c CMakeFiles/EventTaskDemo.elf.dir/Middlewares/Third_Party/FreeRTOS/Source/tasks.c.obj
                0x0000000008004494                xTaskGetSchedulerState
 .text.uxTaskResetEventItemValue
                0x00000000080044d0       0x30 CMakeFiles/EventTaskDemo.elf.dir/Middlewares/Third_Party/FreeRTOS/Source/tasks.c.obj
                0x00000000080044d0                uxTaskResetEventItemValue
 .text.prvAddCurrentTaskToDelayedList
                0x0000000008004500       0xcc CMakeFiles/EventTaskDemo.elf.dir/Middlewares/Third_Party/FreeRTOS/Source/tasks.c.obj
 .text.vApplicationGetIdleTaskMemory
                0x00000000080045cc       0x34 CMakeFiles/EventTaskDemo.elf.dir/Src/freertos.c.obj
                0x00000000080045cc                vApplicationGetIdleTaskMemory
 .text.MX_FREERTOS_Init
                0x0000000008004600       0x88 CMakeFiles/EventTaskDemo.elf.dir/Src/freertos.c.obj
                0x0000000008004600                MX_FREERTOS_Init
 .text.LEDTASKEntry
                0x0000000008004688       0x58 CMakeFiles/EventTaskDemo.elf.dir/Src/freertos.c.obj
                0x0000000008004688                LEDTASKEntry
 .text.KEYTASKEntry
                0x00000000080046e0       0x60 CMakeFiles/EventTaskDemo.elf.dir/Src/freertos.c.obj
                0x00000000080046e0                KEYTASKEntry
 .text.MX_GPIO_Init
                0x0000000008004740       0xcc CMakeFiles/EventTaskDemo.elf.dir/Src/gpio.c.obj
                0x0000000008004740                MX_GPIO_Init
 .text._write   0x000000000800480c       0x2c CMakeFiles/EventTaskDemo.elf.dir/Src/main.c.obj
                0x000000000800480c                _write
 .text.main     0x0000000008004838       0x28 CMakeFiles/EventTaskDemo.elf.dir/Src/main.c.obj
                0x0000000008004838                main
 .text.SystemClock_Config
                0x0000000008004860       0xe0 CMakeFiles/EventTaskDemo.elf.dir/Src/main.c.obj
                0x0000000008004860                SystemClock_Config
 .text.HAL_TIM_PeriodElapsedCallback
                0x0000000008004940       0x24 CMakeFiles/EventTaskDemo.elf.dir/Src/main.c.obj
                0x0000000008004940                HAL_TIM_PeriodElapsedCallback
 .text.Error_Handler
                0x0000000008004964        0xe CMakeFiles/EventTaskDemo.elf.dir/Src/main.c.obj
                0x0000000008004964                Error_Handler
 *fill*         0x0000000008004972        0x2 
 .text.HAL_MspInit
                0x0000000008004974       0x50 CMakeFiles/EventTaskDemo.elf.dir/Src/stm32l4xx_hal_msp.c.obj
                0x0000000008004974                HAL_MspInit
 .text.HAL_InitTick
                0x00000000080049c4       0xac CMakeFiles/EventTaskDemo.elf.dir/Src/stm32l4xx_hal_timebase_tim.c.obj
                0x00000000080049c4                HAL_InitTick
 .text.NMI_Handler
                0x0000000008004a70        0xe CMakeFiles/EventTaskDemo.elf.dir/Src/stm32l4xx_it.c.obj
                0x0000000008004a70                NMI_Handler
 .text.HardFault_Handler
                0x0000000008004a7e        0x6 CMakeFiles/EventTaskDemo.elf.dir/Src/stm32l4xx_it.c.obj
                0x0000000008004a7e                HardFault_Handler
 .text.MemManage_Handler
                0x0000000008004a84        0x6 CMakeFiles/EventTaskDemo.elf.dir/Src/stm32l4xx_it.c.obj
                0x0000000008004a84                MemManage_Handler
 .text.BusFault_Handler
                0x0000000008004a8a        0x6 CMakeFiles/EventTaskDemo.elf.dir/Src/stm32l4xx_it.c.obj
                0x0000000008004a8a                BusFault_Handler
 .text.UsageFault_Handler
                0x0000000008004a90        0x6 CMakeFiles/EventTaskDemo.elf.dir/Src/stm32l4xx_it.c.obj
                0x0000000008004a90                UsageFault_Handler
 .text.DebugMon_Handler
                0x0000000008004a96        0xe CMakeFiles/EventTaskDemo.elf.dir/Src/stm32l4xx_it.c.obj
                0x0000000008004a96                DebugMon_Handler
 .text.TIM1_UP_TIM16_IRQHandler
                0x0000000008004aa4       0x14 CMakeFiles/EventTaskDemo.elf.dir/Src/stm32l4xx_it.c.obj
                0x0000000008004aa4                TIM1_UP_TIM16_IRQHandler
 .text._read    0x0000000008004ab8       0x3a CMakeFiles/EventTaskDemo.elf.dir/Src/syscalls.c.obj
                0x0000000008004ab8                _read
 *fill*         0x0000000008004af2        0x2 
 .text._sbrk    0x0000000008004af4       0x58 CMakeFiles/EventTaskDemo.elf.dir/Src/syscalls.c.obj
                0x0000000008004af4                _sbrk
 .text._close   0x0000000008004b4c       0x18 CMakeFiles/EventTaskDemo.elf.dir/Src/syscalls.c.obj
                0x0000000008004b4c                _close
 .text._fstat   0x0000000008004b64       0x20 CMakeFiles/EventTaskDemo.elf.dir/Src/syscalls.c.obj
                0x0000000008004b64                _fstat
 .text._isatty  0x0000000008004b84       0x16 CMakeFiles/EventTaskDemo.elf.dir/Src/syscalls.c.obj
                0x0000000008004b84                _isatty
 .text._lseek   0x0000000008004b9a       0x1a CMakeFiles/EventTaskDemo.elf.dir/Src/syscalls.c.obj
                0x0000000008004b9a                _lseek
 .text.SystemInit
                0x0000000008004bb4       0x6c CMakeFiles/EventTaskDemo.elf.dir/Src/system_stm32l4xx.c.obj
                0x0000000008004bb4                SystemInit
 .text.MX_USART1_UART_Init
                0x0000000008004c20       0x60 CMakeFiles/EventTaskDemo.elf.dir/Src/usart.c.obj
                0x0000000008004c20                MX_USART1_UART_Init
 .text.HAL_UART_MspInit
                0x0000000008004c80       0x88 CMakeFiles/EventTaskDemo.elf.dir/Src/usart.c.obj
                0x0000000008004c80                HAL_UART_MspInit
 .text.Reset_Handler
                0x0000000008004d08       0x50 CMakeFiles/EventTaskDemo.elf.dir/startup/startup_stm32l431xx.s.obj
                0x0000000008004d08                Reset_Handler
 .text.Default_Handler
                0x0000000008004d58        0x2 CMakeFiles/EventTaskDemo.elf.dir/startup/startup_stm32l431xx.s.obj
                0x0000000008004d58                TIM1_BRK_TIM15_IRQHandler
                0x0000000008004d58                EXTI2_IRQHandler
                0x0000000008004d58                TIM1_CC_IRQHandler
                0x0000000008004d58                TSC_IRQHandler
                0x0000000008004d58                TAMP_STAMP_IRQHandler
                0x0000000008004d58                EXTI3_IRQHandler
                0x0000000008004d58                LPTIM2_IRQHandler
                0x0000000008004d58                I2C3_ER_IRQHandler
                0x0000000008004d58                EXTI0_IRQHandler
                0x0000000008004d58                I2C2_EV_IRQHandler
                0x0000000008004d58                CAN1_RX0_IRQHandler
                0x0000000008004d58                FPU_IRQHandler
                0x0000000008004d58                SPI1_IRQHandler
                0x0000000008004d58                TIM6_DAC_IRQHandler
                0x0000000008004d58                DMA2_Channel2_IRQHandler
                0x0000000008004d58                DMA1_Channel4_IRQHandler
                0x0000000008004d58                ADC1_IRQHandler
                0x0000000008004d58                USART3_IRQHandler
                0x0000000008004d58                DMA1_Channel7_IRQHandler
                0x0000000008004d58                CAN1_RX1_IRQHandler
                0x0000000008004d58                DMA2_Channel1_IRQHandler
                0x0000000008004d58                QUADSPI_IRQHandler
                0x0000000008004d58                I2C1_EV_IRQHandler
                0x0000000008004d58                DMA1_Channel6_IRQHandler
                0x0000000008004d58                DMA2_Channel4_IRQHandler
                0x0000000008004d58                RCC_IRQHandler
                0x0000000008004d58                TIM1_TRG_COM_IRQHandler
                0x0000000008004d58                DMA1_Channel1_IRQHandler
                0x0000000008004d58                Default_Handler
                0x0000000008004d58                DMA2_Channel7_IRQHandler
                0x0000000008004d58                EXTI15_10_IRQHandler
                0x0000000008004d58                TIM7_IRQHandler
                0x0000000008004d58                SDMMC1_IRQHandler
                0x0000000008004d58                I2C3_EV_IRQHandler
                0x0000000008004d58                EXTI9_5_IRQHandler
                0x0000000008004d58                RTC_WKUP_IRQHandler
                0x0000000008004d58                PVD_PVM_IRQHandler
                0x0000000008004d58                SPI2_IRQHandler
                0x0000000008004d58                CAN1_TX_IRQHandler
                0x0000000008004d58                DMA2_Channel5_IRQHandler
                0x0000000008004d58                CRS_IRQHandler
                0x0000000008004d58                DMA1_Channel5_IRQHandler
                0x0000000008004d58                EXTI4_IRQHandler
                0x0000000008004d58                RNG_IRQHandler
                0x0000000008004d58                DMA1_Channel3_IRQHandler
                0x0000000008004d58                COMP_IRQHandler
                0x0000000008004d58                WWDG_IRQHandler
                0x0000000008004d58                LPUART1_IRQHandler
                0x0000000008004d58                DMA2_Channel6_IRQHandler
                0x0000000008004d58                TIM2_IRQHandler
                0x0000000008004d58                EXTI1_IRQHandler
                0x0000000008004d58                USART2_IRQHandler
                0x0000000008004d58                I2C2_ER_IRQHandler
                0x0000000008004d58                DMA1_Channel2_IRQHandler
                0x0000000008004d58                CAN1_SCE_IRQHandler
                0x0000000008004d58                FLASH_IRQHandler
                0x0000000008004d58                USART1_IRQHandler
                0x0000000008004d58                SPI3_IRQHandler
                0x0000000008004d58                I2C1_ER_IRQHandler
                0x0000000008004d58                SWPMI1_IRQHandler
                0x0000000008004d58                LPTIM1_IRQHandler
                0x0000000008004d58                SAI1_IRQHandler
                0x0000000008004d58                DMA2_Channel3_IRQHandler
                0x0000000008004d58                RTC_Alarm_IRQHandler
 *fill*         0x0000000008004d5a        0x2 
 .text.__errno  0x0000000008004d5c        0xc /Users/wualex/Documents/gcc-arm-none-eabi-9-2019-q4-major/bin/../lib/gcc/arm-none-eabi/9.2.1/../../../../arm-none-eabi/lib/thumb/v7e-m+fp/hard/libg_nano.a(lib_a-errno.o)
                0x0000000008004d5c                __errno
 .text.__libc_init_array
                0x0000000008004d68       0x48 /Users/wualex/Documents/gcc-arm-none-eabi-9-2019-q4-major/bin/../lib/gcc/arm-none-eabi/9.2.1/../../../../arm-none-eabi/lib/thumb/v7e-m+fp/hard/libg_nano.a(lib_a-init.o)
                0x0000000008004d68                __libc_init_array
 .text.memset   0x0000000008004db0       0x10 /Users/wualex/Documents/gcc-arm-none-eabi-9-2019-q4-major/bin/../lib/gcc/arm-none-eabi/9.2.1/../../../../arm-none-eabi/lib/thumb/v7e-m+fp/hard/libg_nano.a(lib_a-memset.o)
                0x0000000008004db0                memset
 .text._puts_r  0x0000000008004dc0       0xdc /Users/wualex/Documents/gcc-arm-none-eabi-9-2019-q4-major/bin/../lib/gcc/arm-none-eabi/9.2.1/../../../../arm-none-eabi/lib/thumb/v7e-m+fp/hard/libg_nano.a(lib_a-puts.o)
                0x0000000008004dc0                _puts_r
 .text.puts     0x0000000008004e9c       0x10 /Users/wualex/Documents/gcc-arm-none-eabi-9-2019-q4-major/bin/../lib/gcc/arm-none-eabi/9.2.1/../../../../arm-none-eabi/lib/thumb/v7e-m+fp/hard/libg_nano.a(lib_a-puts.o)
                0x0000000008004e9c                puts
 .text.__swbuf_r
                0x0000000008004eac       0xa4 /Users/wualex/Documents/gcc-arm-none-eabi-9-2019-q4-major/bin/../lib/gcc/arm-none-eabi/9.2.1/../../../../arm-none-eabi/lib/thumb/v7e-m+fp/hard/libg_nano.a(lib_a-wbuf.o)
                0x0000000008004eac                __swbuf_r
 .text.__swsetup_r
                0x0000000008004f50       0xdc /Users/wualex/Documents/gcc-arm-none-eabi-9-2019-q4-major/bin/../lib/gcc/arm-none-eabi/9.2.1/../../../../arm-none-eabi/lib/thumb/v7e-m+fp/hard/libg_nano.a(lib_a-wsetup.o)
                0x0000000008004f50                __swsetup_r
 .text.__sflush_r
                0x000000000800502c      0x10c /Users/wualex/Documents/gcc-arm-none-eabi-9-2019-q4-major/bin/../lib/gcc/arm-none-eabi/9.2.1/../../../../arm-none-eabi/lib/thumb/v7e-m+fp/hard/libg_nano.a(lib_a-fflush.o)
                0x000000000800502c                __sflush_r
 .text._fflush_r
                0x0000000008005138       0x78 /Users/wualex/Documents/gcc-arm-none-eabi-9-2019-q4-major/bin/../lib/gcc/arm-none-eabi/9.2.1/../../../../arm-none-eabi/lib/thumb/v7e-m+fp/hard/libg_nano.a(lib_a-fflush.o)
                0x0000000008005138                _fflush_r
 .text.std      0x00000000080051b0       0x48 /Users/wualex/Documents/gcc-arm-none-eabi-9-2019-q4-major/bin/../lib/gcc/arm-none-eabi/9.2.1/../../../../arm-none-eabi/lib/thumb/v7e-m+fp/hard/libg_nano.a(lib_a-findfp.o)
 .text._cleanup_r
                0x00000000080051f8        0xc /Users/wualex/Documents/gcc-arm-none-eabi-9-2019-q4-major/bin/../lib/gcc/arm-none-eabi/9.2.1/../../../../arm-none-eabi/lib/thumb/v7e-m+fp/hard/libg_nano.a(lib_a-findfp.o)
                0x00000000080051f8                _cleanup_r
 .text.__sfmoreglue
                0x0000000008005204       0x2c /Users/wualex/Documents/gcc-arm-none-eabi-9-2019-q4-major/bin/../lib/gcc/arm-none-eabi/9.2.1/../../../../arm-none-eabi/lib/thumb/v7e-m+fp/hard/libg_nano.a(lib_a-findfp.o)
                0x0000000008005204                __sfmoreglue
 .text.__sfp_lock_acquire
                0x0000000008005230        0xc /Users/wualex/Documents/gcc-arm-none-eabi-9-2019-q4-major/bin/../lib/gcc/arm-none-eabi/9.2.1/../../../../arm-none-eabi/lib/thumb/v7e-m+fp/hard/libg_nano.a(lib_a-findfp.o)
                0x0000000008005230                __sfp_lock_acquire
 .text.__sfp_lock_release
                0x000000000800523c        0xc /Users/wualex/Documents/gcc-arm-none-eabi-9-2019-q4-major/bin/../lib/gcc/arm-none-eabi/9.2.1/../../../../arm-none-eabi/lib/thumb/v7e-m+fp/hard/libg_nano.a(lib_a-findfp.o)
                0x000000000800523c                __sfp_lock_release
 .text.__sinit_lock_acquire
                0x0000000008005248        0xc /Users/wualex/Documents/gcc-arm-none-eabi-9-2019-q4-major/bin/../lib/gcc/arm-none-eabi/9.2.1/../../../../arm-none-eabi/lib/thumb/v7e-m+fp/hard/libg_nano.a(lib_a-findfp.o)
                0x0000000008005248                __sinit_lock_acquire
 .text.__sinit_lock_release
                0x0000000008005254        0xc /Users/wualex/Documents/gcc-arm-none-eabi-9-2019-q4-major/bin/../lib/gcc/arm-none-eabi/9.2.1/../../../../arm-none-eabi/lib/thumb/v7e-m+fp/hard/libg_nano.a(lib_a-findfp.o)
                0x0000000008005254                __sinit_lock_release
 .text.__sinit  0x0000000008005260       0x70 /Users/wualex/Documents/gcc-arm-none-eabi-9-2019-q4-major/bin/../lib/gcc/arm-none-eabi/9.2.1/../../../../arm-none-eabi/lib/thumb/v7e-m+fp/hard/libg_nano.a(lib_a-findfp.o)
                0x0000000008005260                __sinit
 .text.__sfp    0x00000000080052d0       0x8c /Users/wualex/Documents/gcc-arm-none-eabi-9-2019-q4-major/bin/../lib/gcc/arm-none-eabi/9.2.1/../../../../arm-none-eabi/lib/thumb/v7e-m+fp/hard/libg_nano.a(lib_a-findfp.o)
                0x00000000080052d0                __sfp
 .text._fwalk_reent
                0x000000000800535c       0x3e /Users/wualex/Documents/gcc-arm-none-eabi-9-2019-q4-major/bin/../lib/gcc/arm-none-eabi/9.2.1/../../../../arm-none-eabi/lib/thumb/v7e-m+fp/hard/libg_nano.a(lib_a-fwalk.o)
                0x000000000800535c                _fwalk_reent
 .text.__retarget_lock_init_recursive
                0x000000000800539a        0x2 /Users/wualex/Documents/gcc-arm-none-eabi-9-2019-q4-major/bin/../lib/gcc/arm-none-eabi/9.2.1/../../../../arm-none-eabi/lib/thumb/v7e-m+fp/hard/libg_nano.a(lib_a-lock.o)
                0x000000000800539a                __retarget_lock_init_recursive
 .text.__retarget_lock_acquire_recursive
                0x000000000800539c        0x2 /Users/wualex/Documents/gcc-arm-none-eabi-9-2019-q4-major/bin/../lib/gcc/arm-none-eabi/9.2.1/../../../../arm-none-eabi/lib/thumb/v7e-m+fp/hard/libg_nano.a(lib_a-lock.o)
                0x000000000800539c                __retarget_lock_acquire_recursive
 .text.__retarget_lock_release_recursive
                0x000000000800539e        0x2 /Users/wualex/Documents/gcc-arm-none-eabi-9-2019-q4-major/bin/../lib/gcc/arm-none-eabi/9.2.1/../../../../arm-none-eabi/lib/thumb/v7e-m+fp/hard/libg_nano.a(lib_a-lock.o)
                0x000000000800539e                __retarget_lock_release_recursive
 .text.__swhatbuf_r
                0x00000000080053a0       0x48 /Users/wualex/Documents/gcc-arm-none-eabi-9-2019-q4-major/bin/../lib/gcc/arm-none-eabi/9.2.1/../../../../arm-none-eabi/lib/thumb/v7e-m+fp/hard/libg_nano.a(lib_a-makebuf.o)
                0x00000000080053a0                __swhatbuf_r
 .text.__smakebuf_r
                0x00000000080053e8       0x80 /Users/wualex/Documents/gcc-arm-none-eabi-9-2019-q4-major/bin/../lib/gcc/arm-none-eabi/9.2.1/../../../../arm-none-eabi/lib/thumb/v7e-m+fp/hard/libg_nano.a(lib_a-makebuf.o)
                0x00000000080053e8                __smakebuf_r
 .text._free_r  0x0000000008005468       0xa0 /Users/wualex/Documents/gcc-arm-none-eabi-9-2019-q4-major/bin/../lib/gcc/arm-none-eabi/9.2.1/../../../../arm-none-eabi/lib/thumb/v7e-m+fp/hard/libg_nano.a(lib_a-nano-freer.o)
                0x0000000008005468                _free_r
 .text._malloc_r
                0x0000000008005508       0xb4 /Users/wualex/Documents/gcc-arm-none-eabi-9-2019-q4-major/bin/../lib/gcc/arm-none-eabi/9.2.1/../../../../arm-none-eabi/lib/thumb/v7e-m+fp/hard/libg_nano.a(lib_a-nano-mallocr.o)
                0x0000000008005508                _malloc_r
 .text._sbrk_r  0x00000000080055bc       0x20 /Users/wualex/Documents/gcc-arm-none-eabi-9-2019-q4-major/bin/../lib/gcc/arm-none-eabi/9.2.1/../../../../arm-none-eabi/lib/thumb/v7e-m+fp/hard/libg_nano.a(lib_a-sbrkr.o)
                0x00000000080055bc                _sbrk_r
 .text.__sread  0x00000000080055dc       0x22 /Users/wualex/Documents/gcc-arm-none-eabi-9-2019-q4-major/bin/../lib/gcc/arm-none-eabi/9.2.1/../../../../arm-none-eabi/lib/thumb/v7e-m+fp/hard/libg_nano.a(lib_a-stdio.o)
                0x00000000080055dc                __sread
 .text.__swrite
                0x00000000080055fe       0x38 /Users/wualex/Documents/gcc-arm-none-eabi-9-2019-q4-major/bin/../lib/gcc/arm-none-eabi/9.2.1/../../../../arm-none-eabi/lib/thumb/v7e-m+fp/hard/libg_nano.a(lib_a-stdio.o)
                0x00000000080055fe                __swrite
 .text.__sseek  0x0000000008005636       0x24 /Users/wualex/Documents/gcc-arm-none-eabi-9-2019-q4-major/bin/../lib/gcc/arm-none-eabi/9.2.1/../../../../arm-none-eabi/lib/thumb/v7e-m+fp/hard/libg_nano.a(lib_a-stdio.o)
                0x0000000008005636                __sseek
 .text.__sclose
                0x000000000800565a        0x8 /Users/wualex/Documents/gcc-arm-none-eabi-9-2019-q4-major/bin/../lib/gcc/arm-none-eabi/9.2.1/../../../../arm-none-eabi/lib/thumb/v7e-m+fp/hard/libg_nano.a(lib_a-stdio.o)
                0x000000000800565a                __sclose
 *fill*         0x0000000008005662        0x2 
 .text._write_r
                0x0000000008005664       0x24 /Users/wualex/Documents/gcc-arm-none-eabi-9-2019-q4-major/bin/../lib/gcc/arm-none-eabi/9.2.1/../../../../arm-none-eabi/lib/thumb/v7e-m+fp/hard/libg_nano.a(lib_a-writer.o)
                0x0000000008005664                _write_r
 .text._close_r
                0x0000000008005688       0x20 /Users/wualex/Documents/gcc-arm-none-eabi-9-2019-q4-major/bin/../lib/gcc/arm-none-eabi/9.2.1/../../../../arm-none-eabi/lib/thumb/v7e-m+fp/hard/libg_nano.a(lib_a-closer.o)
                0x0000000008005688                _close_r
 .text._fstat_r
                0x00000000080056a8       0x24 /Users/wualex/Documents/gcc-arm-none-eabi-9-2019-q4-major/bin/../lib/gcc/arm-none-eabi/9.2.1/../../../../arm-none-eabi/lib/thumb/v7e-m+fp/hard/libg_nano.a(lib_a-fstatr.o)
                0x00000000080056a8                _fstat_r
 .text._isatty_r
                0x00000000080056cc       0x20 /Users/wualex/Documents/gcc-arm-none-eabi-9-2019-q4-major/bin/../lib/gcc/arm-none-eabi/9.2.1/../../../../arm-none-eabi/lib/thumb/v7e-m+fp/hard/libg_nano.a(lib_a-isattyr.o)
                0x00000000080056cc                _isatty_r
 .text._lseek_r
                0x00000000080056ec       0x24 /Users/wualex/Documents/gcc-arm-none-eabi-9-2019-q4-major/bin/../lib/gcc/arm-none-eabi/9.2.1/../../../../arm-none-eabi/lib/thumb/v7e-m+fp/hard/libg_nano.a(lib_a-lseekr.o)
                0x00000000080056ec                _lseek_r
 .text.__malloc_lock
                0x0000000008005710        0xc /Users/wualex/Documents/gcc-arm-none-eabi-9-2019-q4-major/bin/../lib/gcc/arm-none-eabi/9.2.1/../../../../arm-none-eabi/lib/thumb/v7e-m+fp/hard/libg_nano.a(lib_a-mlock.o)
                0x0000000008005710                __malloc_lock
 .text.__malloc_unlock
                0x000000000800571c        0xc /Users/wualex/Documents/gcc-arm-none-eabi-9-2019-q4-major/bin/../lib/gcc/arm-none-eabi/9.2.1/../../../../arm-none-eabi/lib/thumb/v7e-m+fp/hard/libg_nano.a(lib_a-mlock.o)
                0x000000000800571c                __malloc_unlock
 .text._read_r  0x0000000008005728       0x24 /Users/wualex/Documents/gcc-arm-none-eabi-9-2019-q4-major/bin/../lib/gcc/arm-none-eabi/9.2.1/../../../../arm-none-eabi/lib/thumb/v7e-m+fp/hard/libg_nano.a(lib_a-readr.o)
                0x0000000008005728                _read_r
 *(.glue_7)
 .glue_7        0x000000000800574c        0x0 linker stubs
 *(.glue_7t)
 .glue_7t       0x000000000800574c        0x0 linker stubs
 *(.eh_frame)
 .eh_frame      0x000000000800574c        0x0 /Users/wualex/Documents/gcc-arm-none-eabi-9-2019-q4-major/bin/../lib/gcc/arm-none-eabi/9.2.1/thumb/v7e-m+fp/hard/crtbegin.o
 *(.init)
 .init          0x000000000800574c        0x4 /Users/wualex/Documents/gcc-arm-none-eabi-9-2019-q4-major/bin/../lib/gcc/arm-none-eabi/9.2.1/thumb/v7e-m+fp/hard/crti.o
                0x000000000800574c                _init
 .init          0x0000000008005750        0x8 /Users/wualex/Documents/gcc-arm-none-eabi-9-2019-q4-major/bin/../lib/gcc/arm-none-eabi/9.2.1/thumb/v7e-m+fp/hard/crtn.o
 *(.fini)
 .fini          0x0000000008005758        0x4 /Users/wualex/Documents/gcc-arm-none-eabi-9-2019-q4-major/bin/../lib/gcc/arm-none-eabi/9.2.1/thumb/v7e-m+fp/hard/crti.o
                0x0000000008005758                _fini
 .fini          0x000000000800575c        0x8 /Users/wualex/Documents/gcc-arm-none-eabi-9-2019-q4-major/bin/../lib/gcc/arm-none-eabi/9.2.1/thumb/v7e-m+fp/hard/crtn.o
                0x0000000008005768                . = ALIGN (0x8)
 *fill*         0x0000000008005764        0x4 
                0x0000000008005768                _etext = .

.vfp11_veneer   0x0000000008005768        0x0
 .vfp11_veneer  0x0000000008005768        0x0 linker stubs

.v4_bx          0x0000000008005768        0x0
 .v4_bx         0x0000000008005768        0x0 linker stubs

.iplt           0x0000000008005768        0x0
 .iplt          0x0000000008005768        0x0 /Users/wualex/Documents/gcc-arm-none-eabi-9-2019-q4-major/bin/../lib/gcc/arm-none-eabi/9.2.1/thumb/v7e-m+fp/hard/crtbegin.o

.rodata         0x0000000008005768      0x178
                0x0000000008005768                . = ALIGN (0x8)
 *(.rodata)
 .rodata        0x0000000008005768        0x5 CMakeFiles/EventTaskDemo.elf.dir/Middlewares/Third_Party/FreeRTOS/Source/tasks.c.obj
 *fill*         0x000000000800576d        0x3 
 .rodata        0x0000000008005770       0xb7 CMakeFiles/EventTaskDemo.elf.dir/Src/freertos.c.obj
 *fill*         0x0000000008005827        0x1 
 .rodata        0x0000000008005828        0xb CMakeFiles/EventTaskDemo.elf.dir/Src/main.c.obj
 *(.rodata*)
 *fill*         0x0000000008005833        0x1 
 .rodata.AHBPrescTable
                0x0000000008005834       0x10 CMakeFiles/EventTaskDemo.elf.dir/Src/system_stm32l4xx.c.obj
                0x0000000008005834                AHBPrescTable
 .rodata.APBPrescTable
                0x0000000008005844        0x8 CMakeFiles/EventTaskDemo.elf.dir/Src/system_stm32l4xx.c.obj
                0x0000000008005844                APBPrescTable
 .rodata.MSIRangeTable
                0x000000000800584c       0x30 CMakeFiles/EventTaskDemo.elf.dir/Src/system_stm32l4xx.c.obj
                0x000000000800584c                MSIRangeTable
 .rodata._global_impure_ptr
                0x000000000800587c        0x4 /Users/wualex/Documents/gcc-arm-none-eabi-9-2019-q4-major/bin/../lib/gcc/arm-none-eabi/9.2.1/../../../../arm-none-eabi/lib/thumb/v7e-m+fp/hard/libg_nano.a(lib_a-impure.o)
                0x000000000800587c                _global_impure_ptr
 .rodata.__sf_fake_stderr
                0x0000000008005880       0x20 /Users/wualex/Documents/gcc-arm-none-eabi-9-2019-q4-major/bin/../lib/gcc/arm-none-eabi/9.2.1/../../../../arm-none-eabi/lib/thumb/v7e-m+fp/hard/libg_nano.a(lib_a-findfp.o)
                0x0000000008005880                __sf_fake_stderr
 .rodata.__sf_fake_stdin
                0x00000000080058a0       0x20 /Users/wualex/Documents/gcc-arm-none-eabi-9-2019-q4-major/bin/../lib/gcc/arm-none-eabi/9.2.1/../../../../arm-none-eabi/lib/thumb/v7e-m+fp/hard/libg_nano.a(lib_a-findfp.o)
                0x00000000080058a0                __sf_fake_stdin
 .rodata.__sf_fake_stdout
                0x00000000080058c0       0x20 /Users/wualex/Documents/gcc-arm-none-eabi-9-2019-q4-major/bin/../lib/gcc/arm-none-eabi/9.2.1/../../../../arm-none-eabi/lib/thumb/v7e-m+fp/hard/libg_nano.a(lib_a-findfp.o)
                0x00000000080058c0                __sf_fake_stdout
                0x00000000080058e0                . = ALIGN (0x8)

.ARM.extab      0x00000000080058e0        0x0
                0x00000000080058e0                . = ALIGN (0x8)
 *(.ARM.extab* .gnu.linkonce.armextab.*)
                0x00000000080058e0                . = ALIGN (0x8)

.ARM            0x00000000080058e0        0x8
                0x00000000080058e0                . = ALIGN (0x8)
                0x00000000080058e0                __exidx_start = .
 *(.ARM.exidx*)
 .ARM.exidx     0x00000000080058e0        0x8 /Users/wualex/Documents/gcc-arm-none-eabi-9-2019-q4-major/bin/../lib/gcc/arm-none-eabi/9.2.1/thumb/v7e-m+fp/hard/libgcc.a(_udivmoddi4.o)
                0x00000000080058e8                __exidx_end = .
                0x00000000080058e8                . = ALIGN (0x8)

.rel.dyn        0x00000000080058e8        0x0
 .rel.iplt      0x00000000080058e8        0x0 /Users/wualex/Documents/gcc-arm-none-eabi-9-2019-q4-major/bin/../lib/gcc/arm-none-eabi/9.2.1/thumb/v7e-m+fp/hard/crtbegin.o

.preinit_array  0x00000000080058e8        0x0
                0x00000000080058e8                . = ALIGN (0x8)
                0x00000000080058e8                PROVIDE (__preinit_array_start = .)
 *(.preinit_array*)
                0x00000000080058e8                PROVIDE (__preinit_array_end = .)
                0x00000000080058e8                . = ALIGN (0x8)

.init_array     0x00000000080058e8        0x8
                0x00000000080058e8                . = ALIGN (0x8)
                0x00000000080058e8                PROVIDE (__init_array_start = .)
 *(SORT_BY_NAME(.init_array.*))
 *(.init_array*)
 .init_array    0x00000000080058e8        0x4 /Users/wualex/Documents/gcc-arm-none-eabi-9-2019-q4-major/bin/../lib/gcc/arm-none-eabi/9.2.1/thumb/v7e-m+fp/hard/crtbegin.o
                0x00000000080058ec                PROVIDE (__init_array_end = .)
                0x00000000080058f0                . = ALIGN (0x8)
 *fill*         0x00000000080058ec        0x4 

.fini_array     0x00000000080058f0        0x8
                0x00000000080058f0                . = ALIGN (0x8)
                [!provide]                        PROVIDE (__fini_array_start = .)
 *(SORT_BY_NAME(.fini_array.*))
 *(.fini_array*)
 .fini_array    0x00000000080058f0        0x4 /Users/wualex/Documents/gcc-arm-none-eabi-9-2019-q4-major/bin/../lib/gcc/arm-none-eabi/9.2.1/thumb/v7e-m+fp/hard/crtbegin.o
                [!provide]                        PROVIDE (__fini_array_end = .)
                0x00000000080058f8                . = ALIGN (0x8)
 *fill*         0x00000000080058f4        0x4 
                0x00000000080058f8                _sidata = LOADADDR (.data)

.data           0x0000000020000000       0x78 load address 0x00000000080058f8
                0x0000000020000000                . = ALIGN (0x8)
                0x0000000020000000                _sdata = .
 *(.data)
 *(.data*)
 .data.uwTickPrio
                0x0000000020000000        0x4 CMakeFiles/EventTaskDemo.elf.dir/Drivers/STM32L4xx_HAL_Driver/Src/stm32l4xx_hal.c.obj
                0x0000000020000000                uwTickPrio
 .data.uwTickFreq
                0x0000000020000004        0x4 CMakeFiles/EventTaskDemo.elf.dir/Drivers/STM32L4xx_HAL_Driver/Src/stm32l4xx_hal.c.obj
                0x0000000020000004                uwTickFreq
 .data.uxCriticalNesting
                0x0000000020000008        0x4 CMakeFiles/EventTaskDemo.elf.dir/Middlewares/Third_Party/FreeRTOS/Source/portable/GCC/ARM_CM4F/port.c.obj
 .data.SystemCoreClock
                0x000000002000000c        0x4 CMakeFiles/EventTaskDemo.elf.dir/Src/system_stm32l4xx.c.obj
                0x000000002000000c                SystemCoreClock
 .data._impure_ptr
                0x0000000020000010        0x4 /Users/wualex/Documents/gcc-arm-none-eabi-9-2019-q4-major/bin/../lib/gcc/arm-none-eabi/9.2.1/../../../../arm-none-eabi/lib/thumb/v7e-m+fp/hard/libg_nano.a(lib_a-impure.o)
                0x0000000020000010                _impure_ptr
 .data.impure_data
                0x0000000020000014       0x60 /Users/wualex/Documents/gcc-arm-none-eabi-9-2019-q4-major/bin/../lib/gcc/arm-none-eabi/9.2.1/../../../../arm-none-eabi/lib/thumb/v7e-m+fp/hard/libg_nano.a(lib_a-impure.o)
                0x0000000020000078                . = ALIGN (0x8)
 *fill*         0x0000000020000074        0x4 
                0x0000000020000078                _edata = .

.igot.plt       0x0000000020000078        0x0 load address 0x0000000008005970
 .igot.plt      0x0000000020000078        0x0 /Users/wualex/Documents/gcc-arm-none-eabi-9-2019-q4-major/bin/../lib/gcc/arm-none-eabi/9.2.1/thumb/v7e-m+fp/hard/crtbegin.o
                0x0000000020000078                . = ALIGN (0x4)

.bss            0x0000000020000078     0x1060 load address 0x0000000008005970
                0x0000000020000078                _sbss = .
                0x0000000020000078                __bss_start__ = _sbss
 *(.bss)
 .bss           0x0000000020000078       0x1c /Users/wualex/Documents/gcc-arm-none-eabi-9-2019-q4-major/bin/../lib/gcc/arm-none-eabi/9.2.1/thumb/v7e-m+fp/hard/crtbegin.o
 *(.bss*)
 .bss.uwTick    0x0000000020000094        0x4 CMakeFiles/EventTaskDemo.elf.dir/Drivers/STM32L4xx_HAL_Driver/Src/stm32l4xx_hal.c.obj
                0x0000000020000094                uwTick
 .bss.ucMaxSysCallPriority
                0x0000000020000098        0x1 CMakeFiles/EventTaskDemo.elf.dir/Middlewares/Third_Party/FreeRTOS/Source/portable/GCC/ARM_CM4F/port.c.obj
 *fill*         0x0000000020000099        0x3 
 .bss.ulMaxPRIGROUPValue
                0x000000002000009c        0x4 CMakeFiles/EventTaskDemo.elf.dir/Middlewares/Third_Party/FreeRTOS/Source/portable/GCC/ARM_CM4F/port.c.obj
 .bss.ucHeap    0x00000000200000a0      0xbb8 CMakeFiles/EventTaskDemo.elf.dir/Middlewares/Third_Party/FreeRTOS/Source/portable/MemMang/heap_4.c.obj
 .bss.xStart    0x0000000020000c58        0x8 CMakeFiles/EventTaskDemo.elf.dir/Middlewares/Third_Party/FreeRTOS/Source/portable/MemMang/heap_4.c.obj
 .bss.pxEnd     0x0000000020000c60        0x4 CMakeFiles/EventTaskDemo.elf.dir/Middlewares/Third_Party/FreeRTOS/Source/portable/MemMang/heap_4.c.obj
 .bss.xFreeBytesRemaining
                0x0000000020000c64        0x4 CMakeFiles/EventTaskDemo.elf.dir/Middlewares/Third_Party/FreeRTOS/Source/portable/MemMang/heap_4.c.obj
 .bss.xMinimumEverFreeBytesRemaining
                0x0000000020000c68        0x4 CMakeFiles/EventTaskDemo.elf.dir/Middlewares/Third_Party/FreeRTOS/Source/portable/MemMang/heap_4.c.obj
 .bss.xBlockAllocatedBit
                0x0000000020000c6c        0x4 CMakeFiles/EventTaskDemo.elf.dir/Middlewares/Third_Party/FreeRTOS/Source/portable/MemMang/heap_4.c.obj
 .bss.pxCurrentTCB
                0x0000000020000c70        0x4 CMakeFiles/EventTaskDemo.elf.dir/Middlewares/Third_Party/FreeRTOS/Source/tasks.c.obj
                0x0000000020000c70                pxCurrentTCB
 .bss.pxReadyTasksLists
                0x0000000020000c74       0x8c CMakeFiles/EventTaskDemo.elf.dir/Middlewares/Third_Party/FreeRTOS/Source/tasks.c.obj
 .bss.xDelayedTaskList1
                0x0000000020000d00       0x14 CMakeFiles/EventTaskDemo.elf.dir/Middlewares/Third_Party/FreeRTOS/Source/tasks.c.obj
 .bss.xDelayedTaskList2
                0x0000000020000d14       0x14 CMakeFiles/EventTaskDemo.elf.dir/Middlewares/Third_Party/FreeRTOS/Source/tasks.c.obj
 .bss.pxDelayedTaskList
                0x0000000020000d28        0x4 CMakeFiles/EventTaskDemo.elf.dir/Middlewares/Third_Party/FreeRTOS/Source/tasks.c.obj
 .bss.pxOverflowDelayedTaskList
                0x0000000020000d2c        0x4 CMakeFiles/EventTaskDemo.elf.dir/Middlewares/Third_Party/FreeRTOS/Source/tasks.c.obj
 .bss.xPendingReadyList
                0x0000000020000d30       0x14 CMakeFiles/EventTaskDemo.elf.dir/Middlewares/Third_Party/FreeRTOS/Source/tasks.c.obj
 .bss.xTasksWaitingTermination
                0x0000000020000d44       0x14 CMakeFiles/EventTaskDemo.elf.dir/Middlewares/Third_Party/FreeRTOS/Source/tasks.c.obj
 .bss.uxDeletedTasksWaitingCleanUp
                0x0000000020000d58        0x4 CMakeFiles/EventTaskDemo.elf.dir/Middlewares/Third_Party/FreeRTOS/Source/tasks.c.obj
 .bss.xSuspendedTaskList
                0x0000000020000d5c       0x14 CMakeFiles/EventTaskDemo.elf.dir/Middlewares/Third_Party/FreeRTOS/Source/tasks.c.obj
 .bss.uxCurrentNumberOfTasks
                0x0000000020000d70        0x4 CMakeFiles/EventTaskDemo.elf.dir/Middlewares/Third_Party/FreeRTOS/Source/tasks.c.obj
 .bss.xTickCount
                0x0000000020000d74        0x4 CMakeFiles/EventTaskDemo.elf.dir/Middlewares/Third_Party/FreeRTOS/Source/tasks.c.obj
 .bss.uxTopReadyPriority
                0x0000000020000d78        0x4 CMakeFiles/EventTaskDemo.elf.dir/Middlewares/Third_Party/FreeRTOS/Source/tasks.c.obj
 .bss.xSchedulerRunning
                0x0000000020000d7c        0x4 CMakeFiles/EventTaskDemo.elf.dir/Middlewares/Third_Party/FreeRTOS/Source/tasks.c.obj
 .bss.uxPendedTicks
                0x0000000020000d80        0x4 CMakeFiles/EventTaskDemo.elf.dir/Middlewares/Third_Party/FreeRTOS/Source/tasks.c.obj
 .bss.xYieldPending
                0x0000000020000d84        0x4 CMakeFiles/EventTaskDemo.elf.dir/Middlewares/Third_Party/FreeRTOS/Source/tasks.c.obj
 .bss.xNumOfOverflows
                0x0000000020000d88        0x4 CMakeFiles/EventTaskDemo.elf.dir/Middlewares/Third_Party/FreeRTOS/Source/tasks.c.obj
 .bss.uxTaskNumber
                0x0000000020000d8c        0x4 CMakeFiles/EventTaskDemo.elf.dir/Middlewares/Third_Party/FreeRTOS/Source/tasks.c.obj
 .bss.xNextTaskUnblockTime
                0x0000000020000d90        0x4 CMakeFiles/EventTaskDemo.elf.dir/Middlewares/Third_Party/FreeRTOS/Source/tasks.c.obj
 .bss.xIdleTaskHandle
                0x0000000020000d94        0x4 CMakeFiles/EventTaskDemo.elf.dir/Middlewares/Third_Party/FreeRTOS/Source/tasks.c.obj
 .bss.uxSchedulerSuspended
                0x0000000020000d98        0x4 CMakeFiles/EventTaskDemo.elf.dir/Middlewares/Third_Party/FreeRTOS/Source/tasks.c.obj
 .bss.Event_Handle
                0x0000000020000d9c        0x4 CMakeFiles/EventTaskDemo.elf.dir/Src/freertos.c.obj
 .bss.LED_TASKHandle
                0x0000000020000da0        0x4 CMakeFiles/EventTaskDemo.elf.dir/Src/freertos.c.obj
                0x0000000020000da0                LED_TASKHandle
 .bss.KEY_TASKHandle
                0x0000000020000da4        0x4 CMakeFiles/EventTaskDemo.elf.dir/Src/freertos.c.obj
                0x0000000020000da4                KEY_TASKHandle
 .bss.xIdleTaskTCBBuffer
                0x0000000020000da8       0x54 CMakeFiles/EventTaskDemo.elf.dir/Src/freertos.c.obj
 .bss.xIdleStack
                0x0000000020000dfc      0x200 CMakeFiles/EventTaskDemo.elf.dir/Src/freertos.c.obj
 .bss.htim1     0x0000000020000ffc       0x40 CMakeFiles/EventTaskDemo.elf.dir/Src/stm32l4xx_hal_timebase_tim.c.obj
                0x0000000020000ffc                htim1
 .bss.heap_end.7381
                0x000000002000103c        0x4 CMakeFiles/EventTaskDemo.elf.dir/Src/syscalls.c.obj
 .bss.huart1    0x0000000020001040       0x80 CMakeFiles/EventTaskDemo.elf.dir/Src/usart.c.obj
                0x0000000020001040                huart1
 .bss.__malloc_free_list
                0x00000000200010c0        0x4 /Users/wualex/Documents/gcc-arm-none-eabi-9-2019-q4-major/bin/../lib/gcc/arm-none-eabi/9.2.1/../../../../arm-none-eabi/lib/thumb/v7e-m+fp/hard/libg_nano.a(lib_a-nano-mallocr.o)
                0x00000000200010c0                __malloc_free_list
 .bss.__malloc_sbrk_start
                0x00000000200010c4        0x4 /Users/wualex/Documents/gcc-arm-none-eabi-9-2019-q4-major/bin/../lib/gcc/arm-none-eabi/9.2.1/../../../../arm-none-eabi/lib/thumb/v7e-m+fp/hard/libg_nano.a(lib_a-nano-mallocr.o)
                0x00000000200010c4                __malloc_sbrk_start
 *(COMMON)
 COMMON         0x00000000200010c8        0x9 /Users/wualex/Documents/gcc-arm-none-eabi-9-2019-q4-major/bin/../lib/gcc/arm-none-eabi/9.2.1/../../../../arm-none-eabi/lib/thumb/v7e-m+fp/hard/libg_nano.a(lib_a-lock.o)
                0x00000000200010c8                __lock___atexit_recursive_mutex
                0x00000000200010c9                __lock___arc4random_mutex
                0x00000000200010ca                __lock___env_recursive_mutex
                0x00000000200010cb                __lock___sinit_recursive_mutex
                0x00000000200010cc                __lock___malloc_recursive_mutex
                0x00000000200010cd                __lock___at_quick_exit_mutex
                0x00000000200010ce                __lock___dd_hash_mutex
                0x00000000200010cf                __lock___tz_mutex
                0x00000000200010d0                __lock___sfp_recursive_mutex
 *fill*         0x00000000200010d1        0x3 
 COMMON         0x00000000200010d4        0x4 /Users/wualex/Documents/gcc-arm-none-eabi-9-2019-q4-major/bin/../lib/gcc/arm-none-eabi/9.2.1/../../../../arm-none-eabi/lib/thumb/v7e-m+fp/hard/libg_nano.a(lib_a-reent.o)
                0x00000000200010d4                errno
                0x00000000200010d8                . = ALIGN (0x4)
                0x00000000200010d8                _ebss = .
                0x00000000200010d8                __bss_end__ = _ebss

._user_heap_stack
                0x00000000200010d8      0x600 load address 0x0000000008005970
                0x00000000200010d8                . = ALIGN (0x8)
                0x00000000200010d8                PROVIDE (end = .)
                [!provide]                        PROVIDE (_end = .)
                0x00000000200012d8                . = (. + _Min_Heap_Size)
 *fill*         0x00000000200010d8      0x200 
                0x00000000200016d8                . = (. + _Min_Stack_Size)
 *fill*         0x00000000200012d8      0x400 
                0x00000000200016d8                . = ALIGN (0x8)

/DISCARD/
 libc.a(*)
 libm.a(*)
 libgcc.a(*)

.ARM.attributes
                0x0000000000000000       0x30
 *(.ARM.attributes)
 .ARM.attributes
                0x0000000000000000       0x1e /Users/wualex/Documents/gcc-arm-none-eabi-9-2019-q4-major/bin/../lib/gcc/arm-none-eabi/9.2.1/thumb/v7e-m+fp/hard/crti.o
 .ARM.attributes
                0x000000000000001e       0x34 /Users/wualex/Documents/gcc-arm-none-eabi-9-2019-q4-major/bin/../lib/gcc/arm-none-eabi/9.2.1/thumb/v7e-m+fp/hard/crtbegin.o
 .ARM.attributes
                0x0000000000000052       0x34 CMakeFiles/EventTaskDemo.elf.dir/Drivers/STM32L4xx_HAL_Driver/Src/stm32l4xx_hal.c.obj
 .ARM.attributes
                0x0000000000000086       0x34 CMakeFiles/EventTaskDemo.elf.dir/Drivers/STM32L4xx_HAL_Driver/Src/stm32l4xx_hal_cortex.c.obj
 .ARM.attributes
                0x00000000000000ba       0x34 CMakeFiles/EventTaskDemo.elf.dir/Drivers/STM32L4xx_HAL_Driver/Src/stm32l4xx_hal_gpio.c.obj
 .ARM.attributes
                0x00000000000000ee       0x34 CMakeFiles/EventTaskDemo.elf.dir/Drivers/STM32L4xx_HAL_Driver/Src/stm32l4xx_hal_pwr.c.obj
 .ARM.attributes
                0x0000000000000122       0x34 CMakeFiles/EventTaskDemo.elf.dir/Drivers/STM32L4xx_HAL_Driver/Src/stm32l4xx_hal_pwr_ex.c.obj
 .ARM.attributes
                0x0000000000000156       0x34 CMakeFiles/EventTaskDemo.elf.dir/Drivers/STM32L4xx_HAL_Driver/Src/stm32l4xx_hal_rcc.c.obj
 .ARM.attributes
                0x000000000000018a       0x34 CMakeFiles/EventTaskDemo.elf.dir/Drivers/STM32L4xx_HAL_Driver/Src/stm32l4xx_hal_rcc_ex.c.obj
 .ARM.attributes
                0x00000000000001be       0x34 CMakeFiles/EventTaskDemo.elf.dir/Drivers/STM32L4xx_HAL_Driver/Src/stm32l4xx_hal_tim.c.obj
 .ARM.attributes
                0x00000000000001f2       0x34 CMakeFiles/EventTaskDemo.elf.dir/Drivers/STM32L4xx_HAL_Driver/Src/stm32l4xx_hal_tim_ex.c.obj
 .ARM.attributes
                0x0000000000000226       0x34 CMakeFiles/EventTaskDemo.elf.dir/Drivers/STM32L4xx_HAL_Driver/Src/stm32l4xx_hal_uart.c.obj
 .ARM.attributes
                0x000000000000025a       0x34 CMakeFiles/EventTaskDemo.elf.dir/Middlewares/Third_Party/FreeRTOS/Source/CMSIS_RTOS/cmsis_os.c.obj
 .ARM.attributes
                0x000000000000028e       0x34 CMakeFiles/EventTaskDemo.elf.dir/Middlewares/Third_Party/FreeRTOS/Source/event_groups.c.obj
 .ARM.attributes
                0x00000000000002c2       0x34 CMakeFiles/EventTaskDemo.elf.dir/Middlewares/Third_Party/FreeRTOS/Source/list.c.obj
 .ARM.attributes
                0x00000000000002f6       0x34 CMakeFiles/EventTaskDemo.elf.dir/Middlewares/Third_Party/FreeRTOS/Source/portable/GCC/ARM_CM4F/port.c.obj
 .ARM.attributes
                0x000000000000032a       0x34 CMakeFiles/EventTaskDemo.elf.dir/Middlewares/Third_Party/FreeRTOS/Source/portable/MemMang/heap_4.c.obj
 .ARM.attributes
                0x000000000000035e       0x34 CMakeFiles/EventTaskDemo.elf.dir/Middlewares/Third_Party/FreeRTOS/Source/tasks.c.obj
 .ARM.attributes
                0x0000000000000392       0x34 CMakeFiles/EventTaskDemo.elf.dir/Src/freertos.c.obj
 .ARM.attributes
                0x00000000000003c6       0x34 CMakeFiles/EventTaskDemo.elf.dir/Src/gpio.c.obj
 .ARM.attributes
                0x00000000000003fa       0x34 CMakeFiles/EventTaskDemo.elf.dir/Src/main.c.obj
 .ARM.attributes
                0x000000000000042e       0x34 CMakeFiles/EventTaskDemo.elf.dir/Src/stm32l4xx_hal_msp.c.obj
 .ARM.attributes
                0x0000000000000462       0x34 CMakeFiles/EventTaskDemo.elf.dir/Src/stm32l4xx_hal_timebase_tim.c.obj
 .ARM.attributes
                0x0000000000000496       0x34 CMakeFiles/EventTaskDemo.elf.dir/Src/stm32l4xx_it.c.obj
 .ARM.attributes
                0x00000000000004ca       0x34 CMakeFiles/EventTaskDemo.elf.dir/Src/syscalls.c.obj
 .ARM.attributes
                0x00000000000004fe       0x34 CMakeFiles/EventTaskDemo.elf.dir/Src/system_stm32l4xx.c.obj
 .ARM.attributes
                0x0000000000000532       0x34 CMakeFiles/EventTaskDemo.elf.dir/Src/usart.c.obj
 .ARM.attributes
                0x0000000000000566       0x21 CMakeFiles/EventTaskDemo.elf.dir/startup/startup_stm32l431xx.s.obj
 .ARM.attributes
                0x0000000000000587       0x1e /Users/wualex/Documents/gcc-arm-none-eabi-9-2019-q4-major/bin/../lib/gcc/arm-none-eabi/9.2.1/thumb/v7e-m+fp/hard/libgcc.a(_aeabi_uldivmod.o)
 .ARM.attributes
                0x00000000000005a5       0x34 /Users/wualex/Documents/gcc-arm-none-eabi-9-2019-q4-major/bin/../lib/gcc/arm-none-eabi/9.2.1/thumb/v7e-m+fp/hard/libgcc.a(_udivmoddi4.o)
 .ARM.attributes
                0x00000000000005d9       0x1e /Users/wualex/Documents/gcc-arm-none-eabi-9-2019-q4-major/bin/../lib/gcc/arm-none-eabi/9.2.1/thumb/v7e-m+fp/hard/libgcc.a(_dvmd_tls.o)
 .ARM.attributes
                0x00000000000005f7       0x34 /Users/wualex/Documents/gcc-arm-none-eabi-9-2019-q4-major/bin/../lib/gcc/arm-none-eabi/9.2.1/../../../../arm-none-eabi/lib/thumb/v7e-m+fp/hard/libg_nano.a(lib_a-errno.o)
 .ARM.attributes
                0x000000000000062b       0x32 /Users/wualex/Documents/gcc-arm-none-eabi-9-2019-q4-major/bin/../lib/gcc/arm-none-eabi/9.2.1/../../../../arm-none-eabi/lib/thumb/v7e-m+fp/hard/libg_nano.a(lib_a-impure.o)
 .ARM.attributes
                0x000000000000065d       0x34 /Users/wualex/Documents/gcc-arm-none-eabi-9-2019-q4-major/bin/../lib/gcc/arm-none-eabi/9.2.1/../../../../arm-none-eabi/lib/thumb/v7e-m+fp/hard/libg_nano.a(lib_a-init.o)
 .ARM.attributes
                0x0000000000000691       0x34 /Users/wualex/Documents/gcc-arm-none-eabi-9-2019-q4-major/bin/../lib/gcc/arm-none-eabi/9.2.1/../../../../arm-none-eabi/lib/thumb/v7e-m+fp/hard/libg_nano.a(lib_a-memset.o)
 .ARM.attributes
                0x00000000000006c5       0x34 /Users/wualex/Documents/gcc-arm-none-eabi-9-2019-q4-major/bin/../lib/gcc/arm-none-eabi/9.2.1/../../../../arm-none-eabi/lib/thumb/v7e-m+fp/hard/libg_nano.a(lib_a-puts.o)
 .ARM.attributes
                0x00000000000006f9       0x34 /Users/wualex/Documents/gcc-arm-none-eabi-9-2019-q4-major/bin/../lib/gcc/arm-none-eabi/9.2.1/../../../../arm-none-eabi/lib/thumb/v7e-m+fp/hard/libg_nano.a(lib_a-wbuf.o)
 .ARM.attributes
                0x000000000000072d       0x34 /Users/wualex/Documents/gcc-arm-none-eabi-9-2019-q4-major/bin/../lib/gcc/arm-none-eabi/9.2.1/../../../../arm-none-eabi/lib/thumb/v7e-m+fp/hard/libg_nano.a(lib_a-wsetup.o)
 .ARM.attributes
                0x0000000000000761       0x34 /Users/wualex/Documents/gcc-arm-none-eabi-9-2019-q4-major/bin/../lib/gcc/arm-none-eabi/9.2.1/../../../../arm-none-eabi/lib/thumb/v7e-m+fp/hard/libg_nano.a(lib_a-fflush.o)
 .ARM.attributes
                0x0000000000000795       0x34 /Users/wualex/Documents/gcc-arm-none-eabi-9-2019-q4-major/bin/../lib/gcc/arm-none-eabi/9.2.1/../../../../arm-none-eabi/lib/thumb/v7e-m+fp/hard/libg_nano.a(lib_a-findfp.o)
 .ARM.attributes
                0x00000000000007c9       0x34 /Users/wualex/Documents/gcc-arm-none-eabi-9-2019-q4-major/bin/../lib/gcc/arm-none-eabi/9.2.1/../../../../arm-none-eabi/lib/thumb/v7e-m+fp/hard/libg_nano.a(lib_a-fwalk.o)
 .ARM.attributes
                0x00000000000007fd       0x34 /Users/wualex/Documents/gcc-arm-none-eabi-9-2019-q4-major/bin/../lib/gcc/arm-none-eabi/9.2.1/../../../../arm-none-eabi/lib/thumb/v7e-m+fp/hard/libg_nano.a(lib_a-lock.o)
 .ARM.attributes
                0x0000000000000831       0x34 /Users/wualex/Documents/gcc-arm-none-eabi-9-2019-q4-major/bin/../lib/gcc/arm-none-eabi/9.2.1/../../../../arm-none-eabi/lib/thumb/v7e-m+fp/hard/libg_nano.a(lib_a-makebuf.o)
 .ARM.attributes
                0x0000000000000865       0x34 /Users/wualex/Documents/gcc-arm-none-eabi-9-2019-q4-major/bin/../lib/gcc/arm-none-eabi/9.2.1/../../../../arm-none-eabi/lib/thumb/v7e-m+fp/hard/libg_nano.a(lib_a-nano-freer.o)
 .ARM.attributes
                0x0000000000000899       0x34 /Users/wualex/Documents/gcc-arm-none-eabi-9-2019-q4-major/bin/../lib/gcc/arm-none-eabi/9.2.1/../../../../arm-none-eabi/lib/thumb/v7e-m+fp/hard/libg_nano.a(lib_a-nano-mallocr.o)
 .ARM.attributes
                0x00000000000008cd       0x34 /Users/wualex/Documents/gcc-arm-none-eabi-9-2019-q4-major/bin/../lib/gcc/arm-none-eabi/9.2.1/../../../../arm-none-eabi/lib/thumb/v7e-m+fp/hard/libg_nano.a(lib_a-sbrkr.o)
 .ARM.attributes
                0x0000000000000901       0x34 /Users/wualex/Documents/gcc-arm-none-eabi-9-2019-q4-major/bin/../lib/gcc/arm-none-eabi/9.2.1/../../../../arm-none-eabi/lib/thumb/v7e-m+fp/hard/libg_nano.a(lib_a-stdio.o)
 .ARM.attributes
                0x0000000000000935       0x34 /Users/wualex/Documents/gcc-arm-none-eabi-9-2019-q4-major/bin/../lib/gcc/arm-none-eabi/9.2.1/../../../../arm-none-eabi/lib/thumb/v7e-m+fp/hard/libg_nano.a(lib_a-writer.o)
 .ARM.attributes
                0x0000000000000969       0x34 /Users/wualex/Documents/gcc-arm-none-eabi-9-2019-q4-major/bin/../lib/gcc/arm-none-eabi/9.2.1/../../../../arm-none-eabi/lib/thumb/v7e-m+fp/hard/libg_nano.a(lib_a-closer.o)
 .ARM.attributes
                0x000000000000099d       0x34 /Users/wualex/Documents/gcc-arm-none-eabi-9-2019-q4-major/bin/../lib/gcc/arm-none-eabi/9.2.1/../../../../arm-none-eabi/lib/thumb/v7e-m+fp/hard/libg_nano.a(lib_a-fstatr.o)
 .ARM.attributes
                0x00000000000009d1       0x34 /Users/wualex/Documents/gcc-arm-none-eabi-9-2019-q4-major/bin/../lib/gcc/arm-none-eabi/9.2.1/../../../../arm-none-eabi/lib/thumb/v7e-m+fp/hard/libg_nano.a(lib_a-isattyr.o)
 .ARM.attributes
                0x0000000000000a05       0x34 /Users/wualex/Documents/gcc-arm-none-eabi-9-2019-q4-major/bin/../lib/gcc/arm-none-eabi/9.2.1/../../../../arm-none-eabi/lib/thumb/v7e-m+fp/hard/libg_nano.a(lib_a-lseekr.o)
 .ARM.attributes
                0x0000000000000a39       0x34 /Users/wualex/Documents/gcc-arm-none-eabi-9-2019-q4-major/bin/../lib/gcc/arm-none-eabi/9.2.1/../../../../arm-none-eabi/lib/thumb/v7e-m+fp/hard/libg_nano.a(lib_a-mlock.o)
 .ARM.attributes
                0x0000000000000a6d       0x34 /Users/wualex/Documents/gcc-arm-none-eabi-9-2019-q4-major/bin/../lib/gcc/arm-none-eabi/9.2.1/../../../../arm-none-eabi/lib/thumb/v7e-m+fp/hard/libg_nano.a(lib_a-readr.o)
 .ARM.attributes
                0x0000000000000aa1       0x34 /Users/wualex/Documents/gcc-arm-none-eabi-9-2019-q4-major/bin/../lib/gcc/arm-none-eabi/9.2.1/../../../../arm-none-eabi/lib/thumb/v7e-m+fp/hard/libg_nano.a(lib_a-reent.o)
 .ARM.attributes
                0x0000000000000ad5       0x1e /Users/wualex/Documents/gcc-arm-none-eabi-9-2019-q4-major/bin/../lib/gcc/arm-none-eabi/9.2.1/thumb/v7e-m+fp/hard/crtn.o
OUTPUT(EventTaskDemo.elf elf32-littlearm)

.debug_info     0x0000000000000000    0x1941b
 .debug_info    0x0000000000000000      0xc13 CMakeFiles/EventTaskDemo.elf.dir/Drivers/STM32L4xx_HAL_Driver/Src/stm32l4xx_hal.c.obj
 .debug_info    0x0000000000000c13      0xf8a CMakeFiles/EventTaskDemo.elf.dir/Drivers/STM32L4xx_HAL_Driver/Src/stm32l4xx_hal_cortex.c.obj
 .debug_info    0x0000000000001b9d      0xa11 CMakeFiles/EventTaskDemo.elf.dir/Drivers/STM32L4xx_HAL_Driver/Src/stm32l4xx_hal_gpio.c.obj
 .debug_info    0x00000000000025ae      0xb09 CMakeFiles/EventTaskDemo.elf.dir/Drivers/STM32L4xx_HAL_Driver/Src/stm32l4xx_hal_pwr.c.obj
 .debug_info    0x00000000000030b7      0xab2 CMakeFiles/EventTaskDemo.elf.dir/Drivers/STM32L4xx_HAL_Driver/Src/stm32l4xx_hal_pwr_ex.c.obj
 .debug_info    0x0000000000003b69      0xd77 CMakeFiles/EventTaskDemo.elf.dir/Drivers/STM32L4xx_HAL_Driver/Src/stm32l4xx_hal_rcc.c.obj
 .debug_info    0x00000000000048e0     0x10e4 CMakeFiles/EventTaskDemo.elf.dir/Drivers/STM32L4xx_HAL_Driver/Src/stm32l4xx_hal_rcc_ex.c.obj
 .debug_info    0x00000000000059c4     0x28a1 CMakeFiles/EventTaskDemo.elf.dir/Drivers/STM32L4xx_HAL_Driver/Src/stm32l4xx_hal_tim.c.obj
 .debug_info    0x0000000000008265     0x14fd CMakeFiles/EventTaskDemo.elf.dir/Drivers/STM32L4xx_HAL_Driver/Src/stm32l4xx_hal_tim_ex.c.obj
 .debug_info    0x0000000000009762     0x18e3 CMakeFiles/EventTaskDemo.elf.dir/Drivers/STM32L4xx_HAL_Driver/Src/stm32l4xx_hal_uart.c.obj
 .debug_info    0x000000000000b045     0x200e CMakeFiles/EventTaskDemo.elf.dir/Middlewares/Third_Party/FreeRTOS/Source/CMSIS_RTOS/cmsis_os.c.obj
 .debug_info    0x000000000000d053     0x12a0 CMakeFiles/EventTaskDemo.elf.dir/Middlewares/Third_Party/FreeRTOS/Source/event_groups.c.obj
 .debug_info    0x000000000000e2f3      0xb71 CMakeFiles/EventTaskDemo.elf.dir/Middlewares/Third_Party/FreeRTOS/Source/list.c.obj
 .debug_info    0x000000000000ee64      0x4e6 CMakeFiles/EventTaskDemo.elf.dir/Middlewares/Third_Party/FreeRTOS/Source/portable/GCC/ARM_CM4F/port.c.obj
 .debug_info    0x000000000000f34a      0xc6c CMakeFiles/EventTaskDemo.elf.dir/Middlewares/Third_Party/FreeRTOS/Source/portable/MemMang/heap_4.c.obj
 .debug_info    0x000000000000ffb6     0x2472 CMakeFiles/EventTaskDemo.elf.dir/Middlewares/Third_Party/FreeRTOS/Source/tasks.c.obj
 .debug_info    0x0000000000012428      0xff5 CMakeFiles/EventTaskDemo.elf.dir/Src/freertos.c.obj
 .debug_info    0x000000000001341d      0x6a1 CMakeFiles/EventTaskDemo.elf.dir/Src/gpio.c.obj
 .debug_info    0x0000000000013abe     0x19b1 CMakeFiles/EventTaskDemo.elf.dir/Src/main.c.obj
 .debug_info    0x000000000001546f      0x6da CMakeFiles/EventTaskDemo.elf.dir/Src/stm32l4xx_hal_msp.c.obj
 .debug_info    0x0000000000015b49      0xcd7 CMakeFiles/EventTaskDemo.elf.dir/Src/stm32l4xx_hal_timebase_tim.c.obj
 .debug_info    0x0000000000016820      0x82f CMakeFiles/EventTaskDemo.elf.dir/Src/stm32l4xx_it.c.obj
 .debug_info    0x000000000001704f     0x100f CMakeFiles/EventTaskDemo.elf.dir/Src/syscalls.c.obj
 .debug_info    0x000000000001805e      0x764 CMakeFiles/EventTaskDemo.elf.dir/Src/system_stm32l4xx.c.obj
 .debug_info    0x00000000000187c2      0xc37 CMakeFiles/EventTaskDemo.elf.dir/Src/usart.c.obj
 .debug_info    0x00000000000193f9       0x22 CMakeFiles/EventTaskDemo.elf.dir/startup/startup_stm32l431xx.s.obj

.debug_abbrev   0x0000000000000000     0x37db
 .debug_abbrev  0x0000000000000000      0x224 CMakeFiles/EventTaskDemo.elf.dir/Drivers/STM32L4xx_HAL_Driver/Src/stm32l4xx_hal.c.obj
 .debug_abbrev  0x0000000000000224      0x339 CMakeFiles/EventTaskDemo.elf.dir/Drivers/STM32L4xx_HAL_Driver/Src/stm32l4xx_hal_cortex.c.obj
 .debug_abbrev  0x000000000000055d      0x1e5 CMakeFiles/EventTaskDemo.elf.dir/Drivers/STM32L4xx_HAL_Driver/Src/stm32l4xx_hal_gpio.c.obj
 .debug_abbrev  0x0000000000000742      0x1a8 CMakeFiles/EventTaskDemo.elf.dir/Drivers/STM32L4xx_HAL_Driver/Src/stm32l4xx_hal_pwr.c.obj
 .debug_abbrev  0x00000000000008ea      0x1f0 CMakeFiles/EventTaskDemo.elf.dir/Drivers/STM32L4xx_HAL_Driver/Src/stm32l4xx_hal_pwr_ex.c.obj
 .debug_abbrev  0x0000000000000ada      0x272 CMakeFiles/EventTaskDemo.elf.dir/Drivers/STM32L4xx_HAL_Driver/Src/stm32l4xx_hal_rcc.c.obj
 .debug_abbrev  0x0000000000000d4c      0x265 CMakeFiles/EventTaskDemo.elf.dir/Drivers/STM32L4xx_HAL_Driver/Src/stm32l4xx_hal_rcc_ex.c.obj
 .debug_abbrev  0x0000000000000fb1      0x25b CMakeFiles/EventTaskDemo.elf.dir/Drivers/STM32L4xx_HAL_Driver/Src/stm32l4xx_hal_tim.c.obj
 .debug_abbrev  0x000000000000120c      0x249 CMakeFiles/EventTaskDemo.elf.dir/Drivers/STM32L4xx_HAL_Driver/Src/stm32l4xx_hal_tim_ex.c.obj
 .debug_abbrev  0x0000000000001455      0x22c CMakeFiles/EventTaskDemo.elf.dir/Drivers/STM32L4xx_HAL_Driver/Src/stm32l4xx_hal_uart.c.obj
 .debug_abbrev  0x0000000000001681      0x3bf CMakeFiles/EventTaskDemo.elf.dir/Middlewares/Third_Party/FreeRTOS/Source/CMSIS_RTOS/cmsis_os.c.obj
 .debug_abbrev  0x0000000000001a40      0x310 CMakeFiles/EventTaskDemo.elf.dir/Middlewares/Third_Party/FreeRTOS/Source/event_groups.c.obj
 .debug_abbrev  0x0000000000001d50      0x1f4 CMakeFiles/EventTaskDemo.elf.dir/Middlewares/Third_Party/FreeRTOS/Source/list.c.obj
 .debug_abbrev  0x0000000000001f44      0x22e CMakeFiles/EventTaskDemo.elf.dir/Middlewares/Third_Party/FreeRTOS/Source/portable/GCC/ARM_CM4F/port.c.obj
 .debug_abbrev  0x0000000000002172      0x2d0 CMakeFiles/EventTaskDemo.elf.dir/Middlewares/Third_Party/FreeRTOS/Source/portable/MemMang/heap_4.c.obj
 .debug_abbrev  0x0000000000002442      0x37d CMakeFiles/EventTaskDemo.elf.dir/Middlewares/Third_Party/FreeRTOS/Source/tasks.c.obj
 .debug_abbrev  0x00000000000027bf      0x224 CMakeFiles/EventTaskDemo.elf.dir/Src/freertos.c.obj
 .debug_abbrev  0x00000000000029e3      0x14b CMakeFiles/EventTaskDemo.elf.dir/Src/gpio.c.obj
 .debug_abbrev  0x0000000000002b2e      0x25d CMakeFiles/EventTaskDemo.elf.dir/Src/main.c.obj
 .debug_abbrev  0x0000000000002d8b      0x143 CMakeFiles/EventTaskDemo.elf.dir/Src/stm32l4xx_hal_msp.c.obj
 .debug_abbrev  0x0000000000002ece      0x1bc CMakeFiles/EventTaskDemo.elf.dir/Src/stm32l4xx_hal_timebase_tim.c.obj
 .debug_abbrev  0x000000000000308a      0x173 CMakeFiles/EventTaskDemo.elf.dir/Src/stm32l4xx_it.c.obj
 .debug_abbrev  0x00000000000031fd      0x2a9 CMakeFiles/EventTaskDemo.elf.dir/Src/syscalls.c.obj
 .debug_abbrev  0x00000000000034a6      0x16b CMakeFiles/EventTaskDemo.elf.dir/Src/system_stm32l4xx.c.obj
 .debug_abbrev  0x0000000000003611      0x1b8 CMakeFiles/EventTaskDemo.elf.dir/Src/usart.c.obj
 .debug_abbrev  0x00000000000037c9       0x12 CMakeFiles/EventTaskDemo.elf.dir/startup/startup_stm32l431xx.s.obj

.debug_aranges  0x0000000000000000     0x1428
 .debug_aranges
                0x0000000000000000      0x130 CMakeFiles/EventTaskDemo.elf.dir/Drivers/STM32L4xx_HAL_Driver/Src/stm32l4xx_hal.c.obj
 .debug_aranges
                0x0000000000000130      0x118 CMakeFiles/EventTaskDemo.elf.dir/Drivers/STM32L4xx_HAL_Driver/Src/stm32l4xx_hal_cortex.c.obj
 .debug_aranges
                0x0000000000000248       0x58 CMakeFiles/EventTaskDemo.elf.dir/Drivers/STM32L4xx_HAL_Driver/Src/stm32l4xx_hal_gpio.c.obj
 .debug_aranges
                0x00000000000002a0       0x98 CMakeFiles/EventTaskDemo.elf.dir/Drivers/STM32L4xx_HAL_Driver/Src/stm32l4xx_hal_pwr.c.obj
 .debug_aranges
                0x0000000000000338       0xf8 CMakeFiles/EventTaskDemo.elf.dir/Drivers/STM32L4xx_HAL_Driver/Src/stm32l4xx_hal_pwr_ex.c.obj
 .debug_aranges
                0x0000000000000430       0x88 CMakeFiles/EventTaskDemo.elf.dir/Drivers/STM32L4xx_HAL_Driver/Src/stm32l4xx_hal_rcc.c.obj
 .debug_aranges
                0x00000000000004b8       0xf0 CMakeFiles/EventTaskDemo.elf.dir/Drivers/STM32L4xx_HAL_Driver/Src/stm32l4xx_hal_rcc_ex.c.obj
 .debug_aranges
                0x00000000000005a8      0x3b8 CMakeFiles/EventTaskDemo.elf.dir/Drivers/STM32L4xx_HAL_Driver/Src/stm32l4xx_hal_tim.c.obj
 .debug_aranges
                0x0000000000000960      0x168 CMakeFiles/EventTaskDemo.elf.dir/Drivers/STM32L4xx_HAL_Driver/Src/stm32l4xx_hal_tim_ex.c.obj
 .debug_aranges
                0x0000000000000ac8      0x1f8 CMakeFiles/EventTaskDemo.elf.dir/Drivers/STM32L4xx_HAL_Driver/Src/stm32l4xx_hal_uart.c.obj
 .debug_aranges
                0x0000000000000cc0      0x1d8 CMakeFiles/EventTaskDemo.elf.dir/Middlewares/Third_Party/FreeRTOS/Source/CMSIS_RTOS/cmsis_os.c.obj
 .debug_aranges
                0x0000000000000e98       0x70 CMakeFiles/EventTaskDemo.elf.dir/Middlewares/Third_Party/FreeRTOS/Source/event_groups.c.obj
 .debug_aranges
                0x0000000000000f08       0x40 CMakeFiles/EventTaskDemo.elf.dir/Middlewares/Third_Party/FreeRTOS/Source/list.c.obj
 .debug_aranges
                0x0000000000000f48       0x80 CMakeFiles/EventTaskDemo.elf.dir/Middlewares/Third_Party/FreeRTOS/Source/portable/GCC/ARM_CM4F/port.c.obj
 .debug_aranges
                0x0000000000000fc8       0x50 CMakeFiles/EventTaskDemo.elf.dir/Middlewares/Third_Party/FreeRTOS/Source/portable/MemMang/heap_4.c.obj
 .debug_aranges
                0x0000000000001018      0x1a8 CMakeFiles/EventTaskDemo.elf.dir/Middlewares/Third_Party/FreeRTOS/Source/tasks.c.obj
 .debug_aranges
                0x00000000000011c0       0x38 CMakeFiles/EventTaskDemo.elf.dir/Src/freertos.c.obj
 .debug_aranges
                0x00000000000011f8       0x20 CMakeFiles/EventTaskDemo.elf.dir/Src/gpio.c.obj
 .debug_aranges
                0x0000000000001218       0x40 CMakeFiles/EventTaskDemo.elf.dir/Src/main.c.obj
 .debug_aranges
                0x0000000000001258       0x20 CMakeFiles/EventTaskDemo.elf.dir/Src/stm32l4xx_hal_msp.c.obj
 .debug_aranges
                0x0000000000001278       0x30 CMakeFiles/EventTaskDemo.elf.dir/Src/stm32l4xx_hal_timebase_tim.c.obj
 .debug_aranges
                0x00000000000012a8       0x50 CMakeFiles/EventTaskDemo.elf.dir/Src/stm32l4xx_it.c.obj
 .debug_aranges
                0x00000000000012f8       0xb0 CMakeFiles/EventTaskDemo.elf.dir/Src/syscalls.c.obj
 .debug_aranges
                0x00000000000013a8       0x28 CMakeFiles/EventTaskDemo.elf.dir/Src/system_stm32l4xx.c.obj
 .debug_aranges
                0x00000000000013d0       0x30 CMakeFiles/EventTaskDemo.elf.dir/Src/usart.c.obj
 .debug_aranges
                0x0000000000001400       0x28 CMakeFiles/EventTaskDemo.elf.dir/startup/startup_stm32l431xx.s.obj

.debug_ranges   0x0000000000000000     0x1290
 .debug_ranges  0x0000000000000000      0x120 CMakeFiles/EventTaskDemo.elf.dir/Drivers/STM32L4xx_HAL_Driver/Src/stm32l4xx_hal.c.obj
 .debug_ranges  0x0000000000000120      0x108 CMakeFiles/EventTaskDemo.elf.dir/Drivers/STM32L4xx_HAL_Driver/Src/stm32l4xx_hal_cortex.c.obj
 .debug_ranges  0x0000000000000228       0x48 CMakeFiles/EventTaskDemo.elf.dir/Drivers/STM32L4xx_HAL_Driver/Src/stm32l4xx_hal_gpio.c.obj
 .debug_ranges  0x0000000000000270       0x88 CMakeFiles/EventTaskDemo.elf.dir/Drivers/STM32L4xx_HAL_Driver/Src/stm32l4xx_hal_pwr.c.obj
 .debug_ranges  0x00000000000002f8       0xe8 CMakeFiles/EventTaskDemo.elf.dir/Drivers/STM32L4xx_HAL_Driver/Src/stm32l4xx_hal_pwr_ex.c.obj
 .debug_ranges  0x00000000000003e0       0x78 CMakeFiles/EventTaskDemo.elf.dir/Drivers/STM32L4xx_HAL_Driver/Src/stm32l4xx_hal_rcc.c.obj
 .debug_ranges  0x0000000000000458       0xe0 CMakeFiles/EventTaskDemo.elf.dir/Drivers/STM32L4xx_HAL_Driver/Src/stm32l4xx_hal_rcc_ex.c.obj
 .debug_ranges  0x0000000000000538      0x3a8 CMakeFiles/EventTaskDemo.elf.dir/Drivers/STM32L4xx_HAL_Driver/Src/stm32l4xx_hal_tim.c.obj
 .debug_ranges  0x00000000000008e0      0x158 CMakeFiles/EventTaskDemo.elf.dir/Drivers/STM32L4xx_HAL_Driver/Src/stm32l4xx_hal_tim_ex.c.obj
 .debug_ranges  0x0000000000000a38      0x1e8 CMakeFiles/EventTaskDemo.elf.dir/Drivers/STM32L4xx_HAL_Driver/Src/stm32l4xx_hal_uart.c.obj
 .debug_ranges  0x0000000000000c20      0x1c8 CMakeFiles/EventTaskDemo.elf.dir/Middlewares/Third_Party/FreeRTOS/Source/CMSIS_RTOS/cmsis_os.c.obj
 .debug_ranges  0x0000000000000de8       0x60 CMakeFiles/EventTaskDemo.elf.dir/Middlewares/Third_Party/FreeRTOS/Source/event_groups.c.obj
 .debug_ranges  0x0000000000000e48       0x30 CMakeFiles/EventTaskDemo.elf.dir/Middlewares/Third_Party/FreeRTOS/Source/list.c.obj
 .debug_ranges  0x0000000000000e78       0x70 CMakeFiles/EventTaskDemo.elf.dir/Middlewares/Third_Party/FreeRTOS/Source/portable/GCC/ARM_CM4F/port.c.obj
 .debug_ranges  0x0000000000000ee8       0x40 CMakeFiles/EventTaskDemo.elf.dir/Middlewares/Third_Party/FreeRTOS/Source/portable/MemMang/heap_4.c.obj
 .debug_ranges  0x0000000000000f28      0x198 CMakeFiles/EventTaskDemo.elf.dir/Middlewares/Third_Party/FreeRTOS/Source/tasks.c.obj
 .debug_ranges  0x00000000000010c0       0x28 CMakeFiles/EventTaskDemo.elf.dir/Src/freertos.c.obj
 .debug_ranges  0x00000000000010e8       0x10 CMakeFiles/EventTaskDemo.elf.dir/Src/gpio.c.obj
 .debug_ranges  0x00000000000010f8       0x30 CMakeFiles/EventTaskDemo.elf.dir/Src/main.c.obj
 .debug_ranges  0x0000000000001128       0x10 CMakeFiles/EventTaskDemo.elf.dir/Src/stm32l4xx_hal_msp.c.obj
 .debug_ranges  0x0000000000001138       0x20 CMakeFiles/EventTaskDemo.elf.dir/Src/stm32l4xx_hal_timebase_tim.c.obj
 .debug_ranges  0x0000000000001158       0x40 CMakeFiles/EventTaskDemo.elf.dir/Src/stm32l4xx_it.c.obj
 .debug_ranges  0x0000000000001198       0xa0 CMakeFiles/EventTaskDemo.elf.dir/Src/syscalls.c.obj
 .debug_ranges  0x0000000000001238       0x18 CMakeFiles/EventTaskDemo.elf.dir/Src/system_stm32l4xx.c.obj
 .debug_ranges  0x0000000000001250       0x20 CMakeFiles/EventTaskDemo.elf.dir/Src/usart.c.obj
 .debug_ranges  0x0000000000001270       0x20 CMakeFiles/EventTaskDemo.elf.dir/startup/startup_stm32l431xx.s.obj

.debug_line     0x0000000000000000     0xe934
 .debug_line    0x0000000000000000      0x69d CMakeFiles/EventTaskDemo.elf.dir/Drivers/STM32L4xx_HAL_Driver/Src/stm32l4xx_hal.c.obj
 .debug_line    0x000000000000069d      0x888 CMakeFiles/EventTaskDemo.elf.dir/Drivers/STM32L4xx_HAL_Driver/Src/stm32l4xx_hal_cortex.c.obj
 .debug_line    0x0000000000000f25      0x6e8 CMakeFiles/EventTaskDemo.elf.dir/Drivers/STM32L4xx_HAL_Driver/Src/stm32l4xx_hal_gpio.c.obj
 .debug_line    0x000000000000160d      0x4ac CMakeFiles/EventTaskDemo.elf.dir/Drivers/STM32L4xx_HAL_Driver/Src/stm32l4xx_hal_pwr.c.obj
 .debug_line    0x0000000000001ab9      0x6f3 CMakeFiles/EventTaskDemo.elf.dir/Drivers/STM32L4xx_HAL_Driver/Src/stm32l4xx_hal_pwr_ex.c.obj
 .debug_line    0x00000000000021ac      0xb3b CMakeFiles/EventTaskDemo.elf.dir/Drivers/STM32L4xx_HAL_Driver/Src/stm32l4xx_hal_rcc.c.obj
 .debug_line    0x0000000000002ce7      0xf18 CMakeFiles/EventTaskDemo.elf.dir/Drivers/STM32L4xx_HAL_Driver/Src/stm32l4xx_hal_rcc_ex.c.obj
 .debug_line    0x0000000000003bff     0x277f CMakeFiles/EventTaskDemo.elf.dir/Drivers/STM32L4xx_HAL_Driver/Src/stm32l4xx_hal_tim.c.obj
 .debug_line    0x000000000000637e      0xf96 CMakeFiles/EventTaskDemo.elf.dir/Drivers/STM32L4xx_HAL_Driver/Src/stm32l4xx_hal_tim_ex.c.obj
 .debug_line    0x0000000000007314     0x170f CMakeFiles/EventTaskDemo.elf.dir/Drivers/STM32L4xx_HAL_Driver/Src/stm32l4xx_hal_uart.c.obj
 .debug_line    0x0000000000008a23      0xee6 CMakeFiles/EventTaskDemo.elf.dir/Middlewares/Third_Party/FreeRTOS/Source/CMSIS_RTOS/cmsis_os.c.obj
 .debug_line    0x0000000000009909      0x7f5 CMakeFiles/EventTaskDemo.elf.dir/Middlewares/Third_Party/FreeRTOS/Source/event_groups.c.obj
 .debug_line    0x000000000000a0fe      0x46d CMakeFiles/EventTaskDemo.elf.dir/Middlewares/Third_Party/FreeRTOS/Source/list.c.obj
 .debug_line    0x000000000000a56b      0x54c CMakeFiles/EventTaskDemo.elf.dir/Middlewares/Third_Party/FreeRTOS/Source/portable/GCC/ARM_CM4F/port.c.obj
 .debug_line    0x000000000000aab7      0x5be CMakeFiles/EventTaskDemo.elf.dir/Middlewares/Third_Party/FreeRTOS/Source/portable/MemMang/heap_4.c.obj
 .debug_line    0x000000000000b075     0x15fb CMakeFiles/EventTaskDemo.elf.dir/Middlewares/Third_Party/FreeRTOS/Source/tasks.c.obj
 .debug_line    0x000000000000c670      0x58b CMakeFiles/EventTaskDemo.elf.dir/Src/freertos.c.obj
 .debug_line    0x000000000000cbfb      0x2d2 CMakeFiles/EventTaskDemo.elf.dir/Src/gpio.c.obj
 .debug_line    0x000000000000cecd      0x49a CMakeFiles/EventTaskDemo.elf.dir/Src/main.c.obj