Archive member included to satisfy reference by file (symbol)

/Users/wualex/Documents/gcc-arm-none-eabi-9-2019-q4-major/bin/../lib/gcc/arm-none-eabi/9.2.1/thumb/v7e-m/nofp/libgcc.a(_aeabi_uldivmod.o)
                              CMakeFiles/QSPIFlash.elf.dir/Drivers/STM32L4xx_HAL_Driver/Src/stm32l4xx_hal_uart.c.obj (__aeabi_uldivmod)
/Users/wualex/Documents/gcc-arm-none-eabi-9-2019-q4-major/bin/../lib/gcc/arm-none-eabi/9.2.1/thumb/v7e-m/nofp/libgcc.a(_udivmoddi4.o)
                              /Users/wualex/Documents/gcc-arm-none-eabi-9-2019-q4-major/bin/../lib/gcc/arm-none-eabi/9.2.1/thumb/v7e-m/nofp/libgcc.a(_aeabi_uldivmod.o) (__udivmoddi4)
/Users/wualex/Documents/gcc-arm-none-eabi-9-2019-q4-major/bin/../lib/gcc/arm-none-eabi/9.2.1/thumb/v7e-m/nofp/libgcc.a(_dvmd_tls.o)
                              /Users/wualex/Documents/gcc-arm-none-eabi-9-2019-q4-major/bin/../lib/gcc/arm-none-eabi/9.2.1/thumb/v7e-m/nofp/libgcc.a(_aeabi_uldivmod.o) (__aeabi_ldiv0)
/Users/wualex/Documents/gcc-arm-none-eabi-9-2019-q4-major/bin/../lib/gcc/arm-none-eabi/9.2.1/../../../../arm-none-eabi/lib/thumb/v7e-m/nofp/libg_nano.a(lib_a-errno.o)
                              CMakeFiles/QSPIFlash.elf.dir/Src/syscalls.c.obj (__errno)
/Users/wualex/Documents/gcc-arm-none-eabi-9-2019-q4-major/bin/../lib/gcc/arm-none-eabi/9.2.1/../../../../arm-none-eabi/lib/thumb/v7e-m/nofp/libg_nano.a(lib_a-exit.o)
                              /Users/wualex/Documents/gcc-arm-none-eabi-9-2019-q4-major/bin/../lib/gcc/arm-none-eabi/9.2.1/../../../../arm-none-eabi/lib/thumb/v7e-m/nofp/crt0.o (exit)
/Users/wualex/Documents/gcc-arm-none-eabi-9-2019-q4-major/bin/../lib/gcc/arm-none-eabi/9.2.1/../../../../arm-none-eabi/lib/thumb/v7e-m/nofp/libg_nano.a(lib_a-impure.o)
                              /Users/wualex/Documents/gcc-arm-none-eabi-9-2019-q4-major/bin/../lib/gcc/arm-none-eabi/9.2.1/../../../../arm-none-eabi/lib/thumb/v7e-m/nofp/libg_nano.a(lib_a-exit.o) (_global_impure_ptr)
/Users/wualex/Documents/gcc-arm-none-eabi-9-2019-q4-major/bin/../lib/gcc/arm-none-eabi/9.2.1/../../../../arm-none-eabi/lib/thumb/v7e-m/nofp/libg_nano.a(lib_a-init.o)
                              /Users/wualex/Documents/gcc-arm-none-eabi-9-2019-q4-major/bin/../lib/gcc/arm-none-eabi/9.2.1/../../../../arm-none-eabi/lib/thumb/v7e-m/nofp/crt0.o (__libc_init_array)
/Users/wualex/Documents/gcc-arm-none-eabi-9-2019-q4-major/bin/../lib/gcc/arm-none-eabi/9.2.1/../../../../arm-none-eabi/lib/thumb/v7e-m/nofp/libg_nano.a(lib_a-memset.o)
                              /Users/wualex/Documents/gcc-arm-none-eabi-9-2019-q4-major/bin/../lib/gcc/arm-none-eabi/9.2.1/../../../../arm-none-eabi/lib/thumb/v7e-m/nofp/crt0.o (memset)
/Users/wualex/Documents/gcc-arm-none-eabi-9-2019-q4-major/bin/../lib/gcc/arm-none-eabi/9.2.1/../../../../arm-none-eabi/lib/thumb/v7e-m/nofp/libg_nano.a(lib_a-printf.o)
                              CMakeFiles/QSPIFlash.elf.dir/Src/main.c.obj (printf)
/Users/wualex/Documents/gcc-arm-none-eabi-9-2019-q4-major/bin/../lib/gcc/arm-none-eabi/9.2.1/../../../../arm-none-eabi/lib/thumb/v7e-m/nofp/libg_nano.a(lib_a-puts.o)
                              CMakeFiles/QSPIFlash.elf.dir/Src/main.c.obj (puts)
/Users/wualex/Documents/gcc-arm-none-eabi-9-2019-q4-major/bin/../lib/gcc/arm-none-eabi/9.2.1/../../../../arm-none-eabi/lib/thumb/v7e-m/nofp/libg_nano.a(lib_a-wbuf.o)
                              /Users/wualex/Documents/gcc-arm-none-eabi-9-2019-q4-major/bin/../lib/gcc/arm-none-eabi/9.2.1/../../../../arm-none-eabi/lib/thumb/v7e-m/nofp/libg_nano.a(lib_a-puts.o) (__swbuf_r)
/Users/wualex/Documents/gcc-arm-none-eabi-9-2019-q4-major/bin/../lib/gcc/arm-none-eabi/9.2.1/../../../../arm-none-eabi/lib/thumb/v7e-m/nofp/libg_nano.a(lib_a-wsetup.o)
                              /Users/wualex/Documents/gcc-arm-none-eabi-9-2019-q4-major/bin/../lib/gcc/arm-none-eabi/9.2.1/../../../../arm-none-eabi/lib/thumb/v7e-m/nofp/libg_nano.a(lib_a-puts.o) (__swsetup_r)
/Users/wualex/Documents/gcc-arm-none-eabi-9-2019-q4-major/bin/../lib/gcc/arm-none-eabi/9.2.1/../../../../arm-none-eabi/lib/thumb/v7e-m/nofp/libg_nano.a(lib_a-fflush.o)
                              /Users/wualex/Documents/gcc-arm-none-eabi-9-2019-q4-major/bin/../lib/gcc/arm-none-eabi/9.2.1/../../../../arm-none-eabi/lib/thumb/v7e-m/nofp/libg_nano.a(lib_a-wbuf.o) (_fflush_r)
/Users/wualex/Documents/gcc-arm-none-eabi-9-2019-q4-major/bin/../lib/gcc/arm-none-eabi/9.2.1/../../../../arm-none-eabi/lib/thumb/v7e-m/nofp/libg_nano.a(lib_a-findfp.o)
                              /Users/wualex/Documents/gcc-arm-none-eabi-9-2019-q4-major/bin/../lib/gcc/arm-none-eabi/9.2.1/../../../../arm-none-eabi/lib/thumb/v7e-m/nofp/libg_nano.a(lib_a-printf.o) (__sinit)
/Users/wualex/Documents/gcc-arm-none-eabi-9-2019-q4-major/bin/../lib/gcc/arm-none-eabi/9.2.1/../../../../arm-none-eabi/lib/thumb/v7e-m/nofp/libg_nano.a(lib_a-fwalk.o)
[...]
Memory Configuration

Name             Origin             Length             Attributes
RAM              0x0000000020000000 0x0000000000010000 xrw
FLASH            0x0000000008000000 0x0000000000040000 xr
*default*        0x0000000000000000 0xffffffffffffffff

Linker script and memory map

LOAD /Users/wualex/Documents/gcc-arm-none-eabi-9-2019-q4-major/bin/../lib/gcc/arm-none-eabi/9.2.1/thumb/v7e-m/nofp/crti.o
LOAD /Users/wualex/Documents/gcc-arm-none-eabi-9-2019-q4-major/bin/../lib/gcc/arm-none-eabi/9.2.1/thumb/v7e-m/nofp/crtbegin.o
LOAD /Users/wualex/Documents/gcc-arm-none-eabi-9-2019-q4-major/bin/../lib/gcc/arm-none-eabi/9.2.1/../../../../arm-none-eabi/lib/thumb/v7e-m/nofp/crt0.o
LOAD CMakeFiles/QSPIFlash.elf.dir/Drivers/STM32L4xx_HAL_Driver/Src/stm32l4xx_hal.c.obj
LOAD CMakeFiles/QSPIFlash.elf.dir/Drivers/STM32L4xx_HAL_Driver/Src/stm32l4xx_hal_cortex.c.obj
LOAD CMakeFiles/QSPIFlash.elf.dir/Drivers/STM32L4xx_HAL_Driver/Src/stm32l4xx_hal_dma.c.obj
LOAD CMakeFiles/QSPIFlash.elf.dir/Drivers/STM32L4xx_HAL_Driver/Src/stm32l4xx_hal_dma_ex.c.obj
LOAD CMakeFiles/QSPIFlash.elf.dir/Drivers/STM32L4xx_HAL_Driver/Src/stm32l4xx_hal_exti.c.obj
LOAD CMakeFiles/QSPIFlash.elf.dir/Drivers/STM32L4xx_HAL_Driver/Src/stm32l4xx_hal_flash.c.obj
LOAD CMakeFiles/QSPIFlash.elf.dir/Drivers/STM32L4xx_HAL_Driver/Src/stm32l4xx_hal_flash_ex.c.obj
LOAD CMakeFiles/QSPIFlash.elf.dir/Drivers/STM32L4xx_HAL_Driver/Src/stm32l4xx_hal_flash_ramfunc.c.obj
LOAD CMakeFiles/QSPIFlash.elf.dir/Drivers/STM32L4xx_HAL_Driver/Src/stm32l4xx_hal_gpio.c.obj
LOAD CMakeFiles/QSPIFlash.elf.dir/Drivers/STM32L4xx_HAL_Driver/Src/stm32l4xx_hal_i2c.c.obj
LOAD CMakeFiles/QSPIFlash.elf.dir/Drivers/STM32L4xx_HAL_Driver/Src/stm32l4xx_hal_i2c_ex.c.obj
LOAD CMakeFiles/QSPIFlash.elf.dir/Drivers/STM32L4xx_HAL_Driver/Src/stm32l4xx_hal_pwr.c.obj
LOAD CMakeFiles/QSPIFlash.elf.dir/Drivers/STM32L4xx_HAL_Driver/Src/stm32l4xx_hal_pwr_ex.c.obj
LOAD CMakeFiles/QSPIFlash.elf.dir/Drivers/STM32L4xx_HAL_Driver/Src/stm32l4xx_hal_qspi.c.obj
LOAD CMakeFiles/QSPIFlash.elf.dir/Drivers/STM32L4xx_HAL_Driver/Src/stm32l4xx_hal_rcc.c.obj
LOAD CMakeFiles/QSPIFlash.elf.dir/Drivers/STM32L4xx_HAL_Driver/Src/stm32l4xx_hal_rcc_ex.c.obj
LOAD CMakeFiles/QSPIFlash.elf.dir/Drivers/STM32L4xx_HAL_Driver/Src/stm32l4xx_hal_tim.c.obj
LOAD CMakeFiles/QSPIFlash.elf.dir/Drivers/STM32L4xx_HAL_Driver/Src/stm32l4xx_hal_tim_ex.c.obj
LOAD CMakeFiles/QSPIFlash.elf.dir/Drivers/STM32L4xx_HAL_Driver/Src/stm32l4xx_hal_uart.c.obj
LOAD CMakeFiles/QSPIFlash.elf.dir/Drivers/STM32L4xx_HAL_Driver/Src/stm32l4xx_hal_uart_ex.c.obj
LOAD CMakeFiles/QSPIFlash.elf.dir/Src/SPI_Flash.c.obj
LOAD CMakeFiles/QSPIFlash.elf.dir/Src/gpio.c.obj
LOAD CMakeFiles/QSPIFlash.elf.dir/Src/main.c.obj
LOAD CMakeFiles/QSPIFlash.elf.dir/Src/quadspi.c.obj
LOAD CMakeFiles/QSPIFlash.elf.dir/Src/stm32l4xx_hal_msp.c.obj
LOAD CMakeFiles/QSPIFlash.elf.dir/Src/stm32l4xx_it.c.obj
LOAD CMakeFiles/QSPIFlash.elf.dir/Src/sys.c.obj
LOAD CMakeFiles/QSPIFlash.elf.dir/Src/syscalls.c.obj
LOAD CMakeFiles/QSPIFlash.elf.dir/Src/system_stm32l4xx.c.obj
LOAD CMakeFiles/QSPIFlash.elf.dir/Src/usart.c.obj
LOAD CMakeFiles/QSPIFlash.elf.dir/startup/startup_stm32l431xx.s.obj
START GROUP
LOAD /Users/wualex/Documents/gcc-arm-none-eabi-9-2019-q4-major/bin/../lib/gcc/arm-none-eabi/9.2.1/thumb/v7e-m/nofp/libgcc.a
LOAD /Users/wualex/Documents/gcc-arm-none-eabi-9-2019-q4-major/bin/../lib/gcc/arm-none-eabi/9.2.1/../../../../arm-none-eabi/lib/thumb/v7e-m/nofp/libg_nano.a
LOAD /Users/wualex/Documents/gcc-arm-none-eabi-9-2019-q4-major/bin/../lib/gcc/arm-none-eabi/9.2.1/../../../../arm-none-eabi/lib/thumb/v7e-m/nofp/libc_nano.a
END GROUP
START GROUP
LOAD /Users/wualex/Documents/gcc-arm-none-eabi-9-2019-q4-major/bin/../lib/gcc/arm-none-eabi/9.2.1/thumb/v7e-m/nofp/libgcc.a
LOAD /Users/wualex/Documents/gcc-arm-none-eabi-9-2019-q4-major/bin/../lib/gcc/arm-none-eabi/9.2.1/../../../../arm-none-eabi/lib/thumb/v7e-m/nofp/libc_nano.a
LOAD /Users/wualex/Documents/gcc-arm-none-eabi-9-2019-q4-major/bin/../lib/gcc/arm-none-eabi/9.2.1/../../../../arm-none-eabi/lib/thumb/v7e-m/nofp/libnosys.a
END GROUP
START GROUP
LOAD /Users/wualex/Documents/gcc-arm-none-eabi-9-2019-q4-major/bin/../lib/gcc/arm-none-eabi/9.2.1/thumb/v7e-m/nofp/libgcc.a
LOAD /Users/wualex/Documents/gcc-arm-none-eabi-9-2019-q4-major/bin/../lib/gcc/arm-none-eabi/9.2.1/../../../../arm-none-eabi/lib/thumb/v7e-m/nofp/libc_nano.a
LOAD /Users/wualex/Documents/gcc-arm-none-eabi-9-2019-q4-major/bin/../lib/gcc/arm-none-eabi/9.2.1/../../../../arm-none-eabi/lib/thumb/v7e-m/nofp/libnosys.a
END GROUP
LOAD /Users/wualex/Documents/gcc-arm-none-eabi-9-2019-q4-major/bin/../lib/gcc/arm-none-eabi/9.2.1/thumb/v7e-m/nofp/crtend.o
LOAD /Users/wualex/Documents/gcc-arm-none-eabi-9-2019-q4-major/bin/../lib/gcc/arm-none-eabi/9.2.1/thumb/v7e-m/nofp/crtn.o
                0x0000000020010000                _estack = 0x20010000
                0x0000000000000200                _Min_Heap_Size = 0x200
                0x0000000000000400                _Min_Stack_Size = 0x400

.isr_vector     0x0000000008000000      0x190
                0x0000000008000000                . = ALIGN (0x8)
 *(.isr_vector)
 .isr_vector    0x0000000008000000      0x18c CMakeFiles/QSPIFlash.elf.dir/startup/startup_stm32l431xx.s.obj
                0x0000000008000000                g_pfnVectors
                0x0000000008000190                . = ALIGN (0x8)
 *fill*         0x000000000800018c        0x4 

.text           0x0000000008000190     0x4708
                0x0000000008000190                . = ALIGN (0x8)
 *(.text)
 .text          0x0000000008000190       0x40 /Users/wualex/Documents/gcc-arm-none-eabi-9-2019-q4-major/bin/../lib/gcc/arm-none-eabi/9.2.1/thumb/v7e-m/nofp/crtbegin.o
 .text          0x00000000080001d0       0x30 /Users/wualex/Documents/gcc-arm-none-eabi-9-2019-q4-major/bin/../lib/gcc/arm-none-eabi/9.2.1/thumb/v7e-m/nofp/libgcc.a(_aeabi_uldivmod.o)
                0x00000000080001d0                __aeabi_uldivmod
 .text          0x0000000008000200      0x2c0 /Users/wualex/Documents/gcc-arm-none-eabi-9-2019-q4-major/bin/../lib/gcc/arm-none-eabi/9.2.1/thumb/v7e-m/nofp/libgcc.a(_udivmoddi4.o)
                0x0000000008000200                __udivmoddi4
 .text          0x00000000080004c0        0x4 /Users/wualex/Documents/gcc-arm-none-eabi-9-2019-q4-major/bin/../lib/gcc/arm-none-eabi/9.2.1/thumb/v7e-m/nofp/libgcc.a(_dvmd_tls.o)
                0x00000000080004c0                __aeabi_ldiv0
                0x00000000080004c0                __aeabi_idiv0
 *fill*         0x00000000080004c4        0xc 
 .text          0x00000000080004d0       0xa0 /Users/wualex/Documents/gcc-arm-none-eabi-9-2019-q4-major/bin/../lib/gcc/arm-none-eabi/9.2.1/../../../../arm-none-eabi/lib/thumb/v7e-m/nofp/libg_nano.a(lib_a-memchr.o)
                0x00000000080004d0                memchr
 *(.text*)
 .text.HAL_Init
                0x0000000008000570       0x30 CMakeFiles/QSPIFlash.elf.dir/Drivers/STM32L4xx_HAL_Driver/Src/stm32l4xx_hal.c.obj
                0x0000000008000570                HAL_Init
 .text.HAL_InitTick
                0x00000000080005a0       0x74 CMakeFiles/QSPIFlash.elf.dir/Drivers/STM32L4xx_HAL_Driver/Src/stm32l4xx_hal.c.obj
                0x00000000080005a0                HAL_InitTick
 .text.HAL_IncTick
                0x0000000008000614       0x24 CMakeFiles/QSPIFlash.elf.dir/Drivers/STM32L4xx_HAL_Driver/Src/stm32l4xx_hal.c.obj
                0x0000000008000614                HAL_IncTick
 .text.HAL_GetTick
                0x0000000008000638       0x14 CMakeFiles/QSPIFlash.elf.dir/Drivers/STM32L4xx_HAL_Driver/Src/stm32l4xx_hal.c.obj
                0x0000000008000638                HAL_GetTick
 .text.__NVIC_SetPriorityGrouping
                0x000000000800064c       0x48 CMakeFiles/QSPIFlash.elf.dir/Drivers/STM32L4xx_HAL_Driver/Src/stm32l4xx_hal_cortex.c.obj
 .text.__NVIC_GetPriorityGrouping
                0x0000000008000694       0x1c CMakeFiles/QSPIFlash.elf.dir/Drivers/STM32L4xx_HAL_Driver/Src/stm32l4xx_hal_cortex.c.obj
 .text.__NVIC_SetPriority
                0x00000000080006b0       0x54 CMakeFiles/QSPIFlash.elf.dir/Drivers/STM32L4xx_HAL_Driver/Src/stm32l4xx_hal_cortex.c.obj
 .text.NVIC_EncodePriority
                0x0000000008000704       0x64 CMakeFiles/QSPIFlash.elf.dir/Drivers/STM32L4xx_HAL_Driver/Src/stm32l4xx_hal_cortex.c.obj
 .text.SysTick_Config
                0x0000000008000768       0x44 CMakeFiles/QSPIFlash.elf.dir/Drivers/STM32L4xx_HAL_Driver/Src/stm32l4xx_hal_cortex.c.obj
 .text.HAL_NVIC_SetPriorityGrouping
                0x00000000080007ac       0x16 CMakeFiles/QSPIFlash.elf.dir/Drivers/STM32L4xx_HAL_Driver/Src/stm32l4xx_hal_cortex.c.obj
                0x00000000080007ac                HAL_NVIC_SetPriorityGrouping
 .text.HAL_NVIC_SetPriority
                0x00000000080007c2       0x38 CMakeFiles/QSPIFlash.elf.dir/Drivers/STM32L4xx_HAL_Driver/Src/stm32l4xx_hal_cortex.c.obj
                0x00000000080007c2                HAL_NVIC_SetPriority
 .text.HAL_SYSTICK_Config
                0x00000000080007fa       0x18 CMakeFiles/QSPIFlash.elf.dir/Drivers/STM32L4xx_HAL_Driver/Src/stm32l4xx_hal_cortex.c.obj
                0x00000000080007fa                HAL_SYSTICK_Config
 *fill*         0x0000000008000812        0x2 
 .text.HAL_GPIO_Init
                0x0000000008000814      0x2f4 CMakeFiles/QSPIFlash.elf.dir/Drivers/STM32L4xx_HAL_Driver/Src/stm32l4xx_hal_gpio.c.obj
                0x0000000008000814                HAL_GPIO_Init
 .text.HAL_PWREx_GetVoltageRange
                0x0000000008000b08       0x18 CMakeFiles/QSPIFlash.elf.dir/Drivers/STM32L4xx_HAL_Driver/Src/stm32l4xx_hal_pwr_ex.c.obj
                0x0000000008000b08                HAL_PWREx_GetVoltageRange
 .text.HAL_PWREx_ControlVoltageScaling
                0x0000000008000b20       0xa8 CMakeFiles/QSPIFlash.elf.dir/Drivers/STM32L4xx_HAL_Driver/Src/stm32l4xx_hal_pwr_ex.c.obj
                0x0000000008000b20                HAL_PWREx_ControlVoltageScaling
 .text.HAL_QSPI_Init
                0x0000000008000bc8      0x110 CMakeFiles/QSPIFlash.elf.dir/Drivers/STM32L4xx_HAL_Driver/Src/stm32l4xx_hal_qspi.c.obj
                0x0000000008000bc8                HAL_QSPI_Init
 .text.HAL_QSPI_Command
                0x0000000008000cd8       0xbc CMakeFiles/QSPIFlash.elf.dir/Drivers/STM32L4xx_HAL_Driver/Src/stm32l4xx_hal_qspi.c.obj
                0x0000000008000cd8                HAL_QSPI_Command
 .text.HAL_QSPI_Transmit
                0x0000000008000d94      0x124 CMakeFiles/QSPIFlash.elf.dir/Drivers/STM32L4xx_HAL_Driver/Src/stm32l4xx_hal_qspi.c.obj
                0x0000000008000d94                HAL_QSPI_Transmit
 .text.HAL_QSPI_Receive
                0x0000000008000eb8      0x13a CMakeFiles/QSPIFlash.elf.dir/Drivers/STM32L4xx_HAL_Driver/Src/stm32l4xx_hal_qspi.c.obj
                0x0000000008000eb8                HAL_QSPI_Receive
 .text.HAL_QSPI_SetTimeout
                0x0000000008000ff2       0x1a CMakeFiles/QSPIFlash.elf.dir/Drivers/STM32L4xx_HAL_Driver/Src/stm32l4xx_hal_qspi.c.obj
                0x0000000008000ff2                HAL_QSPI_SetTimeout
 .text.QSPI_WaitFlagStateUntilTimeout
                0x000000000800100c       0x6e CMakeFiles/QSPIFlash.elf.dir/Drivers/STM32L4xx_HAL_Driver/Src/stm32l4xx_hal_qspi.c.obj
 .text.QSPI_Config
                0x000000000800107a      0x30a CMakeFiles/QSPIFlash.elf.dir/Drivers/STM32L4xx_HAL_Driver/Src/stm32l4xx_hal_qspi.c.obj
 .text.HAL_RCC_OscConfig
                0x0000000008001384      0x7dc CMakeFiles/QSPIFlash.elf.dir/Drivers/STM32L4xx_HAL_Driver/Src/stm32l4xx_hal_rcc.c.obj
                0x0000000008001384                HAL_RCC_OscConfig
 .text.HAL_RCC_ClockConfig
                0x0000000008001b60      0x1c4 CMakeFiles/QSPIFlash.elf.dir/Drivers/STM32L4xx_HAL_Driver/Src/stm32l4xx_hal_rcc.c.obj
                0x0000000008001b60                HAL_RCC_ClockConfig
 .text.HAL_RCC_GetSysClockFreq
                0x0000000008001d24      0x114 CMakeFiles/QSPIFlash.elf.dir/Drivers/STM32L4xx_HAL_Driver/Src/stm32l4xx_hal_rcc.c.obj
                0x0000000008001d24                HAL_RCC_GetSysClockFreq
 .text.HAL_RCC_GetHCLKFreq
                0x0000000008001e38       0x14 CMakeFiles/QSPIFlash.elf.dir/Drivers/STM32L4xx_HAL_Driver/Src/stm32l4xx_hal_rcc.c.obj
                0x0000000008001e38                HAL_RCC_GetHCLKFreq
 .text.HAL_RCC_GetPCLK1Freq
                0x0000000008001e4c       0x2c CMakeFiles/QSPIFlash.elf.dir/Drivers/STM32L4xx_HAL_Driver/Src/stm32l4xx_hal_rcc.c.obj
                0x0000000008001e4c                HAL_RCC_GetPCLK1Freq
 .text.HAL_RCC_GetPCLK2Freq
                0x0000000008001e78       0x2c CMakeFiles/QSPIFlash.elf.dir/Drivers/STM32L4xx_HAL_Driver/Src/stm32l4xx_hal_rcc.c.obj
                0x0000000008001e78                HAL_RCC_GetPCLK2Freq
 .text.RCC_SetFlashLatencyFromMSIRange
                0x0000000008001ea4       0xc0 CMakeFiles/QSPIFlash.elf.dir/Drivers/STM32L4xx_HAL_Driver/Src/stm32l4xx_hal_rcc.c.obj
 .text.HAL_RCCEx_PeriphCLKConfig
                0x0000000008001f64      0x430 CMakeFiles/QSPIFlash.elf.dir/Drivers/STM32L4xx_HAL_Driver/Src/stm32l4xx_hal_rcc_ex.c.obj
                0x0000000008001f64                HAL_RCCEx_PeriphCLKConfig
 .text.RCCEx_PLLSAI1_Config
                0x0000000008002394      0x1e4 CMakeFiles/QSPIFlash.elf.dir/Drivers/STM32L4xx_HAL_Driver/Src/stm32l4xx_hal_rcc_ex.c.obj
 .text.HAL_UART_Init
                0x0000000008002578       0x9c CMakeFiles/QSPIFlash.elf.dir/Drivers/STM32L4xx_HAL_Driver/Src/stm32l4xx_hal_uart.c.obj
                0x0000000008002578                HAL_UART_Init
 .text.HAL_UART_Transmit
                0x0000000008002614      0x126 CMakeFiles/QSPIFlash.elf.dir/Drivers/STM32L4xx_HAL_Driver/Src/stm32l4xx_hal_uart.c.obj
                0x0000000008002614                HAL_UART_Transmit
 *fill*         0x000000000800273a        0x2 
 .text.UART_SetConfig
                0x000000000800273c      0x61c CMakeFiles/QSPIFlash.elf.dir/Drivers/STM32L4xx_HAL_Driver/Src/stm32l4xx_hal_uart.c.obj
                0x000000000800273c                UART_SetConfig
 .text.UART_AdvFeatureConfig
                0x0000000008002d58      0x142 CMakeFiles/QSPIFlash.elf.dir/Drivers/STM32L4xx_HAL_Driver/Src/stm32l4xx_hal_uart.c.obj
                0x0000000008002d58                UART_AdvFeatureConfig
 .text.UART_CheckIdleState
                0x0000000008002e9a       0x8a CMakeFiles/QSPIFlash.elf.dir/Drivers/STM32L4xx_HAL_Driver/Src/stm32l4xx_hal_uart.c.obj
                0x0000000008002e9a                UART_CheckIdleState
 .text.UART_WaitOnFlagUntilTimeout
                0x0000000008002f24       0x90 CMakeFiles/QSPIFlash.elf.dir/Drivers/STM32L4xx_HAL_Driver/Src/stm32l4xx_hal_uart.c.obj
                0x0000000008002f24                UART_WaitOnFlagUntilTimeout
 .text.QSPI_Send_Command
                0x0000000008002fb4       0x58 CMakeFiles/QSPIFlash.elf.dir/Src/SPI_Flash.c.obj
                0x0000000008002fb4                QSPI_Send_Command
 .text.QSPI_Transmit
                0x000000000800300c       0x30 CMakeFiles/QSPIFlash.elf.dir/Src/SPI_Flash.c.obj
                0x000000000800300c                QSPI_Transmit
 .text.QSPI_Receive
                0x000000000800303c       0x30 CMakeFiles/QSPIFlash.elf.dir/Src/SPI_Flash.c.obj
                0x000000000800303c                QSPI_Receive
 .text.W25QXX_ReadID
                0x000000000800306c       0x66 CMakeFiles/QSPIFlash.elf.dir/Src/SPI_Flash.c.obj
                0x000000000800306c                W25QXX_ReadID
 .text.W25QXX_Read
                0x00000000080030d2       0x40 CMakeFiles/QSPIFlash.elf.dir/Src/SPI_Flash.c.obj
                0x00000000080030d2                W25QXX_Read
 .text.W25QXX_ReadSR
                0x0000000008003112       0x5e CMakeFiles/QSPIFlash.elf.dir/Src/SPI_Flash.c.obj
                0x0000000008003112                W25QXX_ReadSR
 .text.W25QXX_Wait_Busy
                0x0000000008003170       0x1c CMakeFiles/QSPIFlash.elf.dir/Src/SPI_Flash.c.obj
                0x0000000008003170                W25QXX_Wait_Busy
 .text.W25QXX_Write_Enable
                0x000000000800318c       0x2a CMakeFiles/QSPIFlash.elf.dir/Src/SPI_Flash.c.obj
                0x000000000800318c                W25QXX_Write_Enable
 .text.W25QXX_Erase_Sector
                0x00000000080031b6       0x40 CMakeFiles/QSPIFlash.elf.dir/Src/SPI_Flash.c.obj
                0x00000000080031b6                W25QXX_Erase_Sector
 .text.W25QXX_Page_Program
                0x00000000080031f6       0x48 CMakeFiles/QSPIFlash.elf.dir/Src/SPI_Flash.c.obj
                0x00000000080031f6                W25QXX_Page_Program
 *fill*         0x000000000800323e        0x2 
 .text.MX_GPIO_Init
                0x0000000008003240       0x74 CMakeFiles/QSPIFlash.elf.dir/Src/gpio.c.obj
                0x0000000008003240                MX_GPIO_Init
 .text._write   0x00000000080032b4       0x2c CMakeFiles/QSPIFlash.elf.dir/Src/main.c.obj
                0x00000000080032b4                _write
 .text.main     0x00000000080032e0       0xc8 CMakeFiles/QSPIFlash.elf.dir/Src/main.c.obj
                0x00000000080032e0                main
 .text.SystemClock_Config
                0x00000000080033a8       0xd6 CMakeFiles/QSPIFlash.elf.dir/Src/main.c.obj
                0x00000000080033a8                SystemClock_Config
 .text.Error_Handler
                0x000000000800347e        0xc CMakeFiles/QSPIFlash.elf.dir/Src/main.c.obj
                0x000000000800347e                Error_Handler
 *fill*         0x000000000800348a        0x2 
 .text.MX_QUADSPI_Init
                0x000000000800348c       0x58 CMakeFiles/QSPIFlash.elf.dir/Src/quadspi.c.obj
                0x000000000800348c                MX_QUADSPI_Init
 .text.HAL_QSPI_MspInit
                0x00000000080034e4       0x88 CMakeFiles/QSPIFlash.elf.dir/Src/quadspi.c.obj
                0x00000000080034e4                HAL_QSPI_MspInit
 .text.HAL_MspInit
                0x000000000800356c       0x44 CMakeFiles/QSPIFlash.elf.dir/Src/stm32l4xx_hal_msp.c.obj
                0x000000000800356c                HAL_MspInit
 .text.NMI_Handler
                0x00000000080035b0        0xc CMakeFiles/QSPIFlash.elf.dir/Src/stm32l4xx_it.c.obj
                0x00000000080035b0                NMI_Handler
 .text.HardFault_Handler
                0x00000000080035bc        0x6 CMakeFiles/QSPIFlash.elf.dir/Src/stm32l4xx_it.c.obj
                0x00000000080035bc                HardFault_Handler
 .text.MemManage_Handler
                0x00000000080035c2        0x6 CMakeFiles/QSPIFlash.elf.dir/Src/stm32l4xx_it.c.obj
                0x00000000080035c2                MemManage_Handler
 .text.BusFault_Handler
                0x00000000080035c8        0x6 CMakeFiles/QSPIFlash.elf.dir/Src/stm32l4xx_it.c.obj
                0x00000000080035c8                BusFault_Handler
 .text.UsageFault_Handler
                0x00000000080035ce        0x6 CMakeFiles/QSPIFlash.elf.dir/Src/stm32l4xx_it.c.obj
                0x00000000080035ce                UsageFault_Handler
 .text.SVC_Handler
                0x00000000080035d4        0xc CMakeFiles/QSPIFlash.elf.dir/Src/stm32l4xx_it.c.obj
                0x00000000080035d4                SVC_Handler
 .text.DebugMon_Handler
                0x00000000080035e0        0xc CMakeFiles/QSPIFlash.elf.dir/Src/stm32l4xx_it.c.obj
                0x00000000080035e0                DebugMon_Handler
 .text.PendSV_Handler
                0x00000000080035ec        0xc CMakeFiles/QSPIFlash.elf.dir/Src/stm32l4xx_it.c.obj
                0x00000000080035ec                PendSV_Handler
 .text.SysTick_Handler
                0x00000000080035f8        0xc CMakeFiles/QSPIFlash.elf.dir/Src/stm32l4xx_it.c.obj
                0x00000000080035f8                SysTick_Handler
 .text._read    0x0000000008003604       0x3a CMakeFiles/QSPIFlash.elf.dir/Src/syscalls.c.obj
                0x0000000008003604                _read
 *fill*         0x000000000800363e        0x2 
 .text._sbrk    0x0000000008003640       0x58 CMakeFiles/QSPIFlash.elf.dir/Src/syscalls.c.obj
                0x0000000008003640                _sbrk
 .text._close   0x0000000008003698       0x16 CMakeFiles/QSPIFlash.elf.dir/Src/syscalls.c.obj
                0x0000000008003698                _close
 .text._fstat   0x00000000080036ae       0x1e CMakeFiles/QSPIFlash.elf.dir/Src/syscalls.c.obj
                0x00000000080036ae                _fstat
 .text._isatty  0x00000000080036cc       0x14 CMakeFiles/QSPIFlash.elf.dir/Src/syscalls.c.obj
                0x00000000080036cc                _isatty
 .text._lseek   0x00000000080036e0       0x18 CMakeFiles/QSPIFlash.elf.dir/Src/syscalls.c.obj
                0x00000000080036e0                _lseek
 .text.SystemInit
                0x00000000080036f8       0x58 CMakeFiles/QSPIFlash.elf.dir/Src/system_stm32l4xx.c.obj
                0x00000000080036f8                SystemInit
 .text.MX_USART1_UART_Init
                0x0000000008003750       0x60 CMakeFiles/QSPIFlash.elf.dir/Src/usart.c.obj
                0x0000000008003750                MX_USART1_UART_Init
 .text.HAL_UART_MspInit
                0x00000000080037b0       0x88 CMakeFiles/QSPIFlash.elf.dir/Src/usart.c.obj
                0x00000000080037b0                HAL_UART_MspInit
 .text.Reset_Handler
                0x0000000008003838       0x50 CMakeFiles/QSPIFlash.elf.dir/startup/startup_stm32l431xx.s.obj
                0x0000000008003838                Reset_Handler
 .text.Default_Handler
                0x0000000008003888        0x2 CMakeFiles/QSPIFlash.elf.dir/startup/startup_stm32l431xx.s.obj
                0x0000000008003888                TIM1_BRK_TIM15_IRQHandler
                0x0000000008003888                EXTI2_IRQHandler
                0x0000000008003888                TIM1_CC_IRQHandler
                0x0000000008003888                TSC_IRQHandler
                0x0000000008003888                TAMP_STAMP_IRQHandler
                0x0000000008003888                EXTI3_IRQHandler
                0x0000000008003888                LPTIM2_IRQHandler
                0x0000000008003888                I2C3_ER_IRQHandler
                0x0000000008003888                EXTI0_IRQHandler
                0x0000000008003888                I2C2_EV_IRQHandler
                0x0000000008003888                CAN1_RX0_IRQHandler
                0x0000000008003888                FPU_IRQHandler
                0x0000000008003888                TIM1_UP_TIM16_IRQHandler
                0x0000000008003888                SPI1_IRQHandler
                0x0000000008003888                TIM6_DAC_IRQHandler
                0x0000000008003888                DMA2_Channel2_IRQHandler
                0x0000000008003888                DMA1_Channel4_IRQHandler
                0x0000000008003888                ADC1_IRQHandler
                0x0000000008003888                USART3_IRQHandler
                0x0000000008003888                DMA1_Channel7_IRQHandler
                0x0000000008003888                CAN1_RX1_IRQHandler
                0x0000000008003888                DMA2_Channel1_IRQHandler
                0x0000000008003888                QUADSPI_IRQHandler
                0x0000000008003888                I2C1_EV_IRQHandler
                0x0000000008003888                DMA1_Channel6_IRQHandler
                0x0000000008003888                DMA2_Channel4_IRQHandler
                0x0000000008003888                RCC_IRQHandler
                0x0000000008003888                TIM1_TRG_COM_IRQHandler
                0x0000000008003888                DMA1_Channel1_IRQHandler
                0x0000000008003888                Default_Handler
                0x0000000008003888                DMA2_Channel7_IRQHandler
                0x0000000008003888                EXTI15_10_IRQHandler
                0x0000000008003888                TIM7_IRQHandler
                0x0000000008003888                SDMMC1_IRQHandler
                0x0000000008003888                I2C3_EV_IRQHandler
                0x0000000008003888                EXTI9_5_IRQHandler
                0x0000000008003888                RTC_WKUP_IRQHandler
                0x0000000008003888                PVD_PVM_IRQHandler
                0x0000000008003888                SPI2_IRQHandler
                0x0000000008003888                CAN1_TX_IRQHandler
                0x0000000008003888                DMA2_Channel5_IRQHandler
                0x0000000008003888                CRS_IRQHandler
                0x0000000008003888                DMA1_Channel5_IRQHandler
                0x0000000008003888                EXTI4_IRQHandler
                0x0000000008003888                RNG_IRQHandler
                0x0000000008003888                DMA1_Channel3_IRQHandler
                0x0000000008003888                COMP_IRQHandler
                0x0000000008003888                WWDG_IRQHandler
                0x0000000008003888                LPUART1_IRQHandler
                0x0000000008003888                DMA2_Channel6_IRQHandler
                0x0000000008003888                TIM2_IRQHandler
                0x0000000008003888                EXTI1_IRQHandler
                0x0000000008003888                USART2_IRQHandler
                0x0000000008003888                I2C2_ER_IRQHandler
                0x0000000008003888                DMA1_Channel2_IRQHandler
                0x0000000008003888                CAN1_SCE_IRQHandler
                0x0000000008003888                FLASH_IRQHandler
                0x0000000008003888                USART1_IRQHandler
                0x0000000008003888                SPI3_IRQHandler
                0x0000000008003888                I2C1_ER_IRQHandler
                0x0000000008003888                SWPMI1_IRQHandler
                0x0000000008003888                LPTIM1_IRQHandler
                0x0000000008003888                SAI1_IRQHandler
                0x0000000008003888                DMA2_Channel3_IRQHandler
                0x0000000008003888                RTC_Alarm_IRQHandler
 *fill*         0x000000000800388a        0x2 
 .text.__errno  0x000000000800388c        0xc /Users/wualex/Documents/gcc-arm-none-eabi-9-2019-q4-major/bin/../lib/gcc/arm-none-eabi/9.2.1/../../../../arm-none-eabi/lib/thumb/v7e-m/nofp/libg_nano.a(lib_a-errno.o)
                0x000000000800388c                __errno
 .text.__libc_init_array
                0x0000000008003898       0x48 /Users/wualex/Documents/gcc-arm-none-eabi-9-2019-q4-major/bin/../lib/gcc/arm-none-eabi/9.2.1/../../../../arm-none-eabi/lib/thumb/v7e-m/nofp/libg_nano.a(lib_a-init.o)
                0x0000000008003898                __libc_init_array
 .text.memset   0x00000000080038e0       0x10 /Users/wualex/Documents/gcc-arm-none-eabi-9-2019-q4-major/bin/../lib/gcc/arm-none-eabi/9.2.1/../../../../arm-none-eabi/lib/thumb/v7e-m/nofp/libg_nano.a(lib_a-memset.o)
                0x00000000080038e0                memset
 .text.printf   0x00000000080038f0       0x30 /Users/wualex/Documents/gcc-arm-none-eabi-9-2019-q4-major/bin/../lib/gcc/arm-none-eabi/9.2.1/../../../../arm-none-eabi/lib/thumb/v7e-m/nofp/libg_nano.a(lib_a-printf.o)
                0x00000000080038f0                printf
                0x00000000080038f0                iprintf
 .text._puts_r  0x0000000008003920       0xdc /Users/wualex/Documents/gcc-arm-none-eabi-9-2019-q4-major/bin/../lib/gcc/arm-none-eabi/9.2.1/../../../../arm-none-eabi/lib/thumb/v7e-m/nofp/libg_nano.a(lib_a-puts.o)
                0x0000000008003920                _puts_r
 .text.puts     0x00000000080039fc       0x10 /Users/wualex/Documents/gcc-arm-none-eabi-9-2019-q4-major/bin/../lib/gcc/arm-none-eabi/9.2.1/../../../../arm-none-eabi/lib/thumb/v7e-m/nofp/libg_nano.a(lib_a-puts.o)
                0x00000000080039fc                puts
 .text.__swbuf_r
                0x0000000008003a0c       0xa4 /Users/wualex/Documents/gcc-arm-none-eabi-9-2019-q4-major/bin/../lib/gcc/arm-none-eabi/9.2.1/../../../../arm-none-eabi/lib/thumb/v7e-m/nofp/libg_nano.a(lib_a-wbuf.o)
                0x0000000008003a0c                __swbuf_r
 .text.__swsetup_r
                0x0000000008003ab0       0xdc /Users/wualex/Documents/gcc-arm-none-eabi-9-2019-q4-major/bin/../lib/gcc/arm-none-eabi/9.2.1/../../../../arm-none-eabi/lib/thumb/v7e-m/nofp/libg_nano.a(lib_a-wsetup.o)
                0x0000000008003ab0                __swsetup_r
 .text.__sflush_r
                0x0000000008003b8c      0x10c /Users/wualex/Documents/gcc-arm-none-eabi-9-2019-q4-major/bin/../lib/gcc/arm-none-eabi/9.2.1/../../../../arm-none-eabi/lib/thumb/v7e-m/nofp/libg_nano.a(lib_a-fflush.o)
                0x0000000008003b8c                __sflush_r
 .text._fflush_r
                0x0000000008003c98       0x78 /Users/wualex/Documents/gcc-arm-none-eabi-9-2019-q4-major/bin/../lib/gcc/arm-none-eabi/9.2.1/../../../../arm-none-eabi/lib/thumb/v7e-m/nofp/libg_nano.a(lib_a-fflush.o)
                0x0000000008003c98                _fflush_r
 .text.std      0x0000000008003d10       0x48 /Users/wualex/Documents/gcc-arm-none-eabi-9-2019-q4-major/bin/../lib/gcc/arm-none-eabi/9.2.1/../../../../arm-none-eabi/lib/thumb/v7e-m/nofp/libg_nano.a(lib_a-findfp.o)
 .text._cleanup_r
                0x0000000008003d58        0xc /Users/wualex/Documents/gcc-arm-none-eabi-9-2019-q4-major/bin/../lib/gcc/arm-none-eabi/9.2.1/../../../../arm-none-eabi/lib/thumb/v7e-m/nofp/libg_nano.a(lib_a-findfp.o)
                0x0000000008003d58                _cleanup_r
 .text.__sfmoreglue
                0x0000000008003d64       0x2c /Users/wualex/Documents/gcc-arm-none-eabi-9-2019-q4-major/bin/../lib/gcc/arm-none-eabi/9.2.1/../../../../arm-none-eabi/lib/thumb/v7e-m/nofp/libg_nano.a(lib_a-findfp.o)
                0x0000000008003d64                __sfmoreglue
 .text.__sfp_lock_acquire
                0x0000000008003d90        0xc /Users/wualex/Documents/gcc-arm-none-eabi-9-2019-q4-major/bin/../lib/gcc/arm-none-eabi/9.2.1/../../../../arm-none-eabi/lib/thumb/v7e-m/nofp/libg_nano.a(lib_a-findfp.o)
                0x0000000008003d90                __sfp_lock_acquire
 .text.__sfp_lock_release
                0x0000000008003d9c        0xc /Users/wualex/Documents/gcc-arm-none-eabi-9-2019-q4-major/bin/../lib/gcc/arm-none-eabi/9.2.1/../../../../arm-none-eabi/lib/thumb/v7e-m/nofp/libg_nano.a(lib_a-findfp.o)
                0x0000000008003d9c                __sfp_lock_release
 .text.__sinit_lock_acquire
                0x0000000008003da8        0xc /Users/wualex/Documents/gcc-arm-none-eabi-9-2019-q4-major/bin/../lib/gcc/arm-none-eabi/9.2.1/../../../../arm-none-eabi/lib/thumb/v7e-m/nofp/libg_nano.a(lib_a-findfp.o)
                0x0000000008003da8                __sinit_lock_acquire
 .text.__sinit_lock_release
                0x0000000008003db4        0xc /Users/wualex/Documents/gcc-arm-none-eabi-9-2019-q4-major/bin/../lib/gcc/arm-none-eabi/9.2.1/../../../../arm-none-eabi/lib/thumb/v7e-m/nofp/libg_nano.a(lib_a-findfp.o)
                0x0000000008003db4                __sinit_lock_release
 .text.__sinit  0x0000000008003dc0       0x70 /Users/wualex/Documents/gcc-arm-none-eabi-9-2019-q4-major/bin/../lib/gcc/arm-none-eabi/9.2.1/../../../../arm-none-eabi/lib/thumb/v7e-m/nofp/libg_nano.a(lib_a-findfp.o)
                0x0000000008003dc0                __sinit
 .text.__sfp    0x0000000008003e30       0x8c /Users/wualex/Documents/gcc-arm-none-eabi-9-2019-q4-major/bin/../lib/gcc/arm-none-eabi/9.2.1/../../../../arm-none-eabi/lib/thumb/v7e-m/nofp/libg_nano.a(lib_a-findfp.o)
                0x0000000008003e30                __sfp
 .text._fwalk_reent
                0x0000000008003ebc       0x3e /Users/wualex/Documents/gcc-arm-none-eabi-9-2019-q4-major/bin/../lib/gcc/arm-none-eabi/9.2.1/../../../../arm-none-eabi/lib/thumb/v7e-m/nofp/libg_nano.a(lib_a-fwalk.o)
                0x0000000008003ebc                _fwalk_reent
 .text.__retarget_lock_init_recursive
                0x0000000008003efa        0x2 /Users/wualex/Documents/gcc-arm-none-eabi-9-2019-q4-major/bin/../lib/gcc/arm-none-eabi/9.2.1/../../../../arm-none-eabi/lib/thumb/v7e-m/nofp/libg_nano.a(lib_a-lock.o)
                0x0000000008003efa                __retarget_lock_init_recursive
 .text.__retarget_lock_acquire_recursive
                0x0000000008003efc        0x2 /Users/wualex/Documents/gcc-arm-none-eabi-9-2019-q4-major/bin/../lib/gcc/arm-none-eabi/9.2.1/../../../../arm-none-eabi/lib/thumb/v7e-m/nofp/libg_nano.a(lib_a-lock.o)
                0x0000000008003efc                __retarget_lock_acquire_recursive
 .text.__retarget_lock_release_recursive
                0x0000000008003efe        0x2 /Users/wualex/Documents/gcc-arm-none-eabi-9-2019-q4-major/bin/../lib/gcc/arm-none-eabi/9.2.1/../../../../arm-none-eabi/lib/thumb/v7e-m/nofp/libg_nano.a(lib_a-lock.o)
                0x0000000008003efe                __retarget_lock_release_recursive
 .text.__swhatbuf_r
                0x0000000008003f00       0x48 /Users/wualex/Documents/gcc-arm-none-eabi-9-2019-q4-major/bin/../lib/gcc/arm-none-eabi/9.2.1/../../../../arm-none-eabi/lib/thumb/v7e-m/nofp/libg_nano.a(lib_a-makebuf.o)
                0x0000000008003f00                __swhatbuf_r
 .text.__smakebuf_r
                0x0000000008003f48       0x80 /Users/wualex/Documents/gcc-arm-none-eabi-9-2019-q4-major/bin/../lib/gcc/arm-none-eabi/9.2.1/../../../../arm-none-eabi/lib/thumb/v7e-m/nofp/libg_nano.a(lib_a-makebuf.o)
                0x0000000008003f48                __smakebuf_r
 .text._free_r  0x0000000008003fc8       0x9c /Users/wualex/Documents/gcc-arm-none-eabi-9-2019-q4-major/bin/../lib/gcc/arm-none-eabi/9.2.1/../../../../arm-none-eabi/lib/thumb/v7e-m/nofp/libg_nano.a(lib_a-nano-freer.o)
                0x0000000008003fc8                _free_r
 .text._malloc_r
                0x0000000008004064       0xb4 /Users/wualex/Documents/gcc-arm-none-eabi-9-2019-q4-major/bin/../lib/gcc/arm-none-eabi/9.2.1/../../../../arm-none-eabi/lib/thumb/v7e-m/nofp/libg_nano.a(lib_a-nano-mallocr.o)
                0x0000000008004064                _malloc_r
 .text.__sfputc_r
                0x0000000008004118       0x2a /Users/wualex/Documents/gcc-arm-none-eabi-9-2019-q4-major/bin/../lib/gcc/arm-none-eabi/9.2.1/../../../../arm-none-eabi/lib/thumb/v7e-m/nofp/libg_nano.a(lib_a-nano-vfprintf.o)
 .text.__sfputs_r
                0x0000000008004142       0x24 /Users/wualex/Documents/gcc-arm-none-eabi-9-2019-q4-major/bin/../lib/gcc/arm-none-eabi/9.2.1/../../../../arm-none-eabi/lib/thumb/v7e-m/nofp/libg_nano.a(lib_a-nano-vfprintf.o)
                0x0000000008004142                __sfputs_r
 *fill*         0x0000000008004166        0x2 
 .text._vfprintf_r
                0x0000000008004168      0x260 /Users/wualex/Documents/gcc-arm-none-eabi-9-2019-q4-major/bin/../lib/gcc/arm-none-eabi/9.2.1/../../../../arm-none-eabi/lib/thumb/v7e-m/nofp/libg_nano.a(lib_a-nano-vfprintf.o)
                0x0000000008004168                _vfiprintf_r
                0x0000000008004168                _vfprintf_r
 .text._printf_common
                0x00000000080043c8       0xda /Users/wualex/Documents/gcc-arm-none-eabi-9-2019-q4-major/bin/../lib/gcc/arm-none-eabi/9.2.1/../../../../arm-none-eabi/lib/thumb/v7e-m/nofp/libg_nano.a(lib_a-nano-vfprintf_i.o)
                0x00000000080043c8                _printf_common
 *fill*         0x00000000080044a2        0x2 
 .text._printf_i
                0x00000000080044a4      0x24c /Users/wualex/Documents/gcc-arm-none-eabi-9-2019-q4-major/bin/../lib/gcc/arm-none-eabi/9.2.1/../../../../arm-none-eabi/lib/thumb/v7e-m/nofp/libg_nano.a(lib_a-nano-vfprintf_i.o)
                0x00000000080044a4                _printf_i
 .text._sbrk_r  0x00000000080046f0       0x20 /Users/wualex/Documents/gcc-arm-none-eabi-9-2019-q4-major/bin/../lib/gcc/arm-none-eabi/9.2.1/../../../../arm-none-eabi/lib/thumb/v7e-m/nofp/libg_nano.a(lib_a-sbrkr.o)
                0x00000000080046f0                _sbrk_r
 .text.__sread  0x0000000008004710       0x22 /Users/wualex/Documents/gcc-arm-none-eabi-9-2019-q4-major/bin/../lib/gcc/arm-none-eabi/9.2.1/../../../../arm-none-eabi/lib/thumb/v7e-m/nofp/libg_nano.a(lib_a-stdio.o)
                0x0000000008004710                __sread
 .text.__swrite
                0x0000000008004732       0x38 /Users/wualex/Documents/gcc-arm-none-eabi-9-2019-q4-major/bin/../lib/gcc/arm-none-eabi/9.2.1/../../../../arm-none-eabi/lib/thumb/v7e-m/nofp/libg_nano.a(lib_a-stdio.o)
                0x0000000008004732                __swrite
 .text.__sseek  0x000000000800476a       0x24 /Users/wualex/Documents/gcc-arm-none-eabi-9-2019-q4-major/bin/../lib/gcc/arm-none-eabi/9.2.1/../../../../arm-none-eabi/lib/thumb/v7e-m/nofp/libg_nano.a(lib_a-stdio.o)
                0x000000000800476a                __sseek
 .text.__sclose
                0x000000000800478e        0x8 /Users/wualex/Documents/gcc-arm-none-eabi-9-2019-q4-major/bin/../lib/gcc/arm-none-eabi/9.2.1/../../../../arm-none-eabi/lib/thumb/v7e-m/nofp/libg_nano.a(lib_a-stdio.o)
                0x000000000800478e                __sclose
 *fill*         0x0000000008004796        0x2 
 .text._write_r
                0x0000000008004798       0x24 /Users/wualex/Documents/gcc-arm-none-eabi-9-2019-q4-major/bin/../lib/gcc/arm-none-eabi/9.2.1/../../../../arm-none-eabi/lib/thumb/v7e-m/nofp/libg_nano.a(lib_a-writer.o)
                0x0000000008004798                _write_r
 .text._close_r
                0x00000000080047bc       0x20 /Users/wualex/Documents/gcc-arm-none-eabi-9-2019-q4-major/bin/../lib/gcc/arm-none-eabi/9.2.1/../../../../arm-none-eabi/lib/thumb/v7e-m/nofp/libg_nano.a(lib_a-closer.o)
                0x00000000080047bc                _close_r
 .text._fstat_r
                0x00000000080047dc       0x24 /Users/wualex/Documents/gcc-arm-none-eabi-9-2019-q4-major/bin/../lib/gcc/arm-none-eabi/9.2.1/../../../../arm-none-eabi/lib/thumb/v7e-m/nofp/libg_nano.a(lib_a-fstatr.o)
                0x00000000080047dc                _fstat_r
 .text._isatty_r
                0x0000000008004800       0x20 /Users/wualex/Documents/gcc-arm-none-eabi-9-2019-q4-major/bin/../lib/gcc/arm-none-eabi/9.2.1/../../../../arm-none-eabi/lib/thumb/v7e-m/nofp/libg_nano.a(lib_a-isattyr.o)
                0x0000000008004800                _isatty_r
 .text._lseek_r
                0x0000000008004820       0x24 /Users/wualex/Documents/gcc-arm-none-eabi-9-2019-q4-major/bin/../lib/gcc/arm-none-eabi/9.2.1/../../../../arm-none-eabi/lib/thumb/v7e-m/nofp/libg_nano.a(lib_a-lseekr.o)
                0x0000000008004820                _lseek_r
 .text.__malloc_lock
                0x0000000008004844        0xc /Users/wualex/Documents/gcc-arm-none-eabi-9-2019-q4-major/bin/../lib/gcc/arm-none-eabi/9.2.1/../../../../arm-none-eabi/lib/thumb/v7e-m/nofp/libg_nano.a(lib_a-mlock.o)
                0x0000000008004844                __malloc_lock
 .text.__malloc_unlock
                0x0000000008004850        0xc /Users/wualex/Documents/gcc-arm-none-eabi-9-2019-q4-major/bin/../lib/gcc/arm-none-eabi/9.2.1/../../../../arm-none-eabi/lib/thumb/v7e-m/nofp/libg_nano.a(lib_a-mlock.o)
                0x0000000008004850                __malloc_unlock
 .text._read_r  0x000000000800485c       0x24 /Users/wualex/Documents/gcc-arm-none-eabi-9-2019-q4-major/bin/../lib/gcc/arm-none-eabi/9.2.1/../../../../arm-none-eabi/lib/thumb/v7e-m/nofp/libg_nano.a(lib_a-readr.o)
                0x000000000800485c                _read_r
 *(.glue_7)
 .glue_7        0x0000000008004880        0x0 linker stubs
 *(.glue_7t)
 .glue_7t       0x0000000008004880        0x0 linker stubs
 *(.eh_frame)
 .eh_frame      0x0000000008004880        0x0 /Users/wualex/Documents/gcc-arm-none-eabi-9-2019-q4-major/bin/../lib/gcc/arm-none-eabi/9.2.1/thumb/v7e-m/nofp/crtbegin.o
 *(.init)
 .init          0x0000000008004880        0x4 /Users/wualex/Documents/gcc-arm-none-eabi-9-2019-q4-major/bin/../lib/gcc/arm-none-eabi/9.2.1/thumb/v7e-m/nofp/crti.o
                0x0000000008004880                _init
 .init          0x0000000008004884        0x8 /Users/wualex/Documents/gcc-arm-none-eabi-9-2019-q4-major/bin/../lib/gcc/arm-none-eabi/9.2.1/thumb/v7e-m/nofp/crtn.o
 *(.fini)
 .fini          0x000000000800488c        0x4 /Users/wualex/Documents/gcc-arm-none-eabi-9-2019-q4-major/bin/../lib/gcc/arm-none-eabi/9.2.1/thumb/v7e-m/nofp/crti.o
                0x000000000800488c                _fini
 .fini          0x0000000008004890        0x8 /Users/wualex/Documents/gcc-arm-none-eabi-9-2019-q4-major/bin/../lib/gcc/arm-none-eabi/9.2.1/thumb/v7e-m/nofp/crtn.o
                0x0000000008004898                . = ALIGN (0x8)
                0x0000000008004898                _etext = .

.vfp11_veneer   0x0000000008004898        0x0
 .vfp11_veneer  0x0000000008004898        0x0 linker stubs

.v4_bx          0x0000000008004898        0x0
 .v4_bx         0x0000000008004898        0x0 linker stubs

.iplt           0x0000000008004898        0x0
 .iplt          0x0000000008004898        0x0 /Users/wualex/Documents/gcc-arm-none-eabi-9-2019-q4-major/bin/../lib/gcc/arm-none-eabi/9.2.1/thumb/v7e-m/nofp/crtbegin.o

.rodata         0x0000000008004898      0x208
                0x0000000008004898                . = ALIGN (0x8)
 *(.rodata)
 .rodata        0x0000000008004898      0x125 CMakeFiles/QSPIFlash.elf.dir/Src/main.c.obj
 *(.rodata*)
 *fill*         0x00000000080049bd        0x3 
 .rodata.AHBPrescTable
                0x00000000080049c0       0x10 CMakeFiles/QSPIFlash.elf.dir/Src/system_stm32l4xx.c.obj
                0x00000000080049c0                AHBPrescTable
 .rodata.APBPrescTable
                0x00000000080049d0        0x8 CMakeFiles/QSPIFlash.elf.dir/Src/system_stm32l4xx.c.obj
                0x00000000080049d0                APBPrescTable
 .rodata.MSIRangeTable
                0x00000000080049d8       0x30 CMakeFiles/QSPIFlash.elf.dir/Src/system_stm32l4xx.c.obj
                0x00000000080049d8                MSIRangeTable
 .rodata._global_impure_ptr
                0x0000000008004a08        0x4 /Users/wualex/Documents/gcc-arm-none-eabi-9-2019-q4-major/bin/../lib/gcc/arm-none-eabi/9.2.1/../../../../arm-none-eabi/lib/thumb/v7e-m/nofp/libg_nano.a(lib_a-impure.o)
                0x0000000008004a08                _global_impure_ptr
 .rodata.__sf_fake_stderr
                0x0000000008004a0c       0x20 /Users/wualex/Documents/gcc-arm-none-eabi-9-2019-q4-major/bin/../lib/gcc/arm-none-eabi/9.2.1/../../../../arm-none-eabi/lib/thumb/v7e-m/nofp/libg_nano.a(lib_a-findfp.o)
                0x0000000008004a0c                __sf_fake_stderr
 .rodata.__sf_fake_stdin
                0x0000000008004a2c       0x20 /Users/wualex/Documents/gcc-arm-none-eabi-9-2019-q4-major/bin/../lib/gcc/arm-none-eabi/9.2.1/../../../../arm-none-eabi/lib/thumb/v7e-m/nofp/libg_nano.a(lib_a-findfp.o)
                0x0000000008004a2c                __sf_fake_stdin
 .rodata.__sf_fake_stdout
                0x0000000008004a4c       0x20 /Users/wualex/Documents/gcc-arm-none-eabi-9-2019-q4-major/bin/../lib/gcc/arm-none-eabi/9.2.1/../../../../arm-none-eabi/lib/thumb/v7e-m/nofp/libg_nano.a(lib_a-findfp.o)
                0x0000000008004a4c                __sf_fake_stdout
 .rodata._vfprintf_r.str1.1
                0x0000000008004a6c       0x11 /Users/wualex/Documents/gcc-arm-none-eabi-9-2019-q4-major/bin/../lib/gcc/arm-none-eabi/9.2.1/../../../../arm-none-eabi/lib/thumb/v7e-m/nofp/libg_nano.a(lib_a-nano-vfprintf.o)
 .rodata._printf_i.str1.1
                0x0000000008004a7d       0x22 /Users/wualex/Documents/gcc-arm-none-eabi-9-2019-q4-major/bin/../lib/gcc/arm-none-eabi/9.2.1/../../../../arm-none-eabi/lib/thumb/v7e-m/nofp/libg_nano.a(lib_a-nano-vfprintf_i.o)
                0x0000000008004aa0                . = ALIGN (0x8)
 *fill*         0x0000000008004a9f        0x1 

.ARM.extab      0x0000000008004aa0        0x0
                0x0000000008004aa0                . = ALIGN (0x8)
 *(.ARM.extab* .gnu.linkonce.armextab.*)
                0x0000000008004aa0                . = ALIGN (0x8)

.ARM            0x0000000008004aa0        0x8
                0x0000000008004aa0                . = ALIGN (0x8)
                0x0000000008004aa0                __exidx_start = .
 *(.ARM.exidx*)
 .ARM.exidx     0x0000000008004aa0        0x8 /Users/wualex/Documents/gcc-arm-none-eabi-9-2019-q4-major/bin/../lib/gcc/arm-none-eabi/9.2.1/thumb/v7e-m/nofp/libgcc.a(_udivmoddi4.o)
                0x0000000008004aa8                __exidx_end = .
                0x0000000008004aa8                . = ALIGN (0x8)

.rel.dyn        0x0000000008004aa8        0x0
 .rel.iplt      0x0000000008004aa8        0x0 /Users/wualex/Documents/gcc-arm-none-eabi-9-2019-q4-major/bin/../lib/gcc/arm-none-eabi/9.2.1/thumb/v7e-m/nofp/crtbegin.o

.preinit_array  0x0000000008004aa8        0x0
                0x0000000008004aa8                . = ALIGN (0x8)
                0x0000000008004aa8                PROVIDE (__preinit_array_start = .)
 *(.preinit_array*)
                0x0000000008004aa8                PROVIDE (__preinit_array_end = .)
                0x0000000008004aa8                . = ALIGN (0x8)

.init_array     0x0000000008004aa8        0x8
                0x0000000008004aa8                . = ALIGN (0x8)
                0x0000000008004aa8                PROVIDE (__init_array_start = .)
 *(SORT_BY_NAME(.init_array.*))
 *(.init_array*)
 .init_array    0x0000000008004aa8        0x4 /Users/wualex/Documents/gcc-arm-none-eabi-9-2019-q4-major/bin/../lib/gcc/arm-none-eabi/9.2.1/thumb/v7e-m/nofp/crtbegin.o
                0x0000000008004aac                PROVIDE (__init_array_end = .)
                0x0000000008004ab0                . = ALIGN (0x8)
 *fill*         0x0000000008004aac        0x4 

.fini_array     0x0000000008004ab0        0x8
                0x0000000008004ab0                . = ALIGN (0x8)
                [!provide]                        PROVIDE (__fini_array_start = .)
 *(SORT_BY_NAME(.fini_array.*))
 *(.fini_array*)
 .fini_array    0x0000000008004ab0        0x4 /Users/wualex/Documents/gcc-arm-none-eabi-9-2019-q4-major/bin/../lib/gcc/arm-none-eabi/9.2.1/thumb/v7e-m/nofp/crtbegin.o
                [!provide]                        PROVIDE (__fini_array_end = .)
                0x0000000008004ab8                . = ALIGN (0x8)
 *fill*         0x0000000008004ab4        0x4 
                0x0000000008004ab8                _sidata = LOADADDR (.data)

.data           0x0000000020000000       0x80 load address 0x0000000008004ab8
                0x0000000020000000                . = ALIGN (0x8)
                0x0000000020000000                _sdata = .
 *(.data)
 *(.data*)
 .data.uwTickPrio
                0x0000000020000000        0x4 CMakeFiles/QSPIFlash.elf.dir/Drivers/STM32L4xx_HAL_Driver/Src/stm32l4xx_hal.c.obj
                0x0000000020000000                uwTickPrio
 .data.uwTickFreq
                0x0000000020000004        0x4 CMakeFiles/QSPIFlash.elf.dir/Drivers/STM32L4xx_HAL_Driver/Src/stm32l4xx_hal.c.obj
                0x0000000020000004                uwTickFreq
 .data.dat      0x0000000020000008        0xf CMakeFiles/QSPIFlash.elf.dir/Src/main.c.obj
                0x0000000020000008                dat
 *fill*         0x0000000020000017        0x1 
 .data.SystemCoreClock
                0x0000000020000018        0x4 CMakeFiles/QSPIFlash.elf.dir/Src/system_stm32l4xx.c.obj
                0x0000000020000018                SystemCoreClock
 .data._impure_ptr
                0x000000002000001c        0x4 /Users/wualex/Documents/gcc-arm-none-eabi-9-2019-q4-major/bin/../lib/gcc/arm-none-eabi/9.2.1/../../../../arm-none-eabi/lib/thumb/v7e-m/nofp/libg_nano.a(lib_a-impure.o)
                0x000000002000001c                _impure_ptr
 .data.impure_data
                0x0000000020000020       0x60 /Users/wualex/Documents/gcc-arm-none-eabi-9-2019-q4-major/bin/../lib/gcc/arm-none-eabi/9.2.1/../../../../arm-none-eabi/lib/thumb/v7e-m/nofp/libg_nano.a(lib_a-impure.o)
                0x0000000020000080                . = ALIGN (0x8)
                0x0000000020000080                _edata = .

.igot.plt       0x0000000020000080        0x0 load address 0x0000000008004b38
 .igot.plt      0x0000000020000080        0x0 /Users/wualex/Documents/gcc-arm-none-eabi-9-2019-q4-major/bin/../lib/gcc/arm-none-eabi/9.2.1/thumb/v7e-m/nofp/crtbegin.o
                0x0000000020000080                . = ALIGN (0x4)

.bss            0x0000000020000080      0x118 load address 0x0000000008004b38
                0x0000000020000080                _sbss = .
                0x0000000020000080                __bss_start__ = _sbss
 *(.bss)
 .bss           0x0000000020000080       0x1c /Users/wualex/Documents/gcc-arm-none-eabi-9-2019-q4-major/bin/../lib/gcc/arm-none-eabi/9.2.1/thumb/v7e-m/nofp/crtbegin.o
 *(.bss*)
 .bss.uwTick    0x000000002000009c        0x4 CMakeFiles/QSPIFlash.elf.dir/Drivers/STM32L4xx_HAL_Driver/Src/stm32l4xx_hal.c.obj
                0x000000002000009c                uwTick
 .bss.read_buf  0x00000000200000a0        0xf CMakeFiles/QSPIFlash.elf.dir/Src/main.c.obj
                0x00000000200000a0                read_buf
 *fill*         0x00000000200000af        0x1 
 .bss.hqspi     0x00000000200000b0       0x4c CMakeFiles/QSPIFlash.elf.dir/Src/quadspi.c.obj
                0x00000000200000b0                hqspi
 .bss.heap_end.6018
                0x00000000200000fc        0x4 CMakeFiles/QSPIFlash.elf.dir/Src/syscalls.c.obj
 .bss.huart1    0x0000000020000100       0x80 CMakeFiles/QSPIFlash.elf.dir/Src/usart.c.obj
                0x0000000020000100                huart1
 .bss.__malloc_free_list
                0x0000000020000180        0x4 /Users/wualex/Documents/gcc-arm-none-eabi-9-2019-q4-major/bin/../lib/gcc/arm-none-eabi/9.2.1/../../../../arm-none-eabi/lib/thumb/v7e-m/nofp/libg_nano.a(lib_a-nano-mallocr.o)
                0x0000000020000180                __malloc_free_list
 .bss.__malloc_sbrk_start
                0x0000000020000184        0x4 /Users/wualex/Documents/gcc-arm-none-eabi-9-2019-q4-major/bin/../lib/gcc/arm-none-eabi/9.2.1/../../../../arm-none-eabi/lib/thumb/v7e-m/nofp/libg_nano.a(lib_a-nano-mallocr.o)
                0x0000000020000184                __malloc_sbrk_start
 *(COMMON)
 COMMON         0x0000000020000188        0x9 /Users/wualex/Documents/gcc-arm-none-eabi-9-2019-q4-major/bin/../lib/gcc/arm-none-eabi/9.2.1/../../../../arm-none-eabi/lib/thumb/v7e-m/nofp/libg_nano.a(lib_a-lock.o)
                0x0000000020000188                __lock___atexit_recursive_mutex
                0x0000000020000189                __lock___arc4random_mutex
                0x000000002000018a                __lock___env_recursive_mutex
                0x000000002000018b                __lock___sinit_recursive_mutex
                0x000000002000018c                __lock___malloc_recursive_mutex
                0x000000002000018d                __lock___at_quick_exit_mutex
                0x000000002000018e                __lock___dd_hash_mutex
                0x000000002000018f                __lock___tz_mutex
                0x0000000020000190                __lock___sfp_recursive_mutex
 *fill*         0x0000000020000191        0x3 
 COMMON         0x0000000020000194        0x4 /Users/wualex/Documents/gcc-arm-none-eabi-9-2019-q4-major/bin/../lib/gcc/arm-none-eabi/9.2.1/../../../../arm-none-eabi/lib/thumb/v7e-m/nofp/libg_nano.a(lib_a-reent.o)
                0x0000000020000194                errno
                0x0000000020000198                . = ALIGN (0x4)
                0x0000000020000198                _ebss = .
                0x0000000020000198                __bss_end__ = _ebss

._user_heap_stack
                0x0000000020000198      0x600 load address 0x0000000008004b38
                0x0000000020000198                . = ALIGN (0x8)
                0x0000000020000198                PROVIDE (end = .)
                [!provide]                        PROVIDE (_end = .)
                0x0000000020000398                . = (. + _Min_Heap_Size)
 *fill*         0x0000000020000198      0x200 
                0x0000000020000798                . = (. + _Min_Stack_Size)
 *fill*         0x0000000020000398      0x400 
                0x0000000020000798                . = ALIGN (0x8)

/DISCARD/
 libc.a(*)
 libm.a(*)
 libgcc.a(*)

.ARM.attributes
                0x0000000000000000       0x2a
 *(.ARM.attributes)
 .ARM.attributes
                0x0000000000000000       0x1e /Users/wualex/Documents/gcc-arm-none-eabi-9-2019-q4-major/bin/../lib/gcc/arm-none-eabi/9.2.1/thumb/v7e-m/nofp/crti.o
 .ARM.attributes
                0x000000000000001e       0x2e /Users/wualex/Documents/gcc-arm-none-eabi-9-2019-q4-major/bin/../lib/gcc/arm-none-eabi/9.2.1/thumb/v7e-m/nofp/crtbegin.o
 .ARM.attributes
                0x000000000000004c       0x2e CMakeFiles/QSPIFlash.elf.dir/Drivers/STM32L4xx_HAL_Driver/Src/stm32l4xx_hal.c.obj
 .ARM.attributes
                0x000000000000007a       0x2e CMakeFiles/QSPIFlash.elf.dir/Drivers/STM32L4xx_HAL_Driver/Src/stm32l4xx_hal_cortex.c.obj
 .ARM.attributes
                0x00000000000000a8       0x2e CMakeFiles/QSPIFlash.elf.dir/Drivers/STM32L4xx_HAL_Driver/Src/stm32l4xx_hal_gpio.c.obj
 .ARM.attributes
                0x00000000000000d6       0x2e CMakeFiles/QSPIFlash.elf.dir/Drivers/STM32L4xx_HAL_Driver/Src/stm32l4xx_hal_pwr_ex.c.obj
 .ARM.attributes
                0x0000000000000104       0x2e CMakeFiles/QSPIFlash.elf.dir/Drivers/STM32L4xx_HAL_Driver/Src/stm32l4xx_hal_qspi.c.obj
 .ARM.attributes
                0x0000000000000132       0x2e CMakeFiles/QSPIFlash.elf.dir/Drivers/STM32L4xx_HAL_Driver/Src/stm32l4xx_hal_rcc.c.obj
 .ARM.attributes
                0x0000000000000160       0x2e CMakeFiles/QSPIFlash.elf.dir/Drivers/STM32L4xx_HAL_Driver/Src/stm32l4xx_hal_rcc_ex.c.obj
 .ARM.attributes
                0x000000000000018e       0x2e CMakeFiles/QSPIFlash.elf.dir/Drivers/STM32L4xx_HAL_Driver/Src/stm32l4xx_hal_uart.c.obj
 .ARM.attributes
                0x00000000000001bc       0x2e CMakeFiles/QSPIFlash.elf.dir/Src/SPI_Flash.c.obj
 .ARM.attributes
                0x00000000000001ea       0x2e CMakeFiles/QSPIFlash.elf.dir/Src/gpio.c.obj
 .ARM.attributes
                0x0000000000000218       0x2e CMakeFiles/QSPIFlash.elf.dir/Src/main.c.obj
 .ARM.attributes
                0x0000000000000246       0x2e CMakeFiles/QSPIFlash.elf.dir/Src/quadspi.c.obj
 .ARM.attributes
                0x0000000000000274       0x2e CMakeFiles/QSPIFlash.elf.dir/Src/stm32l4xx_hal_msp.c.obj
 .ARM.attributes
                0x00000000000002a2       0x2e CMakeFiles/QSPIFlash.elf.dir/Src/stm32l4xx_it.c.obj
 .ARM.attributes
                0x00000000000002d0       0x2e CMakeFiles/QSPIFlash.elf.dir/Src/syscalls.c.obj
 .ARM.attributes
                0x00000000000002fe       0x2e CMakeFiles/QSPIFlash.elf.dir/Src/system_stm32l4xx.c.obj
 .ARM.attributes
                0x000000000000032c       0x2e CMakeFiles/QSPIFlash.elf.dir/Src/usart.c.obj
 .ARM.attributes
                0x000000000000035a       0x21 CMakeFiles/QSPIFlash.elf.dir/startup/startup_stm32l431xx.s.obj
 .ARM.attributes
                0x000000000000037b       0x1e /Users/wualex/Documents/gcc-arm-none-eabi-9-2019-q4-major/bin/../lib/gcc/arm-none-eabi/9.2.1/thumb/v7e-m/nofp/libgcc.a(_aeabi_uldivmod.o)
 .ARM.attributes
                0x0000000000000399       0x2e /Users/wualex/Documents/gcc-arm-none-eabi-9-2019-q4-major/bin/../lib/gcc/arm-none-eabi/9.2.1/thumb/v7e-m/nofp/libgcc.a(_udivmoddi4.o)
 .ARM.attributes
                0x00000000000003c7       0x1e /Users/wualex/Documents/gcc-arm-none-eabi-9-2019-q4-major/bin/../lib/gcc/arm-none-eabi/9.2.1/thumb/v7e-m/nofp/libgcc.a(_dvmd_tls.o)
 .ARM.attributes
                0x00000000000003e5       0x2e /Users/wualex/Documents/gcc-arm-none-eabi-9-2019-q4-major/bin/../lib/gcc/arm-none-eabi/9.2.1/../../../../arm-none-eabi/lib/thumb/v7e-m/nofp/libg_nano.a(lib_a-errno.o)
 .ARM.attributes
                0x0000000000000413       0x2e /Users/wualex/Documents/gcc-arm-none-eabi-9-2019-q4-major/bin/../lib/gcc/arm-none-eabi/9.2.1/../../../../arm-none-eabi/lib/thumb/v7e-m/nofp/libg_nano.a(lib_a-impure.o)
 .ARM.attributes
                0x0000000000000441       0x2e /Users/wualex/Documents/gcc-arm-none-eabi-9-2019-q4-major/bin/../lib/gcc/arm-none-eabi/9.2.1/../../../../arm-none-eabi/lib/thumb/v7e-m/nofp/libg_nano.a(lib_a-init.o)
 .ARM.attributes
                0x000000000000046f       0x2e /Users/wualex/Documents/gcc-arm-none-eabi-9-2019-q4-major/bin/../lib/gcc/arm-none-eabi/9.2.1/../../../../arm-none-eabi/lib/thumb/v7e-m/nofp/libg_nano.a(lib_a-memset.o)
 .ARM.attributes
                0x000000000000049d       0x2e /Users/wualex/Documents/gcc-arm-none-eabi-9-2019-q4-major/bin/../lib/gcc/arm-none-eabi/9.2.1/../../../../arm-none-eabi/lib/thumb/v7e-m/nofp/libg_nano.a(lib_a-printf.o)
 .ARM.attributes
                0x00000000000004cb       0x2e /Users/wualex/Documents/gcc-arm-none-eabi-9-2019-q4-major/bin/../lib/gcc/arm-none-eabi/9.2.1/../../../../arm-none-eabi/lib/thumb/v7e-m/nofp/libg_nano.a(lib_a-puts.o)
 .ARM.attributes
                0x00000000000004f9       0x2e /Users/wualex/Documents/gcc-arm-none-eabi-9-2019-q4-major/bin/../lib/gcc/arm-none-eabi/9.2.1/../../../../arm-none-eabi/lib/thumb/v7e-m/nofp/libg_nano.a(lib_a-wbuf.o)
 .ARM.attributes
                0x0000000000000527       0x2e /Users/wualex/Documents/gcc-arm-none-eabi-9-2019-q4-major/bin/../lib/gcc/arm-none-eabi/9.2.1/../../../../arm-none-eabi/lib/thumb/v7e-m/nofp/libg_nano.a(lib_a-wsetup.o)
 .ARM.attributes
                0x0000000000000555       0x2e /Users/wualex/Documents/gcc-arm-none-eabi-9-2019-q4-major/bin/../lib/gcc/arm-none-eabi/9.2.1/../../../../arm-none-eabi/lib/thumb/v7e-m/nofp/libg_nano.a(lib_a-fflush.o)
 .ARM.attributes
                0x0000000000000583       0x2e /Users/wualex/Documents/gcc-arm-none-eabi-9-2019-q4-major/bin/../lib/gcc/arm-none-eabi/9.2.1/../../../../arm-none-eabi/lib/thumb/v7e-m/nofp/libg_nano.a(lib_a-findfp.o)
 .ARM.attributes
                0x00000000000005b1       0x2e /Users/wualex/Documents/gcc-arm-none-eabi-9-2019-q4-major/bin/../lib/gcc/arm-none-eabi/9.2.1/../../../../arm-none-eabi/lib/thumb/v7e-m/nofp/libg_nano.a(lib_a-fwalk.o)
 .ARM.attributes
                0x00000000000005df       0x2e /Users/wualex/Documents/gcc-arm-none-eabi-9-2019-q4-major/bin/../lib/gcc/arm-none-eabi/9.2.1/../../../../arm-none-eabi/lib/thumb/v7e-m/nofp/libg_nano.a(lib_a-lock.o)
 .ARM.attributes
                0x000000000000060d       0x2e /Users/wualex/Documents/gcc-arm-none-eabi-9-2019-q4-major/bin/../lib/gcc/arm-none-eabi/9.2.1/../../../../arm-none-eabi/lib/thumb/v7e-m/nofp/libg_nano.a(lib_a-makebuf.o)
 .ARM.attributes
                0x000000000000063b       0x2e /Users/wualex/Documents/gcc-arm-none-eabi-9-2019-q4-major/bin/../lib/gcc/arm-none-eabi/9.2.1/../../../../arm-none-eabi/lib/thumb/v7e-m/nofp/libg_nano.a(lib_a-nano-freer.o)
 .ARM.attributes
                0x0000000000000669       0x2e /Users/wualex/Documents/gcc-arm-none-eabi-9-2019-q4-major/bin/../lib/gcc/arm-none-eabi/9.2.1/../../../../arm-none-eabi/lib/thumb/v7e-m/nofp/libg_nano.a(lib_a-nano-mallocr.o)
 .ARM.attributes
                0x0000000000000697       0x2e /Users/wualex/Documents/gcc-arm-none-eabi-9-2019-q4-major/bin/../lib/gcc/arm-none-eabi/9.2.1/../../../../arm-none-eabi/lib/thumb/v7e-m/nofp/libg_nano.a(lib_a-nano-vfprintf.o)
 .ARM.attributes
                0x00000000000006c5       0x2e /Users/wualex/Documents/gcc-arm-none-eabi-9-2019-q4-major/bin/../lib/gcc/arm-none-eabi/9.2.1/../../../../arm-none-eabi/lib/thumb/v7e-m/nofp/libg_nano.a(lib_a-nano-vfprintf_i.o)
 .ARM.attributes
                0x00000000000006f3       0x2e /Users/wualex/Documents/gcc-arm-none-eabi-9-2019-q4-major/bin/../lib/gcc/arm-none-eabi/9.2.1/../../../../arm-none-eabi/lib/thumb/v7e-m/nofp/libg_nano.a(lib_a-sbrkr.o)
 .ARM.attributes
                0x0000000000000721       0x2e /Users/wualex/Documents/gcc-arm-none-eabi-9-2019-q4-major/bin/../lib/gcc/arm-none-eabi/9.2.1/../../../../arm-none-eabi/lib/thumb/v7e-m/nofp/libg_nano.a(lib_a-stdio.o)
 .ARM.attributes
                0x000000000000074f       0x2e /Users/wualex/Documents/gcc-arm-none-eabi-9-2019-q4-major/bin/../lib/gcc/arm-none-eabi/9.2.1/../../../../arm-none-eabi/lib/thumb/v7e-m/nofp/libg_nano.a(lib_a-writer.o)
 .ARM.attributes
                0x000000000000077d       0x2e /Users/wualex/Documents/gcc-arm-none-eabi-9-2019-q4-major/bin/../lib/gcc/arm-none-eabi/9.2.1/../../../../arm-none-eabi/lib/thumb/v7e-m/nofp/libg_nano.a(lib_a-closer.o)
 .ARM.attributes
                0x00000000000007ab       0x2e /Users/wualex/Documents/gcc-arm-none-eabi-9-2019-q4-major/bin/../lib/gcc/arm-none-eabi/9.2.1/../../../../arm-none-eabi/lib/thumb/v7e-m/nofp/libg_nano.a(lib_a-fstatr.o)
 .ARM.attributes
                0x00000000000007d9       0x2e /Users/wualex/Documents/gcc-arm-none-eabi-9-2019-q4-major/bin/../lib/gcc/arm-none-eabi/9.2.1/../../../../arm-none-eabi/lib/thumb/v7e-m/nofp/libg_nano.a(lib_a-isattyr.o)
 .ARM.attributes
                0x0000000000000807       0x2e /Users/wualex/Documents/gcc-arm-none-eabi-9-2019-q4-major/bin/../lib/gcc/arm-none-eabi/9.2.1/../../../../arm-none-eabi/lib/thumb/v7e-m/nofp/libg_nano.a(lib_a-lseekr.o)
 .ARM.attributes
                0x0000000000000835       0x1c /Users/wualex/Documents/gcc-arm-none-eabi-9-2019-q4-major/bin/../lib/gcc/arm-none-eabi/9.2.1/../../../../arm-none-eabi/lib/thumb/v7e-m/nofp/libg_nano.a(lib_a-memchr.o)
 .ARM.attributes
                0x0000000000000851       0x2e /Users/wualex/Documents/gcc-arm-none-eabi-9-2019-q4-major/bin/../lib/gcc/arm-none-eabi/9.2.1/../../../../arm-none-eabi/lib/thumb/v7e-m/nofp/libg_nano.a(lib_a-mlock.o)
 .ARM.attributes
                0x000000000000087f       0x2e /Users/wualex/Documents/gcc-arm-none-eabi-9-2019-q4-major/bin/../lib/gcc/arm-none-eabi/9.2.1/../../../../arm-none-eabi/lib/thumb/v7e-m/nofp/libg_nano.a(lib_a-readr.o)
 .ARM.attributes
                0x00000000000008ad       0x2e /Users/wualex/Documents/gcc-arm-none-eabi-9-2019-q4-major/bin/../lib/gcc/arm-none-eabi/9.2.1/../../../../arm-none-eabi/lib/thumb/v7e-m/nofp/libg_nano.a(lib_a-reent.o)
 .ARM.attributes
                0x00000000000008db       0x1e /Users/wualex/Documents/gcc-arm-none-eabi-9-2019-q4-major/bin/../lib/gcc/arm-none-eabi/9.2.1/thumb/v7e-m/nofp/crtn.o
OUTPUT(QSPIFlash.elf elf32-littlearm)

.debug_info     0x0000000000000000     0xda4f
 .debug_info    0x0000000000000000      0xc13 CMakeFiles/QSPIFlash.elf.dir/Drivers/STM32L4xx_HAL_Driver/Src/stm32l4xx_hal.c.obj
 .debug_info    0x0000000000000c13      0xf8a CMakeFiles/QSPIFlash.elf.dir/Drivers/STM32L4xx_HAL_Driver/Src/stm32l4xx_hal_cortex.c.obj
 .debug_info    0x0000000000001b9d      0xa11 CMakeFiles/QSPIFlash.elf.dir/Drivers/STM32L4xx_HAL_Driver/Src/stm32l4xx_hal_gpio.c.obj
 .debug_info    0x00000000000025ae      0xab2 CMakeFiles/QSPIFlash.elf.dir/Drivers/STM32L4xx_HAL_Driver/Src/stm32l4xx_hal_pwr_ex.c.obj
 .debug_info    0x0000000000003060     0x1414 CMakeFiles/QSPIFlash.elf.dir/Drivers/STM32L4xx_HAL_Driver/Src/stm32l4xx_hal_qspi.c.obj
 .debug_info    0x0000000000004474      0xd77 CMakeFiles/QSPIFlash.elf.dir/Drivers/STM32L4xx_HAL_Driver/Src/stm32l4xx_hal_rcc.c.obj
 .debug_info    0x00000000000051eb     0x10e4 CMakeFiles/QSPIFlash.elf.dir/Drivers/STM32L4xx_HAL_Driver/Src/stm32l4xx_hal_rcc_ex.c.obj
 .debug_info    0x00000000000062cf     0x18e3 CMakeFiles/QSPIFlash.elf.dir/Drivers/STM32L4xx_HAL_Driver/Src/stm32l4xx_hal_uart.c.obj
 .debug_info    0x0000000000007bb2      0xab9 CMakeFiles/QSPIFlash.elf.dir/Src/SPI_Flash.c.obj
 .debug_info    0x000000000000866b      0x54f CMakeFiles/QSPIFlash.elf.dir/Src/gpio.c.obj
 .debug_info    0x0000000000008bba     0x1718 CMakeFiles/QSPIFlash.elf.dir/Src/main.c.obj
 .debug_info    0x000000000000a2d2      0xb67 CMakeFiles/QSPIFlash.elf.dir/Src/quadspi.c.obj
 .debug_info    0x000000000000ae39      0x515 CMakeFiles/QSPIFlash.elf.dir/Src/stm32l4xx_hal_msp.c.obj
 .debug_info    0x000000000000b34e      0x335 CMakeFiles/QSPIFlash.elf.dir/Src/stm32l4xx_it.c.obj
 .debug_info    0x000000000000b683     0x100f CMakeFiles/QSPIFlash.elf.dir/Src/syscalls.c.obj
 .debug_info    0x000000000000c692      0x764 CMakeFiles/QSPIFlash.elf.dir/Src/system_stm32l4xx.c.obj
 .debug_info    0x000000000000cdf6      0xc37 CMakeFiles/QSPIFlash.elf.dir/Src/usart.c.obj
 .debug_info    0x000000000000da2d       0x22 CMakeFiles/QSPIFlash.elf.dir/startup/startup_stm32l431xx.s.obj

.debug_abbrev   0x0000000000000000     0x21b7
 .debug_abbrev  0x0000000000000000      0x224 CMakeFiles/QSPIFlash.elf.dir/Drivers/STM32L4xx_HAL_Driver/Src/stm32l4xx_hal.c.obj
 .debug_abbrev  0x0000000000000224      0x339 CMakeFiles/QSPIFlash.elf.dir/Drivers/STM32L4xx_HAL_Driver/Src/stm32l4xx_hal_cortex.c.obj
 .debug_abbrev  0x000000000000055d      0x1e5 CMakeFiles/QSPIFlash.elf.dir/Drivers/STM32L4xx_HAL_Driver/Src/stm32l4xx_hal_gpio.c.obj
 .debug_abbrev  0x0000000000000742      0x1f0 CMakeFiles/QSPIFlash.elf.dir/Drivers/STM32L4xx_HAL_Driver/Src/stm32l4xx_hal_pwr_ex.c.obj
 .debug_abbrev  0x0000000000000932      0x248 CMakeFiles/QSPIFlash.elf.dir/Drivers/STM32L4xx_HAL_Driver/Src/stm32l4xx_hal_qspi.c.obj
 .debug_abbrev  0x0000000000000b7a      0x272 CMakeFiles/QSPIFlash.elf.dir/Drivers/STM32L4xx_HAL_Driver/Src/stm32l4xx_hal_rcc.c.obj
 .debug_abbrev  0x0000000000000dec      0x265 CMakeFiles/QSPIFlash.elf.dir/Drivers/STM32L4xx_HAL_Driver/Src/stm32l4xx_hal_rcc_ex.c.obj
 .debug_abbrev  0x0000000000001051      0x22c CMakeFiles/QSPIFlash.elf.dir/Drivers/STM32L4xx_HAL_Driver/Src/stm32l4xx_hal_uart.c.obj
 .debug_abbrev  0x000000000000127d      0x1e0 CMakeFiles/QSPIFlash.elf.dir/Src/SPI_Flash.c.obj
 .debug_abbrev  0x000000000000145d      0x13a CMakeFiles/QSPIFlash.elf.dir/Src/gpio.c.obj
 .debug_abbrev  0x0000000000001597      0x261 CMakeFiles/QSPIFlash.elf.dir/Src/main.c.obj
 .debug_abbrev  0x00000000000017f8      0x1b8 CMakeFiles/QSPIFlash.elf.dir/Src/quadspi.c.obj
 .debug_abbrev  0x00000000000019b0      0x13a CMakeFiles/QSPIFlash.elf.dir/Src/stm32l4xx_hal_msp.c.obj
 .debug_abbrev  0x0000000000001aea       0xef CMakeFiles/QSPIFlash.elf.dir/Src/stm32l4xx_it.c.obj
 .debug_abbrev  0x0000000000001bd9      0x2a9 CMakeFiles/QSPIFlash.elf.dir/Src/syscalls.c.obj
 .debug_abbrev  0x0000000000001e82      0x16b CMakeFiles/QSPIFlash.elf.dir/Src/system_stm32l4xx.c.obj
 .debug_abbrev  0x0000000000001fed      0x1b8 CMakeFiles/QSPIFlash.elf.dir/Src/usart.c.obj
 .debug_abbrev  0x00000000000021a5       0x12 CMakeFiles/QSPIFlash.elf.dir/startup/startup_stm32l431xx.s.obj

.debug_aranges  0x0000000000000000      0xb18
 .debug_aranges
                0x0000000000000000      0x130 CMakeFiles/QSPIFlash.elf.dir/Drivers/STM32L4xx_HAL_Driver/Src/stm32l4xx_hal.c.obj
 .debug_aranges
                0x0000000000000130      0x118 CMakeFiles/QSPIFlash.elf.dir/Drivers/STM32L4xx_HAL_Driver/Src/stm32l4xx_hal_cortex.c.obj
 .debug_aranges
                0x0000000000000248       0x58 CMakeFiles/QSPIFlash.elf.dir/Drivers/STM32L4xx_HAL_Driver/Src/stm32l4xx_hal_gpio.c.obj
 .debug_aranges
                0x00000000000002a0       0xf8 CMakeFiles/QSPIFlash.elf.dir/Drivers/STM32L4xx_HAL_Driver/Src/stm32l4xx_hal_pwr_ex.c.obj
 .debug_aranges
                0x0000000000000398      0x168 CMakeFiles/QSPIFlash.elf.dir/Drivers/STM32L4xx_HAL_Driver/Src/stm32l4xx_hal_qspi.c.obj
 .debug_aranges
                0x0000000000000500       0x88 CMakeFiles/QSPIFlash.elf.dir/Drivers/STM32L4xx_HAL_Driver/Src/stm32l4xx_hal_rcc.c.obj
 .debug_aranges
                0x0000000000000588       0xf0 CMakeFiles/QSPIFlash.elf.dir/Drivers/STM32L4xx_HAL_Driver/Src/stm32l4xx_hal_rcc_ex.c.obj
 .debug_aranges
                0x0000000000000678      0x1f8 CMakeFiles/QSPIFlash.elf.dir/Drivers/STM32L4xx_HAL_Driver/Src/stm32l4xx_hal_uart.c.obj
 .debug_aranges
                0x0000000000000870       0x70 CMakeFiles/QSPIFlash.elf.dir/Src/SPI_Flash.c.obj
 .debug_aranges
                0x00000000000008e0       0x20 CMakeFiles/QSPIFlash.elf.dir/Src/gpio.c.obj
 .debug_aranges
                0x0000000000000900       0x38 CMakeFiles/QSPIFlash.elf.dir/Src/main.c.obj
 .debug_aranges
                0x0000000000000938       0x30 CMakeFiles/QSPIFlash.elf.dir/Src/quadspi.c.obj
 .debug_aranges
                0x0000000000000968       0x20 CMakeFiles/QSPIFlash.elf.dir/Src/stm32l4xx_hal_msp.c.obj
 .debug_aranges
                0x0000000000000988       0x60 CMakeFiles/QSPIFlash.elf.dir/Src/stm32l4xx_it.c.obj
 .debug_aranges
                0x00000000000009e8       0xb0 CMakeFiles/QSPIFlash.elf.dir/Src/syscalls.c.obj
 .debug_aranges
                0x0000000000000a98       0x28 CMakeFiles/QSPIFlash.elf.dir/Src/system_stm32l4xx.c.obj
 .debug_aranges
                0x0000000000000ac0       0x30 CMakeFiles/QSPIFlash.elf.dir/Src/usart.c.obj
 .debug_aranges
                0x0000000000000af0       0x28 CMakeFiles/QSPIFlash.elf.dir/startup/startup_stm32l431xx.s.obj

.debug_ranges   0x0000000000000000      0xa00
 .debug_ranges  0x0000000000000000      0x120 CMakeFiles/QSPIFlash.elf.dir/Drivers/STM32L4xx_HAL_Driver/Src/stm32l4xx_hal.c.obj
 .debug_ranges  0x0000000000000120      0x108 CMakeFiles/QSPIFlash.elf.dir/Drivers/STM32L4xx_HAL_Driver/Src/stm32l4xx_hal_cortex.c.obj
 .debug_ranges  0x0000000000000228       0x48 CMakeFiles/QSPIFlash.elf.dir/Drivers/STM32L4xx_HAL_Driver/Src/stm32l4xx_hal_gpio.c.obj
 .debug_ranges  0x0000000000000270       0xe8 CMakeFiles/QSPIFlash.elf.dir/Drivers/STM32L4xx_HAL_Driver/Src/stm32l4xx_hal_pwr_ex.c.obj
 .debug_ranges  0x0000000000000358      0x158 CMakeFiles/QSPIFlash.elf.dir/Drivers/STM32L4xx_HAL_Driver/Src/stm32l4xx_hal_qspi.c.obj
 .debug_ranges  0x00000000000004b0       0x78 CMakeFiles/QSPIFlash.elf.dir/Drivers/STM32L4xx_HAL_Driver/Src/stm32l4xx_hal_rcc.c.obj
 .debug_ranges  0x0000000000000528       0xe0 CMakeFiles/QSPIFlash.elf.dir/Drivers/STM32L4xx_HAL_Driver/Src/stm32l4xx_hal_rcc_ex.c.obj
 .debug_ranges  0x0000000000000608      0x1e8 CMakeFiles/QSPIFlash.elf.dir/Drivers/STM32L4xx_HAL_Driver/Src/stm32l4xx_hal_uart.c.obj
 .debug_ranges  0x00000000000007f0       0x60 CMakeFiles/QSPIFlash.elf.dir/Src/SPI_Flash.c.obj
 .debug_ranges  0x0000000000000850       0x10 CMakeFiles/QSPIFlash.elf.dir/Src/gpio.c.obj
 .debug_ranges  0x0000000000000860       0x28 CMakeFiles/QSPIFlash.elf.dir/Src/main.c.obj
 .debug_ranges  0x0000000000000888       0x20 CMakeFiles/QSPIFlash.elf.dir/Src/quadspi.c.obj
 .debug_ranges  0x00000000000008a8       0x10 CMakeFiles/QSPIFlash.elf.dir/Src/stm32l4xx_hal_msp.c.obj
 .debug_ranges  0x00000000000008b8       0x50 CMakeFiles/QSPIFlash.elf.dir/Src/stm32l4xx_it.c.obj
 .debug_ranges  0x0000000000000908       0xa0 CMakeFiles/QSPIFlash.elf.dir/Src/syscalls.c.obj
 .debug_ranges  0x00000000000009a8       0x18 CMakeFiles/QSPIFlash.elf.dir/Src/system_stm32l4xx.c.obj
 .debug_ranges  0x00000000000009c0       0x20 CMakeFiles/QSPIFlash.elf.dir/Src/usart.c.obj
 .debug_ranges  0x00000000000009e0       0x20 CMakeFiles/QSPIFlash.elf.dir/startup/startup_stm32l431xx.s.obj

.debug_line     0x0000000000000000     0x7f53
 .debug_line    0x0000000000000000      0x68d CMakeFiles/QSPIFlash.elf.dir/Drivers/STM32L4xx_HAL_Driver/Src/stm32l4xx_hal.c.obj
 .debug_line    0x000000000000068d      0x878 CMakeFiles/QSPIFlash.elf.dir/Drivers/STM32L4xx_HAL_Driver/Src/stm32l4xx_hal_cortex.c.obj
 .debug_line    0x0000000000000f05      0x6d8 CMakeFiles/QSPIFlash.elf.dir/Drivers/STM32L4xx_HAL_Driver/Src/stm32l4xx_hal_gpio.c.obj
 .debug_line    0x00000000000015dd      0x6e3 CMakeFiles/QSPIFlash.elf.dir/Drivers/STM32L4xx_HAL_Driver/Src/stm32l4xx_hal_pwr_ex.c.obj
 .debug_line    0x0000000000001cc0     0x104a CMakeFiles/QSPIFlash.elf.dir/Drivers/STM32L4xx_HAL_Driver/Src/stm32l4xx_hal_qspi.c.obj
 .debug_line    0x0000000000002d0a      0xb2b CMakeFiles/QSPIFlash.elf.dir/Drivers/STM32L4xx_HAL_Driver/Src/stm32l4xx_hal_rcc.c.obj
 .debug_line    0x0000000000003835      0xf08 CMakeFiles/QSPIFlash.elf.dir/Drivers/STM32L4xx_HAL_Driver/Src/stm32l4xx_hal_rcc_ex.c.obj
 .debug_line    0x000000000000473d     0x16ff CMakeFiles/QSPIFlash.elf.dir/Drivers/STM32L4xx_HAL_Driver/Src/stm32l4xx_hal_uart.c.obj
 .debug_line    0x0000000000005e3c      0x477 CMakeFiles/QSPIFlash.elf.dir/Src/SPI_Flash.c.obj
 .debug_line    0x00000000000062b3      0x28f CMakeFiles/QSPIFlash.elf.dir/Src/gpio.c.obj
 .debug_line    0x0000000000006542      0x486 CMakeFiles/QSPIFlash.elf.dir/Src/main.c.obj
 .debug_line    0x00000000000069c8      0x37d CMakeFiles/QSPIFlash.elf.dir/Src/quadspi.c.obj
 .debug_line    0x0000000000006d45      0x29b CMakeFiles/QSPIFlash.elf.dir/Src/stm32l4xx_hal_msp.c.obj
 .debug_line    0x0000000000006fe0      0x334 CMakeFiles/QSPIFlash.elf.dir/Src/stm32l4xx_it.c.obj
 .debug_line    0x0000000000007314      0x4a6 CMakeFiles/QSPIFlash.elf.dir/Src/syscalls.c.obj
 .debug_line    0x00000000000077ba      0x379 CMakeFiles/QSPIFlash.elf.dir/Src/system_stm32l4xx.c.obj
 .debug_line    0x0000000000007b33      0x37c CMakeFiles/QSPIFlash.elf.dir/Src/usart.c.obj
 .debug_line    0x0000000000007eaf       0xa4 CMakeFiles/QSPIFlash.elf.dir/startup/startup_stm32l431xx.s.obj

.debug_str      0x0000000000000000     0x3e55
 .debug_str     0x0000000000000000      0xd04 CMakeFiles/QSPIFlash.elf.dir/Drivers/STM32L4xx_HAL_Driver/Src/stm32l4xx_hal.c.obj
                                        0xd98 (size before relaxing)
 .debug_str     0x0000000000000d04      0x50c CMakeFiles/QSPIFlash.elf.dir/Drivers/STM32L4xx_HAL_Driver/Src/stm32l4xx_hal_cortex.c.obj
                                        0xd85 (size before relaxing)
 .debug_str     0x0000000000001210      0x1fb CMakeFiles/QSPIFlash.elf.dir/Drivers/STM32L4xx_HAL_Driver/Src/stm32l4xx_hal_gpio.c.obj
                                        0x7ab (size before relaxing)
 .debug_str     0x000000000000140b      0x43c CMakeFiles/QSPIFlash.elf.dir/Drivers/STM32L4xx_HAL_Driver/Src/stm32l4xx_hal_pwr_ex.c.obj
                                        0x938 (size before relaxing)
 .debug_str     0x0000000000001847      0x8bb CMakeFiles/QSPIFlash.elf.dir/Drivers/STM32L4xx_HAL_Driver/Src/stm32l4xx_hal_qspi.c.obj
                                        0xd3f (size before relaxing)
 .debug_str     0x0000000000002102      0x3be CMakeFiles/QSPIFlash.elf.dir/Drivers/STM32L4xx_HAL_Driver/Src/stm32l4xx_hal_rcc.c.obj
                                        0xa11 (size before relaxing)
 .debug_str     0x00000000000024c0      0x657 CMakeFiles/QSPIFlash.elf.dir/Drivers/STM32L4xx_HAL_Driver/Src/stm32l4xx_hal_rcc_ex.c.obj
                                        0xd5a (size before relaxing)
 .debug_str     0x0000000000002b17      0x87a CMakeFiles/QSPIFlash.elf.dir/Drivers/STM32L4xx_HAL_Driver/Src/stm32l4xx_hal_uart.c.obj
                                       0x1042 (size before relaxing)
 .debug_str     0x0000000000003391      0x18e CMakeFiles/QSPIFlash.elf.dir/Src/SPI_Flash.c.obj
                                        0xa35 (size before relaxing)
 .debug_str     0x000000000000351f       0x41 CMakeFiles/QSPIFlash.elf.dir/Src/gpio.c.obj
                                        0x567 (size before relaxing)
 .debug_str     0x0000000000003560      0x422 CMakeFiles/QSPIFlash.elf.dir/Src/main.c.obj
                                       0x1120 (size before relaxing)
 .debug_str     0x0000000000003982       0x52 CMakeFiles/QSPIFlash.elf.dir/Src/quadspi.c.obj
                                        0x9e5 (size before relaxing)
 .debug_str     0x00000000000039d4       0x41 CMakeFiles/QSPIFlash.elf.dir/Src/stm32l4xx_hal_msp.c.obj
                                        0x573 (size before relaxing)
 .debug_str     0x0000000000003a15       0xcc CMakeFiles/QSPIFlash.elf.dir/Src/stm32l4xx_it.c.obj
                                        0x49f (size before relaxing)
 .debug_str     0x0000000000003ae1      0x26a CMakeFiles/QSPIFlash.elf.dir/Src/syscalls.c.obj
                                        0x89a (size before relaxing)
 .debug_str     0x0000000000003d4b       0x61 CMakeFiles/QSPIFlash.elf.dir/Src/system_stm32l4xx.c.obj
                                        0x5fe (size before relaxing)
 .debug_str     0x0000000000003dac       0x54 CMakeFiles/QSPIFlash.elf.dir/Src/usart.c.obj
                                        0x9cb (size before relaxing)
 .debug_str     0x0000000000003e00       0x55 CMakeFiles/QSPIFlash.elf.dir/startup/startup_stm32l431xx.s.obj
                                         0x90 (size before relaxing)

.comment        0x0000000000000000       0x79
 .comment       0x0000000000000000       0x79 CMakeFiles/QSPIFlash.elf.dir/Drivers/STM32L4xx_HAL_Driver/Src/stm32l4xx_hal.c.obj
                                         0x7a (size before relaxing)
 .comment       0x0000000000000079       0x7a CMakeFiles/QSPIFlash.elf.dir/Drivers/STM32L4xx_HAL_Driver/Src/stm32l4xx_hal_cortex.c.obj
 .comment       0x0000000000000079       0x7a CMakeFiles/QSPIFlash.elf.dir/Drivers/STM32L4xx_HAL_Driver/Src/stm32l4xx_hal_gpio.c.obj
 .comment       0x0000000000000079       0x7a CMakeFiles/QSPIFlash.elf.dir/Drivers/STM32L4xx_HAL_Driver/Src/stm32l4xx_hal_pwr_ex.c.obj
 .comment       0x0000000000000079       0x7a CMakeFiles/QSPIFlash.elf.dir/Drivers/STM32L4xx_HAL_Driver/Src/stm32l4xx_hal_qspi.c.obj
 .comment       0x0000000000000079       0x7a CMakeFiles/QSPIFlash.elf.dir/Drivers/STM32L4xx_HAL_Driver/Src/stm32l4xx_hal_rcc.c.obj
 .comment       0x0000000000000079       0x7a CMakeFiles/QSPIFlash.elf.dir/Drivers/STM32L4xx_HAL_Driver/Src/stm32l4xx_hal_rcc_ex.c.obj
 .comment       0x0000000000000079       0x7a CMakeFiles/QSPIFlash.elf.dir/Drivers/STM32L4xx_HAL_Driver/Src/stm32l4xx_hal_uart.c.obj
 .comment       0x0000000000000079       0x7a CMakeFiles/QSPIFlash.elf.dir/Src/SPI_Flash.c.obj
 .comment       0x0000000000000079       0x7a CMakeFiles/QSPIFlash.elf.dir/Src/gpio.c.obj
 .comment       0x0000000000000079       0x7a CMakeFiles/QSPIFlash.elf.dir/Src/main.c.obj
 .comment       0x0000000000000079       0x7a CMakeFiles/QSPIFlash.elf.dir/Src/quadspi.c.obj
 .comment       0x0000000000000079       0x7a CMakeFiles/QSPIFlash.elf.dir/Src/stm32l4xx_hal_msp.c.obj
 .comment       0x0000000000000079       0x7a CMakeFiles/QSPIFlash.elf.dir/Src/stm32l4xx_it.c.obj
 .comment       0x0000000000000079       0x7a CMakeFiles/QSPIFlash.elf.dir/Src/syscalls.c.obj
 .comment       0x0000000000000079       0x7a CMakeFiles/QSPIFlash.elf.dir/Src/system_stm32l4xx.c.obj
 .comment       0x0000000000000079       0x7a CMakeFiles/QSPIFlash.elf.dir/Src/usart.c.obj

.debug_frame    0x0000000000000000     0x340c
 .debug_frame   0x0000000000000000      0x498 CMakeFiles/QSPIFlash.elf.dir/Drivers/STM32L4xx_HAL_Driver/Src/stm32l4xx_hal.c.obj
 .debug_frame   0x0000000000000498      0x498 CMakeFiles/QSPIFlash.elf.dir/Drivers/STM32L4xx_HAL_Driver/Src/stm32l4xx_hal_cortex.c.obj
 .debug_frame   0x0000000000000930      0x14c CMakeFiles/QSPIFlash.elf.dir/Drivers/STM32L4xx_HAL_Driver/Src/stm32l4xx_hal_gpio.c.obj
 .debug_frame   0x0000000000000a7c      0x3e4 CMakeFiles/QSPIFlash.elf.dir/Drivers/STM32L4xx_HAL_Driver/Src/stm32l4xx_hal_pwr_ex.c.obj
 .debug_frame   0x0000000000000e60      0x680 CMakeFiles/QSPIFlash.elf.dir/Drivers/STM32L4xx_HAL_Driver/Src/stm32l4xx_hal_qspi.c.obj
 .debug_frame   0x00000000000014e0      0x1f4 CMakeFiles/QSPIFlash.elf.dir/Drivers/STM32L4xx_HAL_Driver/Src/stm32l4xx_hal_rcc.c.obj
 .debug_frame   0x00000000000016d4      0x3d0 CMakeFiles/QSPIFlash.elf.dir/Drivers/STM32L4xx_HAL_Driver/Src/stm32l4xx_hal_rcc_ex.c.obj
 .debug_frame   0x0000000000001aa4      0x904 CMakeFiles/QSPIFlash.elf.dir/Drivers/STM32L4xx_HAL_Driver/Src/stm32l4xx_hal_uart.c.obj
 .debug_frame   0x00000000000023a8      0x194 CMakeFiles/QSPIFlash.elf.dir/Src/SPI_Flash.c.obj
 .debug_frame   0x000000000000253c       0x38 CMakeFiles/QSPIFlash.elf.dir/Src/gpio.c.obj
 .debug_frame   0x0000000000002574       0x9c CMakeFiles/QSPIFlash.elf.dir/Src/main.c.obj
 .debug_frame   0x0000000000002610       0x74 CMakeFiles/QSPIFlash.elf.dir/Src/quadspi.c.obj
 .debug_frame   0x0000000000002684       0x38 CMakeFiles/QSPIFlash.elf.dir/Src/stm32l4xx_hal_msp.c.obj
 .debug_frame   0x00000000000026bc      0x10c CMakeFiles/QSPIFlash.elf.dir/Src/stm32l4xx_it.c.obj
 .debug_frame   0x00000000000027c8      0x2d0 CMakeFiles/QSPIFlash.elf.dir/Src/syscalls.c.obj
 .debug_frame   0x0000000000002a98       0x58 CMakeFiles/QSPIFlash.elf.dir/Src/system_stm32l4xx.c.obj
 .debug_frame   0x0000000000002af0       0x74 CMakeFiles/QSPIFlash.elf.dir/Src/usart.c.obj
 .debug_frame   0x0000000000002b64       0x2c /Users/wualex/Documents/gcc-arm-none-eabi-9-2019-q4-major/bin/../lib/gcc/arm-none-eabi/9.2.1/thumb/v7e-m/nofp/libgcc.a(_aeabi_uldivmod.o)
 .debug_frame   0x0000000000002b90       0x34 /Users/wualex/Documents/gcc-arm-none-eabi-9-2019-q4-major/bin/../lib/gcc/arm-none-eabi/9.2.1/thumb/v7e-m/nofp/libgcc.a(_udivmoddi4.o)
 .debug_frame   0x0000000000002bc4       0x20 /Users/wualex/Documents/gcc-arm-none-eabi-9-2019-q4-major/bin/../lib/gcc/arm-none-eabi/9.2.1/../../../../arm-none-eabi/lib/thumb/v7e-m/nofp/libg_nano.a(lib_a-errno.o)
 .debug_frame   0x0000000000002be4       0x2c /Users/wualex/Documents/gcc-arm-none-eabi-9-2019-q4-major/bin/../lib/gcc/arm-none-eabi/9.2.1/../../../../arm-none-eabi/lib/thumb/v7e-m/nofp/libg_nano.a(lib_a-init.o)
 .debug_frame   0x0000000000002c10       0x20 /Users/wualex/Documents/gcc-arm-none-eabi-9-2019-q4-major/bin/../lib/gcc/arm-none-eabi/9.2.1/../../../../arm-none-eabi/lib/thumb/v7e-m/nofp/libg_nano.a(lib_a-memset.o)
 .debug_frame   0x0000000000002c30       0x74 /Users/wualex/Documents/gcc-arm-none-eabi-9-2019-q4-major/bin/../lib/gcc/arm-none-eabi/9.2.1/../../../../arm-none-eabi/lib/thumb/v7e-m/nofp/libg_nano.a(lib_a-printf.o)
 .debug_frame   0x0000000000002ca4       0x3c /Users/wualex/Documents/gcc-arm-none-eabi-9-2019-q4-major/bin/../lib/gcc/arm-none-eabi/9.2.1/../../../../arm-none-eabi/lib/thumb/v7e-m/nofp/libg_nano.a(lib_a-puts.o)
 .debug_frame   0x0000000000002ce0       0x40 /Users/wualex/Documents/gcc-arm-none-eabi-9-2019-q4-major/bin/../lib/gcc/arm-none-eabi/9.2.1/../../../../arm-none-eabi/lib/thumb/v7e-m/nofp/libg_nano.a(lib_a-wbuf.o)
 .debug_frame   0x0000000000002d20       0x2c /Users/wualex/Documents/gcc-arm-none-eabi-9-2019-q4-major/bin/../lib/gcc/arm-none-eabi/9.2.1/../../../../arm-none-eabi/lib/thumb/v7e-m/nofp/libg_nano.a(lib_a-wsetup.o)
 .debug_frame   0x0000000000002d4c       0x5c /Users/wualex/Documents/gcc-arm-none-eabi-9-2019-q4-major/bin/../lib/gcc/arm-none-eabi/9.2.1/../../../../arm-none-eabi/lib/thumb/v7e-m/nofp/libg_nano.a(lib_a-fflush.o)
 .debug_frame   0x0000000000002da8      0x14c /Users/wualex/Documents/gcc-arm-none-eabi-9-2019-q4-major/bin/../lib/gcc/arm-none-eabi/9.2.1/../../../../arm-none-eabi/lib/thumb/v7e-m/nofp/libg_nano.a(lib_a-findfp.o)
 .debug_frame   0x0000000000002ef4       0x54 /Users/wualex/Documents/gcc-arm-none-eabi-9-2019-q4-major/bin/../lib/gcc/arm-none-eabi/9.2.1/../../../../arm-none-eabi/lib/thumb/v7e-m/nofp/libg_nano.a(lib_a-fwalk.o)
 .debug_frame   0x0000000000002f48       0xb0 /Users/wualex/Documents/gcc-arm-none-eabi-9-2019-q4-major/bin/../lib/gcc/arm-none-eabi/9.2.1/../../../../arm-none-eabi/lib/thumb/v7e-m/nofp/libg_nano.a(lib_a-lock.o)
 .debug_frame   0x0000000000002ff8       0x58 /Users/wualex/Documents/gcc-arm-none-eabi-9-2019-q4-major/bin/../lib/gcc/arm-none-eabi/9.2.1/../../../../arm-none-eabi/lib/thumb/v7e-m/nofp/libg_nano.a(lib_a-makebuf.o)
 .debug_frame   0x0000000000003050       0x38 /Users/wualex/Documents/gcc-arm-none-eabi-9-2019-q4-major/bin/../lib/gcc/arm-none-eabi/9.2.1/../../../../arm-none-eabi/lib/thumb/v7e-m/nofp/libg_nano.a(lib_a-nano-freer.o)
 .debug_frame   0x0000000000003088       0x30 /Users/wualex/Documents/gcc-arm-none-eabi-9-2019-q4-major/bin/../lib/gcc/arm-none-eabi/9.2.1/../../../../arm-none-eabi/lib/thumb/v7e-m/nofp/libg_nano.a(lib_a-nano-mallocr.o)
 .debug_frame   0x00000000000030b8       0xac /Users/wualex/Documents/gcc-arm-none-eabi-9-2019-q4-major/bin/../lib/gcc/arm-none-eabi/9.2.1/../../../../arm-none-eabi/lib/thumb/v7e-m/nofp/libg_nano.a(lib_a-nano-vfprintf.o)
 .debug_frame   0x0000000000003164       0x60 /Users/wualex/Documents/gcc-arm-none-eabi-9-2019-q4-major/bin/../lib/gcc/arm-none-eabi/9.2.1/../../../../arm-none-eabi/lib/thumb/v7e-m/nofp/libg_nano.a(lib_a-nano-vfprintf_i.o)
 .debug_frame   0x00000000000031c4       0x2c /Users/wualex/Documents/gcc-arm-none-eabi-9-2019-q4-major/bin/../lib/gcc/arm-none-eabi/9.2.1/../../../../arm-none-eabi/lib/thumb/v7e-m/nofp/libg_nano.a(lib_a-sbrkr.o)
 .debug_frame   0x00000000000031f0       0x88 /Users/wualex/Documents/gcc-arm-none-eabi-9-2019-q4-major/bin/../lib/gcc/arm-none-eabi/9.2.1/../../../../arm-none-eabi/lib/thumb/v7e-m/nofp/libg_nano.a(lib_a-stdio.o)
 .debug_frame   0x0000000000003278       0x2c /Users/wualex/Documents/gcc-arm-none-eabi-9-2019-q4-major/bin/../lib/gcc/arm-none-eabi/9.2.1/../../../../arm-none-eabi/lib/thumb/v7e-m/nofp/libg_nano.a(lib_a-writer.o)
 .debug_frame   0x00000000000032a4       0x2c /Users/wualex/Documents/gcc-arm-none-eabi-9-2019-q4-major/bin/../lib/gcc/arm-none-eabi/9.2.1/../../../../arm-none-eabi/lib/thumb/v7e-m/nofp/libg_nano.a(lib_a-closer.o)
 .debug_frame   0x00000000000032d0       0x2c /Users/wualex/Documents/gcc-arm-none-eabi-9-2019-q4-major/bin/../lib/gcc/arm-none-eabi/9.2.1/../../../../arm-none-eabi/lib/thumb/v7e-m/nofp/libg_nano.a(lib_a-fstatr.o)
 .debug_frame   0x00000000000032fc       0x2c /Users/wualex/Documents/gcc-arm-none-eabi-9-2019-q4-major/bin/../lib/gcc/arm-none-eabi/9.2.1/../../../../arm-none-eabi/lib/thumb/v7e-m/nofp/libg_nano.a(lib_a-isattyr.o)
 .debug_frame   0x0000000000003328       0x2c /Users/wualex/Documents/gcc-arm-none-eabi-9-2019-q4-major/bin/../lib/gcc/arm-none-eabi/9.2.1/../../../../arm-none-eabi/lib/thumb/v7e-m/nofp/libg_nano.a(lib_a-lseekr.o)
 .debug_frame   0x0000000000003354       0x30 /Users/wualex/Documents/gcc-arm-none-eabi-9-2019-q4-major/bin/../lib/gcc/arm-none-eabi/9.2.1/../../../../arm-none-eabi/lib/thumb/v7e-m/nofp/libg_nano.a(lib_a-mlock.o)
 .debug_frame   0x0000000000003384       0x2c /Users/wualex/Documents/gcc-arm-none-eabi-9-2019-q4-major/bin/../lib/gcc/arm-none-eabi/9.2.1/../../../../arm-none-eabi/lib/thumb/v7e-m/nofp/libg_nano.a(lib_a-readr.o)
 .debug_frame   0x00000000000033b0       0x5c /Users/wualex/Documents/gcc-arm-none-eabi-9-2019-q4-major/bin/../lib/gcc/arm-none-eabi/9.2.1/../../../../arm-none-eabi/lib/thumb/v7e-m/nofp/libg_nano.a(lib_a-reent.o)
